Archive member included to satisfy reference by file (symbol)

C:/ABOV/eMStudio32/bin/13.2 Rel1/bin/../lib/gcc/arm-none-eabi/13.2.1/thumb/v7e-m/nofp\libgcc.a(_arm_muldf3.o)
                              ./Main/Libraries/LISDE12TR/lis2de12.o (__aeabi_dmul)
C:/ABOV/eMStudio32/bin/13.2 Rel1/bin/../lib/gcc/arm-none-eabi/13.2.1/thumb/v7e-m/nofp\libgcc.a(_arm_mulsf3.o)
                              ./Main/Libraries/LISDE12TR/LIS2DE12_app.o (__aeabi_fmul)
C:/ABOV/eMStudio32/bin/13.2 Rel1/bin/../lib/gcc/arm-none-eabi/13.2.1/thumb/v7e-m/nofp\libgcc.a(_arm_addsubdf3.o)
                              ./Main/Libraries/LISDE12TR/lis2de12.o (__aeabi_dadd)
C:/ABOV/eMStudio32/bin/13.2 Rel1/bin/../lib/gcc/arm-none-eabi/13.2.1/thumb/v7e-m/nofp\libgcc.a(_arm_fixunsdfsi.o)
                              ./Main/Libraries/LISDE12TR/lis2de12.o (__aeabi_d2uiz)
C:/ABOV/eMStudio32/bin/13.2 Rel1/bin/../lib/gcc/arm-none-eabi/13.2.1/thumb/v7e-m/nofp\libgcc.a(_arm_addsubsf3.o)
                              ./Main/Libraries/LISDE12TR/lis2de12.o (__aeabi_fadd)
C:/ABOV/eMStudio32/bin/13.2 Rel1/bin/../lib/gcc/arm-none-eabi/13.2.1/thumb/v7e-m/nofp\libgcc.a(_arm_fixsfsi.o)
                              ./Main/Libraries/LISDE12TR/LIS2DE12_app.o (__aeabi_f2iz)
C:/ABOV/eMStudio32/bin/13.2 Rel1/bin/../lib/gcc/arm-none-eabi/13.2.1/thumb/v7e-m/nofp\libgcc.a(_aeabi_uldivmod.o)
                              ./Main/Libraries/Sensor/sensor.o (__aeabi_uldivmod)
C:/ABOV/eMStudio32/bin/13.2 Rel1/bin/../lib/gcc/arm-none-eabi/13.2.1/thumb/v7e-m/nofp\libgcc.a(_udivmoddi4.o)
                              C:/ABOV/eMStudio32/bin/13.2 Rel1/bin/../lib/gcc/arm-none-eabi/13.2.1/thumb/v7e-m/nofp\libgcc.a(_aeabi_uldivmod.o) (__udivmoddi4)
C:/ABOV/eMStudio32/bin/13.2 Rel1/bin/../lib/gcc/arm-none-eabi/13.2.1/thumb/v7e-m/nofp\libgcc.a(_dvmd_tls.o)
                              C:/ABOV/eMStudio32/bin/13.2 Rel1/bin/../lib/gcc/arm-none-eabi/13.2.1/thumb/v7e-m/nofp\libgcc.a(_aeabi_uldivmod.o) (__aeabi_ldiv0)
C:/ABOV/eMStudio32/bin/13.2 Rel1/bin/../lib/gcc/arm-none-eabi/13.2.1/thumb/v7e-m/nofp\libg_nano.a(libc_a-atoi.o)
                              ./Debug/Source/debug_cmd.o (atoi)
C:/ABOV/eMStudio32/bin/13.2 Rel1/bin/../lib/gcc/arm-none-eabi/13.2.1/thumb/v7e-m/nofp\libg_nano.a(libc_a-exit.o)
                              C:/ABOV/eMStudio32/bin/13.2 Rel1/bin/../lib/gcc/arm-none-eabi/13.2.1/thumb/v7e-m/nofp/crt0.o (exit)
C:/ABOV/eMStudio32/bin/13.2 Rel1/bin/../lib/gcc/arm-none-eabi/13.2.1/thumb/v7e-m/nofp\libg_nano.a(libc_a-strtol.o)
                              C:/ABOV/eMStudio32/bin/13.2 Rel1/bin/../lib/gcc/arm-none-eabi/13.2.1/thumb/v7e-m/nofp\libg_nano.a(libc_a-atoi.o) (_strtol_r)
C:/ABOV/eMStudio32/bin/13.2 Rel1/bin/../lib/gcc/arm-none-eabi/13.2.1/thumb/v7e-m/nofp\libg_nano.a(libc_a-strtoll.o)
                              ./Debug/Source/debug_cmd.o (strtoll)
C:/ABOV/eMStudio32/bin/13.2 Rel1/bin/../lib/gcc/arm-none-eabi/13.2.1/thumb/v7e-m/nofp\libg_nano.a(libc_a-ctype_.o)
                              ./Main/Libraries/MQTT_Library/mqtt_core.o (_ctype_)
C:/ABOV/eMStudio32/bin/13.2 Rel1/bin/../lib/gcc/arm-none-eabi/13.2.1/thumb/v7e-m/nofp\libg_nano.a(libc_a-findfp.o)
                              C:/ABOV/eMStudio32/bin/13.2 Rel1/bin/../lib/gcc/arm-none-eabi/13.2.1/thumb/v7e-m/nofp\libg_nano.a(libc_a-exit.o) (__stdio_exit_handler)
C:/ABOV/eMStudio32/bin/13.2 Rel1/bin/../lib/gcc/arm-none-eabi/13.2.1/thumb/v7e-m/nofp\libg_nano.a(libc_a-fwalk.o)
                              C:/ABOV/eMStudio32/bin/13.2 Rel1/bin/../lib/gcc/arm-none-eabi/13.2.1/thumb/v7e-m/nofp\libg_nano.a(libc_a-findfp.o) (_fwalk_sglue)
C:/ABOV/eMStudio32/bin/13.2 Rel1/bin/../lib/gcc/arm-none-eabi/13.2.1/thumb/v7e-m/nofp\libg_nano.a(libc_a-printf.o)
                              ./Debug/Source/debug_log.o (printf)
C:/ABOV/eMStudio32/bin/13.2 Rel1/bin/../lib/gcc/arm-none-eabi/13.2.1/thumb/v7e-m/nofp\libg_nano.a(libc_a-setvbuf.o)
                              ./Debug/Source/debug_serial.o (setvbuf)
C:/ABOV/eMStudio32/bin/13.2 Rel1/bin/../lib/gcc/arm-none-eabi/13.2.1/thumb/v7e-m/nofp\libg_nano.a(libc_a-snprintf.o)
                              ./Main/Libraries/Sensor/sensor.o (snprintf)
C:/ABOV/eMStudio32/bin/13.2 Rel1/bin/../lib/gcc/arm-none-eabi/13.2.1/thumb/v7e-m/nofp\libg_nano.a(libc_a-sprintf.o)
                              ./Main/Libraries/MQTT_Library/mqtt_core.o (sprintf)
C:/ABOV/eMStudio32/bin/13.2 Rel1/bin/../lib/gcc/arm-none-eabi/13.2.1/thumb/v7e-m/nofp\libg_nano.a(libc_a-stdio.o)
                              C:/ABOV/eMStudio32/bin/13.2 Rel1/bin/../lib/gcc/arm-none-eabi/13.2.1/thumb/v7e-m/nofp\libg_nano.a(libc_a-findfp.o) (__sread)
C:/ABOV/eMStudio32/bin/13.2 Rel1/bin/../lib/gcc/arm-none-eabi/13.2.1/thumb/v7e-m/nofp\libg_nano.a(libc_a-vsnprintf.o)
                              ./Main/Libraries/DebugLibrary/debug_framework.o (vsnprintf)
C:/ABOV/eMStudio32/bin/13.2 Rel1/bin/../lib/gcc/arm-none-eabi/13.2.1/thumb/v7e-m/nofp\libg_nano.a(libc_a-memcmp.o)
[...]
Memory Configuration

Name             Origin             Length             Attributes
FLASH            0x00000000         0x00200000         xr
RAM              0x20000000         0x00040000         xrw
*default*        0x00000000         0xffffffff

Linker script and memory map

LOAD C:/ABOV/eMStudio32/bin/13.2 Rel1/bin/../lib/gcc/arm-none-eabi/13.2.1/thumb/v7e-m/nofp/crti.o
LOAD C:/ABOV/eMStudio32/bin/13.2 Rel1/bin/../lib/gcc/arm-none-eabi/13.2.1/thumb/v7e-m/nofp/crtbegin.o
LOAD C:/ABOV/eMStudio32/bin/13.2 Rel1/bin/../lib/gcc/arm-none-eabi/13.2.1/thumb/v7e-m/nofp/crt0.o
LOAD ./Main/Libraries/cert_Lib/mqtt_cert_provision.o
LOAD ./Main/Libraries/cert_Lib/mqtt_certs.o
LOAD ./Main/Libraries/UserButton/user_button.o
LOAD ./Main/Libraries/UserButton/user_button_isr.o
LOAD ./Main/Libraries/Sensor/sensor.o
LOAD ./Main/Libraries/SHT40/SHT40_app.o
LOAD ./Main/Libraries/SHT40/sensirion_common.o
LOAD ./Main/Libraries/SHT40/sensirion_i2c.o
LOAD ./Main/Libraries/SHT40/sensirion_i2c_hal.o
LOAD ./Main/Libraries/SHT40/sht4x_i2c.o
LOAD ./Main/Libraries/MQTT_Library/EMPA_MqttAws.o
LOAD ./Main/Libraries/MQTT_Library/mqtt_core.o
LOAD ./Main/Libraries/MQTT_Library/mqtt_port_abov.o
LOAD ./Main/Libraries/MP23ABS1/mp23abs1_sensor.o
LOAD ./Main/Libraries/MEIG_SLM3XX/EMPA_Slm320.o
LOAD ./Main/Libraries/MEIG_SLM3XX/slm320.o
LOAD ./Main/Libraries/LISDE12TR/LIS2DE12_app.o
LOAD ./Main/Libraries/LISDE12TR/lis2de12.o
LOAD ./Main/Libraries/ESP32_AT_Test/ESP32_AT_Test.o
LOAD ./Main/Libraries/DebugLibrary/debug_framework.o
LOAD ./Main/Libraries/BatteryReading/battery_reading.o
LOAD ./Main/main.o
LOAD ./Main/prv_scu_clk.o
LOAD ./Main/prv_user_code.o
LOAD ./Main/user_adc.o
LOAD ./Main/user_adc_isr.o
LOAD ./Main/user_i2c.o
LOAD ./Main/user_i2c_isr.o
LOAD ./Main/user_timer1.o
LOAD ./Main/user_timer1_isr.o
LOAD ./Main/user_uart.o
LOAD ./Main/user_uart_isr.o
LOAD ./HAL/WDT/hal_wdt.o
LOAD ./HAL/VREFBUF/hal_vrefbuf.o
LOAD ./HAL/USART/hal_usart.o
LOAD ./HAL/UART/hal_uart.o
LOAD ./HAL/Timer1/hal_timer1.o
LOAD ./HAL/SPI/hal_spi.o
LOAD ./HAL/SCU/hal_scu.o
LOAD ./HAL/SCU/hal_scu_clk.o
LOAD ./HAL/SCU/hal_scu_lvd.o
LOAD ./HAL/SCU/hal_scu_pwr.o
LOAD ./HAL/RTC/hal_rtc.o
LOAD ./HAL/RNG/hal_rng.o
LOAD ./HAL/QSPI/hal_qspi.o
LOAD ./HAL/QEI/hal_qei.o
LOAD ./HAL/PWM/hal_pwm.o
LOAD ./HAL/PGA/hal_pga.o
LOAD ./HAL/PCU/hal_pcu.o
LOAD ./HAL/MPWM/hal_mpwm.o
LOAD ./HAL/LPUART/hal_lpuart.o
LOAD ./HAL/LCD/hal_lcd.o
LOAD ./HAL/I2C/hal_i2c.o
LOAD ./HAL/HPL/NMI/hpl_nmi.o
LOAD ./HAL/HPL/DMA/hpl_dma.o
LOAD ./HAL/FRT/hal_frt.o
LOAD ./HAL/FMC/hal_fmc.o
LOAD ./HAL/DAC/hal_dac.o
LOAD ./HAL/CRC/hal_crc.o
LOAD ./HAL/CMP/hal_cmp.o
LOAD ./HAL/AES/hal_aes.o
LOAD ./HAL/ADC/hal_adc.o
LOAD ./Debug/Source/debug.o
LOAD ./Debug/Source/debug_cmd.o
LOAD ./Debug/Source/debug_hardfault.o
LOAD ./Debug/Source/debug_log.o
LOAD ./Debug/Source/debug_retarget.o
LOAD ./Debug/Source/debug_serial.o
LOAD ./ABOV/Source/startup_a34xxxx.o
LOAD ./ABOV/Source/system_a34xxxx.o
START GROUP
LOAD C:/ABOV/eMStudio32/bin/13.2 Rel1/bin/../lib/gcc/arm-none-eabi/13.2.1/thumb/v7e-m/nofp\libgcc.a
LOAD C:/ABOV/eMStudio32/bin/13.2 Rel1/bin/../lib/gcc/arm-none-eabi/13.2.1/thumb/v7e-m/nofp\libg_nano.a
LOAD C:/ABOV/eMStudio32/bin/13.2 Rel1/bin/../lib/gcc/arm-none-eabi/13.2.1/thumb/v7e-m/nofp\libc_nano.a
END GROUP
START GROUP
LOAD C:/ABOV/eMStudio32/bin/13.2 Rel1/bin/../lib/gcc/arm-none-eabi/13.2.1/thumb/v7e-m/nofp\libgcc.a
LOAD C:/ABOV/eMStudio32/bin/13.2 Rel1/bin/../lib/gcc/arm-none-eabi/13.2.1/thumb/v7e-m/nofp\libc_nano.a
LOAD C:/ABOV/eMStudio32/bin/13.2 Rel1/bin/../lib/gcc/arm-none-eabi/13.2.1/thumb/v7e-m/nofp\libnosys.a
END GROUP
START GROUP
LOAD C:/ABOV/eMStudio32/bin/13.2 Rel1/bin/../lib/gcc/arm-none-eabi/13.2.1/thumb/v7e-m/nofp\libgcc.a
LOAD C:/ABOV/eMStudio32/bin/13.2 Rel1/bin/../lib/gcc/arm-none-eabi/13.2.1/thumb/v7e-m/nofp\libc_nano.a
LOAD C:/ABOV/eMStudio32/bin/13.2 Rel1/bin/../lib/gcc/arm-none-eabi/13.2.1/thumb/v7e-m/nofp\libnosys.a
END GROUP
LOAD C:/ABOV/eMStudio32/bin/13.2 Rel1/bin/../lib/gcc/arm-none-eabi/13.2.1/thumb/v7e-m/nofp/crtend.o
LOAD C:/ABOV/eMStudio32/bin/13.2 Rel1/bin/../lib/gcc/arm-none-eabi/13.2.1/thumb/v7e-m/nofp/crtn.o
                0x00000000                        __ROM_BASE = 0x0
                0x00200000                        __ROM_SIZE = 0x200000
                0x20000000                        __RAM_BASE = 0x20000000
                0x00040000                        __RAM_SIZE = 0x40000
                0x00000400                        __STACK_SIZE = 0x400
                0x00000400                        __HEAP_SIZE = 0x400

.text           0x00000000     0x9f64
 *(.vectors)
 .vectors       0x00000000      0x3c0 ./ABOV/Source/startup_a34xxxx.o
                0x00000000                __Vectors
 *(.text*)
 .text.deregister_tm_clones
                0x000003c0       0x1c C:/ABOV/eMStudio32/bin/13.2 Rel1/bin/../lib/gcc/arm-none-eabi/13.2.1/thumb/v7e-m/nofp/crtbegin.o
 .text.register_tm_clones
                0x000003dc       0x24 C:/ABOV/eMStudio32/bin/13.2 Rel1/bin/../lib/gcc/arm-none-eabi/13.2.1/thumb/v7e-m/nofp/crtbegin.o
 .text.__do_global_dtors_aux
                0x00000400       0x28 C:/ABOV/eMStudio32/bin/13.2 Rel1/bin/../lib/gcc/arm-none-eabi/13.2.1/thumb/v7e-m/nofp/crtbegin.o
 .text.frame_dummy
                0x00000428       0x24 C:/ABOV/eMStudio32/bin/13.2 Rel1/bin/../lib/gcc/arm-none-eabi/13.2.1/thumb/v7e-m/nofp/crtbegin.o
 .text          0x0000044c       0x7c C:/ABOV/eMStudio32/bin/13.2 Rel1/bin/../lib/gcc/arm-none-eabi/13.2.1/thumb/v7e-m/nofp/crt0.o
                0x0000044c                _stack_init
                0x00000454                _start
                0x00000454                _mainCRTStartup
 .text.prov_wait_long_press
                0x000004c8       0x20 ./Main/Libraries/cert_Lib/mqtt_cert_provision.o
 .text.MqttCertProv_Run
                0x000004e8       0x84 ./Main/Libraries/cert_Lib/mqtt_cert_provision.o
                0x000004e8                MqttCertProv_Run
 .text.cert_pem_valid
                0x0000056c       0x10 ./Main/Libraries/cert_Lib/mqtt_certs.o
 .text.cert_strnlen
                0x0000057c       0x14 ./Main/Libraries/cert_Lib/mqtt_certs.o
 .text.cert_flash_has_data
                0x00000590       0x12 ./Main/Libraries/cert_Lib/mqtt_certs.o
 *fill*         0x000005a2        0x2 
 .text.mqtt_certs_load
                0x000005a4       0xc0 ./Main/Libraries/cert_Lib/mqtt_certs.o
 .text.MqttCerts_GetRootCA
                0x00000664       0x20 ./Main/Libraries/cert_Lib/mqtt_certs.o
                0x00000664                MqttCerts_GetRootCA
 .text.MqttCerts_GetClientCert
                0x00000684       0x20 ./Main/Libraries/cert_Lib/mqtt_certs.o
                0x00000684                MqttCerts_GetClientCert
 .text.MqttCerts_GetPrivateKey
                0x000006a4       0x20 ./Main/Libraries/cert_Lib/mqtt_certs.o
                0x000006a4                MqttCerts_GetPrivateKey
 .text.MqttCerts_GetRootCALen
                0x000006c4       0x10 ./Main/Libraries/cert_Lib/mqtt_certs.o
                0x000006c4                MqttCerts_GetRootCALen
 .text.MqttCerts_GetClientCertLen
                0x000006d4       0x10 ./Main/Libraries/cert_Lib/mqtt_certs.o
                0x000006d4                MqttCerts_GetClientCertLen
 .text.MqttCerts_GetPrivateKeyLen
                0x000006e4       0x10 ./Main/Libraries/cert_Lib/mqtt_certs.o
                0x000006e4                MqttCerts_GetPrivateKeyLen
 .text.MqttCerts_HasEmbedded
                0x000006f4       0x2c ./Main/Libraries/cert_Lib/mqtt_certs.o
                0x000006f4                MqttCerts_HasEmbedded
 .text.MqttCerts_EraseFlash
                0x00000720       0x8c ./Main/Libraries/cert_Lib/mqtt_certs.o
                0x00000720                MqttCerts_EraseFlash
 .text.MqttCerts_LogFlashIfPresent
                0x000007ac       0xb8 ./Main/Libraries/cert_Lib/mqtt_certs.o
                0x000007ac                MqttCerts_LogFlashIfPresent
 .text.MqttCerts_LogStorage
                0x00000864       0xf0 ./Main/Libraries/cert_Lib/mqtt_certs.o
                0x00000864                MqttCerts_LogStorage
 .text.UserButton_ReadPressed
                0x00000954       0x2e ./Main/Libraries/UserButton/user_button.o
 *fill*         0x00000982        0x2 
 .text.UserButton_SetAllLeds
                0x00000984       0x3c ./Main/Libraries/UserButton/user_button.o
 .text.UserButton_UpdateLeds
                0x000009c0       0x1c ./Main/Libraries/UserButton/user_button.o
 .text.UserButton_HandleEdge
                0x000009dc       0x60 ./Main/Libraries/UserButton/user_button.o
 .text.UserButton_OnInterrupt
                0x00000a3c       0x10 ./Main/Libraries/UserButton/user_button.o
                0x00000a3c                UserButton_OnInterrupt
 .text.UserButton_Tick1ms
                0x00000a4c       0x40 ./Main/Libraries/UserButton/user_button.o
                0x00000a4c                UserButton_Tick1ms
 .text.UserButton_Init
                0x00000a8c       0x90 ./Main/Libraries/UserButton/user_button.o
                0x00000a8c                UserButton_Init
 .text.UserButton_ConsumeLongPress
                0x00000b1c       0x18 ./Main/Libraries/UserButton/user_button.o
                0x00000b1c                UserButton_ConsumeLongPress
 .text.PCU_IRQHandler_PCU_ID_C
                0x00000b34        0x8 ./Main/Libraries/UserButton/user_button_isr.o
                0x00000b34                PCU_IRQHandler_PCU_ID_C
 .text.Compute_RMS
                0x00000b3c       0x96 ./Main/Libraries/Sensor/sensor.o
 .text.s_led_on
                0x00000bd2        0xa ./Main/Libraries/Sensor/sensor.o
 .text.s_led_off
                0x00000bdc        0xa ./Main/Libraries/Sensor/sensor.o
 *fill*         0x00000be6        0x2 
 .text.MP23ABS1_BufferReady_Callback
                0x00000be8        0xc ./Main/Libraries/Sensor/sensor.o
                0x00000be8                MP23ABS1_BufferReady_Callback
 .text.Sensor_LEDTest
                0x00000bf4       0x8c ./Main/Libraries/Sensor/sensor.o
                0x00000bf4                Sensor_LEDTest
 .text.Sensor_TestAll
                0x00000c80      0x13c ./Main/Libraries/Sensor/sensor.o
                0x00000c80                Sensor_TestAll
 .text.Sensor_ReadOnly
                0x00000dbc       0xbc ./Main/Libraries/Sensor/sensor.o
                0x00000dbc                Sensor_ReadOnly
 .text.Sensor_FormatJSON
                0x00000e78       0xc4 ./Main/Libraries/Sensor/sensor.o
                0x00000e78                Sensor_FormatJSON
 .text.Sensor_PollAlarms
                0x00000f3c       0xfc ./Main/Libraries/Sensor/sensor.o
                0x00000f3c                Sensor_PollAlarms
 .text.Sensor_FormatAlarmJSON
                0x00001038      0x12c ./Main/Libraries/Sensor/sensor.o
                0x00001038                Sensor_FormatAlarmJSON
 .text.SHT40_Init
                0x00001164       0x28 ./Main/Libraries/SHT40/SHT40_app.o
                0x00001164                SHT40_Init
 .text.SHT40_ReadSensor
                0x0000118c       0x24 ./Main/Libraries/SHT40/SHT40_app.o
                0x0000118c                SHT40_ReadSensor
 .text.sensirion_common_bytes_to_uint16_t
                0x000011b0        0xa ./Main/Libraries/SHT40/sensirion_common.o
                0x000011b0                sensirion_common_bytes_to_uint16_t
 .text.sensirion_common_bytes_to_uint32_t
                0x000011ba       0x16 ./Main/Libraries/SHT40/sensirion_common.o
                0x000011ba                sensirion_common_bytes_to_uint32_t
 .text.sensirion_i2c_generate_crc
                0x000011d0       0x40 ./Main/Libraries/SHT40/sensirion_i2c.o
                0x000011d0                sensirion_i2c_generate_crc
 .text.sensirion_i2c_check_crc
                0x00001210       0x14 ./Main/Libraries/SHT40/sensirion_i2c.o
                0x00001210                sensirion_i2c_check_crc
 .text.sensirion_i2c_write_data
                0x00001224        0x8 ./Main/Libraries/SHT40/sensirion_i2c.o
                0x00001224                sensirion_i2c_write_data
 .text.sensirion_i2c_read_data_inplace
                0x0000122c       0x58 ./Main/Libraries/SHT40/sensirion_i2c.o
                0x0000122c                sensirion_i2c_read_data_inplace
 .text.sensirion_i2c_hal_read
                0x00001284       0x20 ./Main/Libraries/SHT40/sensirion_i2c_hal.o
                0x00001284                sensirion_i2c_hal_read
 .text.sensirion_i2c_hal_write
                0x000012a4       0x20 ./Main/Libraries/SHT40/sensirion_i2c_hal.o
                0x000012a4                sensirion_i2c_hal_write
 .text.sensirion_i2c_hal_sleep_usec
                0x000012c4        0x8 ./Main/Libraries/SHT40/sensirion_i2c_hal.o
                0x000012c4                sensirion_i2c_hal_sleep_usec
 .text.convert_ticks_to_celsius
                0x000012cc       0x12 ./Main/Libraries/SHT40/sht4x_i2c.o
 .text.convert_ticks_to_percent_rh
                0x000012de       0x12 ./Main/Libraries/SHT40/sht4x_i2c.o
 .text.sht4x_measure_high_precision_ticks
                0x000012f0       0x4c ./Main/Libraries/SHT40/sht4x_i2c.o
                0x000012f0                sht4x_measure_high_precision_ticks
 .text.sht4x_measure_high_precision
                0x0000133c       0x30 ./Main/Libraries/SHT40/sht4x_i2c.o
                0x0000133c                sht4x_measure_high_precision
 .text.sht4x_serial_number
                0x0000136c       0x42 ./Main/Libraries/SHT40/sht4x_i2c.o
                0x0000136c                sht4x_serial_number
 *fill*         0x000013ae        0x2 
 .text.MQTT_ConnectBroker
                0x000013b0       0x7c ./Main/Libraries/MQTT_Library/EMPA_MqttAws.o
                0x000013b0                MQTT_ConnectBroker
 .text.MQTT_PublishSensorData
                0x0000142c       0x4c ./Main/Libraries/MQTT_Library/EMPA_MqttAws.o
                0x0000142c                MQTT_PublishSensorData
 .text.MQTT_PublishAlarm
                0x00001478       0x44 ./Main/Libraries/MQTT_Library/EMPA_MqttAws.o
                0x00001478                MQTT_PublishAlarm
 .text.port_status_to_func
                0x000014bc       0x10 ./Main/Libraries/MQTT_Library/mqtt_core.o
 .text.mqtt_scheme_needs_client_cert
                0x000014cc       0x10 ./Main/Libraries/MQTT_Library/mqtt_core.o
 .text.mqtt_scheme_needs_sni
                0x000014dc       0x10 ./Main/Libraries/MQTT_Library/mqtt_core.o
 .text.wifi_wait_for_prompt
                0x000014ec       0x68 ./Main/Libraries/MQTT_Library/mqtt_core.o
 .text.MqttPort_Init
                0x00001554        0xc ./Main/Libraries/MQTT_Library/mqtt_core.o
                0x00001554                MqttPort_Init
 .text.Wifi_SendCommand
                0x00001560       0x2c ./Main/Libraries/MQTT_Library/mqtt_core.o
                0x00001560                Wifi_SendCommand
 .text.Wifi_SendCommand2
                0x0000158c       0x20 ./Main/Libraries/MQTT_Library/mqtt_core.o
                0x0000158c                Wifi_SendCommand2
 .text.Wifi_Receive
                0x000015ac       0x40 ./Main/Libraries/MQTT_Library/mqtt_core.o
                0x000015ac                Wifi_Receive
 .text.Wifi_CheckResponse
                0x000015ec       0x5c ./Main/Libraries/MQTT_Library/mqtt_core.o
                0x000015ec                Wifi_CheckResponse
 .text.wifi_sysmfg_write_binary
                0x00001648       0xa0 ./Main/Libraries/MQTT_Library/mqtt_core.o
 .text.Wifi_Reset2
                0x000016e8       0x78 ./Main/Libraries/MQTT_Library/mqtt_core.o
                0x000016e8                Wifi_Reset2
 .text.Wifi_SetWifiMode2
                0x00001760       0x80 ./Main/Libraries/MQTT_Library/mqtt_core.o
                0x00001760                Wifi_SetWifiMode2
 .text.Wifi_StartSmartConfig2
                0x000017e0       0x64 ./Main/Libraries/MQTT_Library/mqtt_core.o
                0x000017e0                Wifi_StartSmartConfig2
 .text.Wifi_StopSmartConfig2
                0x00001844       0x64 ./Main/Libraries/MQTT_Library/mqtt_core.o
                0x00001844                Wifi_StopSmartConfig2
 .text.Wifi_QAP2
                0x000018a8       0x64 ./Main/Libraries/MQTT_Library/mqtt_core.o
                0x000018a8                Wifi_QAP2
 .text.Wifi_SetAP2
                0x0000190c       0x8c ./Main/Libraries/MQTT_Library/mqtt_core.o
                0x0000190c                Wifi_SetAP2
 .text.Wifi_SetTime2
                0x00001998       0x80 ./Main/Libraries/MQTT_Library/mqtt_core.o
                0x00001998                Wifi_SetTime2
 .text.Wifi_MqttUserConfig2
                0x00001a18       0x98 ./Main/Libraries/MQTT_Library/mqtt_core.o
                0x00001a18                Wifi_MqttUserConfig2
 .text.Wifi_MqttCertsUpload2
                0x00001ab0       0xf4 ./Main/Libraries/MQTT_Library/mqtt_core.o
                0x00001ab0                Wifi_MqttCertsUpload2
 .text.Wifi_MqttSni2
                0x00001ba4       0x80 ./Main/Libraries/MQTT_Library/mqtt_core.o
                0x00001ba4                Wifi_MqttSni2
 .text.Wifi_MqttConnConfig2
                0x00001c24       0x8c ./Main/Libraries/MQTT_Library/mqtt_core.o
                0x00001c24                Wifi_MqttConnConfig2
 .text.Wifi_MqttConn2
                0x00001cb0       0x88 ./Main/Libraries/MQTT_Library/mqtt_core.o
                0x00001cb0                Wifi_MqttConn2
 .text.Wifi_GetMqttConn2
                0x00001d38       0x7c ./Main/Libraries/MQTT_Library/mqtt_core.o
                0x00001d38                Wifi_GetMqttConn2
 .text.Wifi_MqttPubRaw2
                0x00001db4      0x1ac ./Main/Libraries/MQTT_Library/mqtt_core.o
                0x00001db4                Wifi_MqttPubRaw2
 .text.parse_wifi_info
                0x00001f60       0x60 ./Main/Libraries/MQTT_Library/mqtt_core.o
                0x00001f60                parse_wifi_info
 .text.LED_MqttTXBlink
                0x00001fc0       0x28 ./Main/Libraries/MQTT_Library/mqtt_core.o
                0x00001fc0                LED_MqttTXBlink
 .text.LED_Mqttconnected
                0x00001fe8       0x18 ./Main/Libraries/MQTT_Library/mqtt_core.o
                0x00001fe8                LED_Mqttconnected
 .text.LED_WifiConnected
                0x00002000       0x18 ./Main/Libraries/MQTT_Library/mqtt_core.o
                0x00002000                LED_WifiConnected
 .text.MQTT_Init
                0x00002018      0x9ac ./Main/Libraries/MQTT_Library/mqtt_core.o
                0x00002018                MQTT_Init
 .text.abov_get_tick_ms
                0x000029c4        0xc ./Main/Libraries/MQTT_Library/mqtt_port_abov.o
 .text.abov_debug_print
                0x000029d0       0x16 ./Main/Libraries/MQTT_Library/mqtt_port_abov.o
 .text.abov_uart_transmit
                0x000029e6       0x2c ./Main/Libraries/MQTT_Library/mqtt_port_abov.o
 *fill*         0x00002a12        0x2 
 .text.abov_gpio_write
                0x00002a14       0x28 ./Main/Libraries/MQTT_Library/mqtt_port_abov.o
 .text.abov_timer_stop
                0x00002a3c       0x10 ./Main/Libraries/MQTT_Library/mqtt_port_abov.o
 .text.abov_timer_start
                0x00002a4c       0x10 ./Main/Libraries/MQTT_Library/mqtt_port_abov.o
 .text.abov_delay_ms
                0x00002a5c        0x8 ./Main/Libraries/MQTT_Library/mqtt_port_abov.o
 .text.abov_uart_is_rx_busy
                0x00002a64       0x22 ./Main/Libraries/MQTT_Library/mqtt_port_abov.o
 .text.abov_uart_is_tx_ready
                0x00002a86       0x22 ./Main/Libraries/MQTT_Library/mqtt_port_abov.o
 .text.abov_uart_abort_receive_it
                0x00002aa8       0x10 ./Main/Libraries/MQTT_Library/mqtt_port_abov.o
 .text.abov_uart_receive_it
                0x00002ab8       0x1e ./Main/Libraries/MQTT_Library/mqtt_port_abov.o
 *fill*         0x00002ad6        0x2 
 .text.abov_uart_receive
                0x00002ad8       0x48 ./Main/Libraries/MQTT_Library/mqtt_port_abov.o
 .text.MqttPort_ABOV_TickIncrement
                0x00002b20       0x10 ./Main/Libraries/MQTT_Library/mqtt_port_abov.o
                0x00002b20                MqttPort_ABOV_TickIncrement
 .text.MqttPort_ABOV_GetTickMs
                0x00002b30        0xc ./Main/Libraries/MQTT_Library/mqtt_port_abov.o
                0x00002b30                MqttPort_ABOV_GetTickMs
 .text.MqttPort_ABOV_Init
                0x00002b3c       0x10 ./Main/Libraries/MQTT_Library/mqtt_port_abov.o
                0x00002b3c                MqttPort_ABOV_Init
 .text.MP23ABS1_GPIO_Init
                0x00002b4c       0x28 ./Main/Libraries/MP23ABS1/mp23abs1_sensor.o
 .text.MP23ABS1_Init
                0x00002b74       0x9c ./Main/Libraries/MP23ABS1/mp23abs1_sensor.o
                0x00002b74                MP23ABS1_Init
 .text.MP23ABS1_StartRecording
                0x00002c10       0x38 ./Main/Libraries/MP23ABS1/mp23abs1_sensor.o
                0x00002c10                MP23ABS1_StartRecording
 .text.MP23ABS1_StopRecording
                0x00002c48       0x28 ./Main/Libraries/MP23ABS1/mp23abs1_sensor.o
                0x00002c48                MP23ABS1_StopRecording
 .text.MP23ABS1_GetSampleCount
                0x00002c70        0xc ./Main/Libraries/MP23ABS1/mp23abs1_sensor.o
                0x00002c70                MP23ABS1_GetSampleCount
 .text.MP23ABS1_ApplyHPFilter
                0x00002c7c       0x6c ./Main/Libraries/MP23ABS1/mp23abs1_sensor.o
                0x00002c7c                MP23ABS1_ApplyHPFilter
 .text.MP23ABS1_ProcessSample
                0x00002ce8       0x48 ./Main/Libraries/MP23ABS1/mp23abs1_sensor.o
 .text.MP23ABS1_TimerHandler
                0x00002d30       0x40 ./Main/Libraries/MP23ABS1/mp23abs1_sensor.o
                0x00002d30                MP23ABS1_TimerHandler
 .text.delay_ms_approx
                0x00002d70       0x24 ./Main/Libraries/LISDE12TR/LIS2DE12_app.o
 .text.LIS2DE12_Init
                0x00002d94      0x154 ./Main/Libraries/LISDE12TR/LIS2DE12_app.o
                0x00002d94                LIS2DE12_Init
 .text.LIS2DE12_ReadAcceleration
                0x00002ee8      0x12c ./Main/Libraries/LISDE12TR/LIS2DE12_app.o
                0x00002ee8                LIS2DE12_ReadAcceleration
 .text.hal_i2c_read_buffer
                0x00003014       0x34 ./Main/Libraries/LISDE12TR/lis2de12.o
                0x00003014                hal_i2c_read_buffer
 .text.lis2de12_read_reg
                0x00003048       0x20 ./Main/Libraries/LISDE12TR/lis2de12.o
                0x00003048                lis2de12_read_reg
 .text.lis2de12_device_id_get
                0x00003068        0xe ./Main/Libraries/LISDE12TR/lis2de12.o
                0x00003068                lis2de12_device_id_get
 *fill*         0x00003076        0x2 
 .text.hal_i2c_write_buffer
                0x00003078       0x60 ./Main/Libraries/LISDE12TR/lis2de12.o
                0x00003078                hal_i2c_write_buffer
 .text.lis2de12_write_reg
                0x000030d8       0x20 ./Main/Libraries/LISDE12TR/lis2de12.o
                0x000030d8                lis2de12_write_reg
 .text.lis2de12_temperature_meas_set
                0x000030f8       0x2e ./Main/Libraries/LISDE12TR/lis2de12.o
                0x000030f8                lis2de12_temperature_meas_set
 .text.lis2de12_data_rate_set
                0x00003126       0x40 ./Main/Libraries/LISDE12TR/lis2de12.o
                0x00003126                lis2de12_data_rate_set
 .text.lis2de12_full_scale_set
                0x00003166       0x2e ./Main/Libraries/LISDE12TR/lis2de12.o
                0x00003166                lis2de12_full_scale_set
 .text.lis2de12_block_data_update_set
                0x00003194       0x2e ./Main/Libraries/LISDE12TR/lis2de12.o
                0x00003194                lis2de12_block_data_update_set
 .text.lis2de12_boot_set
                0x000031c2       0x2e ./Main/Libraries/LISDE12TR/lis2de12.o
                0x000031c2                lis2de12_boot_set
 .text.esp32_try_at_once
                0x000031f0       0x40 ./Main/Libraries/ESP32_AT_Test/ESP32_AT_Test.o
 .text.ESP32_PowerOn
                0x00003230        0xe ./Main/Libraries/ESP32_AT_Test/ESP32_AT_Test.o
                0x00003230                ESP32_PowerOn
 .text.ESP32_PowerOff
                0x0000323e        0xe ./Main/Libraries/ESP32_AT_Test/ESP32_AT_Test.o
                0x0000323e                ESP32_PowerOff
 .text.ESP32_PowerCycle
                0x0000324c       0x28 ./Main/Libraries/ESP32_AT_Test/ESP32_AT_Test.o
                0x0000324c                ESP32_PowerCycle
 .text.ESP32_HW_Init
                0x00003274       0x24 ./Main/Libraries/ESP32_AT_Test/ESP32_AT_Test.o
                0x00003274                ESP32_HW_Init
 .text.ESP32_Simple_AT_Test
                0x00003298       0x50 ./Main/Libraries/ESP32_AT_Test/ESP32_AT_Test.o
                0x00003298                ESP32_Simple_AT_Test
 .text.ESP32_AT_Test_WithRecovery
                0x000032e8       0x34 ./Main/Libraries/ESP32_AT_Test/ESP32_AT_Test.o
                0x000032e8                ESP32_AT_Test_WithRecovery
 .text.PRV_SendByte
                0x0000331c       0x28 ./Main/Libraries/DebugLibrary/debug_framework.o
 .text.DebugFramework_Init
                0x00003344       0x90 ./Main/Libraries/DebugLibrary/debug_framework.o
                0x00003344                DebugFramework_Init
 .text.DebugFramework_Puts
                0x000033d4       0x28 ./Main/Libraries/DebugLibrary/debug_framework.o
                0x000033d4                DebugFramework_Puts
 .text.DebugFramework_PutsLine
                0x000033fc       0x14 ./Main/Libraries/DebugLibrary/debug_framework.o
                0x000033fc                DebugFramework_PutsLine
 .text.DebugFramework_Printf
                0x00003410       0x50 ./Main/Libraries/DebugLibrary/debug_framework.o
                0x00003410                DebugFramework_Printf
 .text.BatteryReading_Init
                0x00003460       0x2c ./Main/Libraries/BatteryReading/battery_reading.o
                0x00003460                BatteryReading_Init
 .text.BatteryReading_ReadChannel
                0x0000348c       0x98 ./Main/Libraries/BatteryReading/battery_reading.o
                0x0000348c                BatteryReading_ReadChannel
 .text.BatteryReading_ReadSupplyVoltage
                0x00003524       0x64 ./Main/Libraries/BatteryReading/battery_reading.o
                0x00003524                BatteryReading_ReadSupplyVoltage
 .text.PRV_PORT_Init
                0x00003588      0x120 ./Main/main.o
 .text.GetChipSetInfo
                0x000036a8       0xb0 ./Main/main.o
                0x000036a8                GetChipSetInfo
 .text.main     0x00003758       0x2a ./Main/main.o
                0x00003758                main
 *fill*         0x00003782        0x2 
 .text.PRV_SCU_CLK_Init
                0x00003784       0x90 ./Main/prv_scu_clk.o
                0x00003784                PRV_SCU_CLK_Init
 .text.SysTick_Handler
                0x00003814       0x70 ./Main/prv_user_code.o
                0x00003814                SysTick_Handler
 .text.SYSTICK_Wait
                0x00003884       0x14 ./Main/prv_user_code.o
                0x00003884                SYSTICK_Wait
 .text.LED_ON   0x00003898        0xa ./Main/prv_user_code.o
                0x00003898                LED_ON
 .text.LED_OFF  0x000038a2        0xa ./Main/prv_user_code.o
                0x000038a2                LED_OFF
 .text.LED_Blink
                0x000038ac       0x30 ./Main/prv_user_code.o
                0x000038ac                LED_Blink
 .text.GPIO_Config_Alt
                0x000038dc       0xa4 ./Main/prv_user_code.o
                0x000038dc                GPIO_Config_Alt
 .text.PRV_USER_Code
                0x00003980      0x20c ./Main/prv_user_code.o
                0x00003980                PRV_USER_Code
 .text.Init_ADC_ID_0
                0x00003b8c       0x58 ./Main/user_adc.o
 .text.Init_ADC_ID_2
                0x00003be4       0x60 ./Main/user_adc.o
 .text.PRV_ADC_Init
                0x00003c44        0xc ./Main/user_adc.o
                0x00003c44                PRV_ADC_Init
 .text.ADC_IRQHandler_ADC_ID_0
                0x00003c50        0x2 ./Main/user_adc_isr.o
                0x00003c50                ADC_IRQHandler_ADC_ID_0
 .text.ADC_IRQHandler_ADC_ID_2
                0x00003c52        0x2 ./Main/user_adc_isr.o
                0x00003c52                ADC_IRQHandler_ADC_ID_2
 .text.Init_I2C_ID_2
                0x00003c54       0x54 ./Main/user_i2c.o
 .text.PRV_I2C_Init
                0x00003ca8        0x8 ./Main/user_i2c.o
                0x00003ca8                PRV_I2C_Init
 .text.I2C_IRQHandler_I2C_ID_2
                0x00003cb0        0x2 ./Main/user_i2c_isr.o
                0x00003cb0                I2C_IRQHandler_I2C_ID_2
 *fill*         0x00003cb2        0x2 
 .text.Init_TIMER1_ID_0
                0x00003cb4       0x80 ./Main/user_timer1.o
 .text.PRV_Timer1_Init
                0x00003d34        0x8 ./Main/user_timer1.o
                0x00003d34                PRV_Timer1_Init
 .text.Timer1_IRQHandler_TIMER1_ID_0
                0x00003d3c        0x2 ./Main/user_timer1_isr.o
                0x00003d3c                Timer1_IRQHandler_TIMER1_ID_0
 *fill*         0x00003d3e        0x2 
 .text.Init_UART_ID_2
                0x00003d40       0x5c ./Main/user_uart.o
 .text.Init_UART_ID_1
                0x00003d9c       0x5c ./Main/user_uart.o
 .text.PRV_UART_Init
                0x00003df8        0xc ./Main/user_uart.o
                0x00003df8                PRV_UART_Init
 .text.UART_IRQHandler_UART_ID_1
                0x00003e04        0x2 ./Main/user_uart_isr.o
                0x00003e04                UART_IRQHandler_UART_ID_1
 .text.UART_IRQHandler_UART_ID_2
                0x00003e06        0x2 ./Main/user_uart_isr.o
                0x00003e06                UART_IRQHandler_UART_ID_2
 .text.__NVIC_EnableIRQ
                0x00003e08       0x1c ./HAL/UART/hal_uart.o
 .text.__NVIC_DisableIRQ
                0x00003e24       0x24 ./HAL/UART/hal_uart.o
 .text.__NVIC_SetPriority
                0x00003e48       0x28 ./HAL/UART/hal_uart.o
 .text.UART_SetScuEnable
                0x00003e70       0xb0 ./HAL/UART/hal_uart.o
 .text.UART_GetIRQNum
                0x00003f20       0x50 ./HAL/UART/hal_uart.o
 .text.UART_SetClk
                0x00003f70       0xc0 ./HAL/UART/hal_uart.o
 .text.PRV_UART_GetReg
                0x00004030        0xa ./HAL/UART/hal_uart.o
 .text.PRV_UART_SetScuEnable
                0x0000403a        0x8 ./HAL/UART/hal_uart.o
 *fill*         0x00004042        0x2 
 .text.PRV_UART_IRQHandler
                0x00004044      0x130 ./HAL/UART/hal_uart.o
 .text.PRV_UART_NMIHandler
                0x00004174       0x2c ./HAL/UART/hal_uart.o
 .text.HAL_UART_Init
                0x000041a0       0x58 ./HAL/UART/hal_uart.o
                0x000041a0                HAL_UART_Init
 .text.HAL_UART_SetClkConfig
                0x000041f8       0x16 ./HAL/UART/hal_uart.o
                0x000041f8                HAL_UART_SetClkConfig
 *fill*         0x0000420e        0x2 
 .text.HAL_UART_SetConfig
                0x00004210       0xa8 ./HAL/UART/hal_uart.o
                0x00004210                HAL_UART_SetConfig
 .text.HAL_UART_SetIRQ
                0x000042b8      0x114 ./HAL/UART/hal_uart.o
                0x000042b8                HAL_UART_SetIRQ
 .text.HAL_UART_Transmit
                0x000043cc       0xc4 ./HAL/UART/hal_uart.o
                0x000043cc                HAL_UART_Transmit
 .text.HAL_UART_Receive
                0x00004490      0x10c ./HAL/UART/hal_uart.o
                0x00004490                HAL_UART_Receive
 .text.HAL_UART_Abort
                0x0000459c       0x38 ./HAL/UART/hal_uart.o
                0x0000459c                HAL_UART_Abort
 .text.HAL_UART_GetBusyStatus
                0x000045d4       0x28 ./HAL/UART/hal_uart.o
                0x000045d4                HAL_UART_GetBusyStatus
 .text.HAL_UART_GetLineStatus
                0x000045fc       0x1e ./HAL/UART/hal_uart.o
                0x000045fc                HAL_UART_GetLineStatus
 .text.Interrupt63_Handler
                0x0000461a        0xa ./HAL/UART/hal_uart.o
                0x0000461a                Interrupt63_Handler
 .text.Interrupt64_Handler
                0x00004624        0xa ./HAL/UART/hal_uart.o
                0x00004624                Interrupt64_Handler
 .text.Interrupt65_Handler
                0x0000462e        0xa ./HAL/UART/hal_uart.o
                0x0000462e                Interrupt65_Handler
 .text.Interrupt66_Handler
                0x00004638        0xa ./HAL/UART/hal_uart.o
                0x00004638                Interrupt66_Handler
 .text.Interrupt67_Handler
                0x00004642        0xa ./HAL/UART/hal_uart.o
                0x00004642                Interrupt67_Handler
 .text.Interrupt68_Handler
                0x0000464c        0xa ./HAL/UART/hal_uart.o
                0x0000464c                Interrupt68_Handler
 .text.Interrupt108_Handler
                0x00004656        0xa ./HAL/UART/hal_uart.o
                0x00004656                Interrupt108_Handler
 .text.Interrupt109_Handler
                0x00004660        0xa ./HAL/UART/hal_uart.o
                0x00004660                Interrupt109_Handler
 .text.Interrupt110_Handler
                0x0000466a        0xa ./HAL/UART/hal_uart.o
                0x0000466a                Interrupt110_Handler
 .text.Interrupt111_Handler
                0x00004674        0xa ./HAL/UART/hal_uart.o
                0x00004674                Interrupt111_Handler
 .text.Interrupt112_Handler
                0x0000467e        0xa ./HAL/UART/hal_uart.o
                0x0000467e                Interrupt112_Handler
 .text.Interrupt113_Handler
                0x00004688        0xa ./HAL/UART/hal_uart.o
                0x00004688                Interrupt113_Handler
 .text.Interrupt114_Handler
                0x00004692        0xa ./HAL/UART/hal_uart.o
                0x00004692                Interrupt114_Handler
 .text.__NVIC_EnableIRQ
                0x0000469c       0x1c ./HAL/Timer1/hal_timer1.o
 .text.__NVIC_DisableIRQ
                0x000046b8       0x24 ./HAL/Timer1/hal_timer1.o
 .text.__NVIC_SetPriority
                0x000046dc       0x28 ./HAL/Timer1/hal_timer1.o
 .text.TIMER1_SetScuEnable
                0x00004704       0x32 ./HAL/Timer1/hal_timer1.o
 .text.TIMER1_GetIRQNum
                0x00004736       0x40 ./HAL/Timer1/hal_timer1.o
 .text.TIMER1_ConvMode
                0x00004776       0x20 ./HAL/Timer1/hal_timer1.o
 .text.TIMER1_GetIntFlag
                0x00004796       0x26 ./HAL/Timer1/hal_timer1.o
 .text.TIMER1_SetMccrClk
                0x000047bc       0x8e ./HAL/Timer1/hal_timer1.o
 .text.TIMER1_SetPClk
                0x0000484a       0x24 ./HAL/Timer1/hal_timer1.o
 .text.PRV_TIMER1_GetReg
                0x0000486e        0xa ./HAL/Timer1/hal_timer1.o
 .text.PRV_TIMER1_SetScuEnable
                0x00004878        0x8 ./HAL/Timer1/hal_timer1.o
 .text.PRV_TIMER1_IRQHandler
                0x00004880       0xd4 ./HAL/Timer1/hal_timer1.o
 .text.PRV_TIMER1_NMIHandler
                0x00004954       0x28 ./HAL/Timer1/hal_timer1.o
 .text.HAL_TIMER1_Init
                0x0000497c       0x40 ./HAL/Timer1/hal_timer1.o
                0x0000497c                HAL_TIMER1_Init
 .text.HAL_TIMER1_SetClkConfig
                0x000049bc       0x64 ./HAL/Timer1/hal_timer1.o
                0x000049bc                HAL_TIMER1_SetClkConfig
 .text.HAL_TIMER1_SetConfig
                0x00004a20       0xec ./HAL/Timer1/hal_timer1.o
                0x00004a20                HAL_TIMER1_SetConfig
 .text.HAL_TIMER1_SetIRQ
                0x00004b0c       0xf0 ./HAL/Timer1/hal_timer1.o
                0x00004b0c                HAL_TIMER1_SetIRQ
 .text.HAL_TIMER1_Start
                0x00004bfc       0x1c ./HAL/Timer1/hal_timer1.o
                0x00004bfc                HAL_TIMER1_Start
 .text.HAL_TIMER1_Stop
                0x00004c18       0x1c ./HAL/Timer1/hal_timer1.o
                0x00004c18                HAL_TIMER1_Stop
 .text.HAL_TIMER1_SetInOutPort
                0x00004c34       0x22 ./HAL/Timer1/hal_timer1.o
                0x00004c34                HAL_TIMER1_SetInOutPort
 .text.HAL_TIMER1_SetInversionPort
                0x00004c56       0x22 ./HAL/Timer1/hal_timer1.o
                0x00004c56                HAL_TIMER1_SetInversionPort
 .text.Interrupt15_Handler
                0x00004c78        0xa ./HAL/Timer1/hal_timer1.o
                0x00004c78                Interrupt15_Handler
 .text.Interrupt16_Handler
                0x00004c82        0xa ./HAL/Timer1/hal_timer1.o
                0x00004c82                Interrupt16_Handler
 .text.Interrupt17_Handler
                0x00004c8c        0xa ./HAL/Timer1/hal_timer1.o
                0x00004c8c                Interrupt17_Handler
 .text.Interrupt18_Handler
                0x00004c96        0xa ./HAL/Timer1/hal_timer1.o
                0x00004c96                Interrupt18_Handler
 .text.Interrupt19_Handler
                0x00004ca0        0xa ./HAL/Timer1/hal_timer1.o
                0x00004ca0                Interrupt19_Handler
 .text.Interrupt20_Handler
                0x00004caa        0xa ./HAL/Timer1/hal_timer1.o
                0x00004caa                Interrupt20_Handler
 .text.Interrupt21_Handler
                0x00004cb4        0xa ./HAL/Timer1/hal_timer1.o
                0x00004cb4                Interrupt21_Handler
 .text.Interrupt22_Handler
                0x00004cbe        0xa ./HAL/Timer1/hal_timer1.o
                0x00004cbe                Interrupt22_Handler
 .text.Interrupt23_Handler
                0x00004cc8        0xa ./HAL/Timer1/hal_timer1.o
                0x00004cc8                Interrupt23_Handler
 .text.Interrupt24_Handler
                0x00004cd2        0xa ./HAL/Timer1/hal_timer1.o
                0x00004cd2                Interrupt24_Handler
 .text.SCUCLK_SetFlashLatency
                0x00004cdc       0x58 ./HAL/SCU/hal_scu_clk.o
 .text.SCUCLK_SetMClk
                0x00004d34       0xe4 ./HAL/SCU/hal_scu_clk.o
 .text.SCUCLK_SetClkOut
                0x00004e18       0x68 ./HAL/SCU/hal_scu_clk.o
 .text.SCUCLK_SetPLLSrcDiv
                0x00004e80       0x78 ./HAL/SCU/hal_scu_clk.o
 .text.PRV_SCUCLK_PLLDelay
                0x00004ef8       0x40 ./HAL/SCU/hal_scu_clk.o
 .text.PRV_SCUCLK_IRQHandler
                0x00004f38       0x78 ./HAL/SCU/hal_scu_clk.o
 .text.HAL_SCU_CLK_SetMClk
                0x00004fb0       0xc0 ./HAL/SCU/hal_scu_clk.o
                0x00004fb0                HAL_SCU_CLK_SetMClk
 .text.HAL_SCU_CLK_SetSrcEnable
                0x00005070       0x62 ./HAL/SCU/hal_scu_clk.o
                0x00005070                HAL_SCU_CLK_SetSrcEnable
 *fill*         0x000050d2        0x2 
 .text.HAL_SCU_CLK_SetPLLConfig
                0x000050d4       0xe4 ./HAL/SCU/hal_scu_clk.o
                0x000050d4                HAL_SCU_CLK_SetPLLConfig
 .text.HAL_SCU_CLK_SetOutput
                0x000051b8       0x1c ./HAL/SCU/hal_scu_clk.o
                0x000051b8                HAL_SCU_CLK_SetOutput
 .text.HAL_SCU_CLK_SetPClkDiv
                0x000051d4       0x30 ./HAL/SCU/hal_scu_clk.o
                0x000051d4                HAL_SCU_CLK_SetPClkDiv
 .text.Interrupt1_Handler
                0x00005204        0xa ./HAL/SCU/hal_scu_clk.o
                0x00005204                Interrupt1_Handler
 .text.Interrupt2_Handler
                0x0000520e        0xa ./HAL/SCU/hal_scu_clk.o
                0x0000520e                Interrupt2_Handler
 .text.Interrupt3_Handler
                0x00005218        0xa ./HAL/SCU/hal_scu_clk.o
                0x00005218                Interrupt3_Handler
 *fill*         0x00005222        0x2 
 .text.__NVIC_EnableIRQ
                0x00005224       0x1c ./HAL/PCU/hal_pcu.o
 .text.__NVIC_DisableIRQ
                0x00005240       0x24 ./HAL/PCU/hal_pcu.o
 .text.__NVIC_SetPriority
                0x00005264       0x28 ./HAL/PCU/hal_pcu.o
 .text.PCU_GetIRQNum
                0x0000528c       0x32 ./HAL/PCU/hal_pcu.o
 .text.PCU_SetDebounceClk
                0x000052be       0xc0 ./HAL/PCU/hal_pcu.o
 *fill*         0x0000537e        0x2 
 .text.PCU_SetIntrPort
                0x00005380       0x68 ./HAL/PCU/hal_pcu.o
 .text.PRV_PCU_GetVaildPort
                0x000053e8        0xe ./HAL/PCU/hal_pcu.o
 *fill*         0x000053f6        0x2 
 .text.PRV_PCU_IRQHandler
                0x000053f8       0x54 ./HAL/PCU/hal_pcu.o
 .text.PRV_PCU_NMIHandler
                0x0000544c       0x38 ./HAL/PCU/hal_pcu.o
 .text.PCU0_INT_IRQHandler
                0x00005484       0x18 ./HAL/PCU/hal_pcu.o
 .text.PCU1_INT_IRQHandler
                0x0000549c       0x18 ./HAL/PCU/hal_pcu.o
 .text.PCU2_INT_IRQHandler
                0x000054b4       0x18 ./HAL/PCU/hal_pcu.o
 .text.PCU3_INT_IRQHandler
                0x000054cc       0x18 ./HAL/PCU/hal_pcu.o
 .text.PCU4_INT_IRQHandler
                0x000054e4       0x18 ./HAL/PCU/hal_pcu.o
 .text.PCU5_INT_IRQHandler
                0x000054fc       0x18 ./HAL/PCU/hal_pcu.o
 .text.PCU6_INT_IRQHandler
                0x00005514       0x18 ./HAL/PCU/hal_pcu.o
 .text.HAL_PCU_SetAltMode
                0x0000552c       0xa0 ./HAL/PCU/hal_pcu.o
                0x0000552c                HAL_PCU_SetAltMode
 .text.HAL_PCU_SetInOutMode
                0x000055cc       0xa0 ./HAL/PCU/hal_pcu.o
                0x000055cc                HAL_PCU_SetInOutMode
 .text.HAL_PCU_GetInputValue
                0x0000566c       0x2e ./HAL/PCU/hal_pcu.o
                0x0000566c                HAL_PCU_GetInputValue
 .text.HAL_PCU_SetOutputBit
                0x0000569a       0x40 ./HAL/PCU/hal_pcu.o
                0x0000569a                HAL_PCU_SetOutputBit
 .text.HAL_PCU_SetIntrPort
                0x000056da       0x2e ./HAL/PCU/hal_pcu.o
                0x000056da                HAL_PCU_SetIntrPort
 .text.HAL_PCU_SetPortDebounce
                0x00005708       0x64 ./HAL/PCU/hal_pcu.o
                0x00005708                HAL_PCU_SetPortDebounce
 .text.HAL_PCU_SetClkDebounce
                0x0000576c       0x1e ./HAL/PCU/hal_pcu.o
                0x0000576c                HAL_PCU_SetClkDebounce
 *fill*         0x0000578a        0x2 
 .text.HAL_PCU_SetIRQ
                0x0000578c       0xe8 ./HAL/PCU/hal_pcu.o
                0x0000578c                HAL_PCU_SetIRQ
 .text.Interrupt36_Handler
                0x00005874        0x8 ./HAL/PCU/hal_pcu.o
                0x00005874                Interrupt36_Handler
 .text.Interrupt37_Handler
                0x0000587c        0x8 ./HAL/PCU/hal_pcu.o
                0x0000587c                Interrupt37_Handler
 .text.Interrupt38_Handler
                0x00005884        0x8 ./HAL/PCU/hal_pcu.o
                0x00005884                Interrupt38_Handler
 .text.Interrupt39_Handler
                0x0000588c        0x8 ./HAL/PCU/hal_pcu.o
                0x0000588c                Interrupt39_Handler
 .text.Interrupt40_Handler
                0x00005894        0x8 ./HAL/PCU/hal_pcu.o
                0x00005894                Interrupt40_Handler
 .text.Interrupt41_Handler
                0x0000589c        0x8 ./HAL/PCU/hal_pcu.o
                0x0000589c                Interrupt41_Handler
 .text.Interrupt42_Handler
                0x000058a4        0x8 ./HAL/PCU/hal_pcu.o
                0x000058a4                Interrupt42_Handler
 .text.__NVIC_EnableIRQ
                0x000058ac       0x1c ./HAL/I2C/hal_i2c.o
 .text.__NVIC_DisableIRQ
                0x000058c8       0x24 ./HAL/I2C/hal_i2c.o
 .text.__NVIC_SetPriority
                0x000058ec       0x28 ./HAL/I2C/hal_i2c.o
 .text.I2C_SetScuEnable
                0x00005914       0x32 ./HAL/I2C/hal_i2c.o
 .text.I2C_GetIRQNum
                0x00005946       0x22 ./HAL/I2C/hal_i2c.o
 .text.PRV_I2C_GetReg
                0x00005968        0xa ./HAL/I2C/hal_i2c.o
 .text.PRV_I2C_SetScuEnable
                0x00005972        0x8 ./HAL/I2C/hal_i2c.o
 *fill*         0x0000597a        0x2 
 .text.PRV_I2C_GetOpStatus
                0x0000597c       0x20 ./HAL/I2C/hal_i2c.o
 .text.PRV_I2C_SetOpStop
                0x0000599c       0x28 ./HAL/I2C/hal_i2c.o
 .text.i2cwr_dbg_record
                0x000059c4       0x30 ./HAL/I2C/hal_i2c.o
 .text.PRV_I2C_IRQHandler
                0x000059f4      0x34c ./HAL/I2C/hal_i2c.o
 .text.PRV_I2C_NMIHandler
                0x00005d40       0x2c ./HAL/I2C/hal_i2c.o
 .text.HAL_I2C_Init
                0x00005d6c       0x30 ./HAL/I2C/hal_i2c.o
                0x00005d6c                HAL_I2C_Init
 .text.HAL_I2C_SetConfig
                0x00005d9c       0x98 ./HAL/I2C/hal_i2c.o
                0x00005d9c                HAL_I2C_SetConfig
 .text.HAL_I2C_SetIRQ
                0x00005e34      0x114 ./HAL/I2C/hal_i2c.o
                0x00005e34                HAL_I2C_SetIRQ
 .text.HAL_I2C_Transmit
                0x00005f48      0x1a8 ./HAL/I2C/hal_i2c.o
                0x00005f48                HAL_I2C_Transmit
 .text.HAL_I2C_Receive
                0x000060f0      0x24c ./HAL/I2C/hal_i2c.o
                0x000060f0                HAL_I2C_Receive
 .text.HAL_I2C_WriteRead
                0x0000633c      0x23c ./HAL/I2C/hal_i2c.o
                0x0000633c                HAL_I2C_WriteRead
 .text.Interrupt60_Handler
                0x00006578        0xa ./HAL/I2C/hal_i2c.o
                0x00006578                Interrupt60_Handler
 .text.Interrupt61_Handler
                0x00006582        0xa ./HAL/I2C/hal_i2c.o
                0x00006582                Interrupt61_Handler
 .text.Interrupt62_Handler
                0x0000658c        0xa ./HAL/I2C/hal_i2c.o
                0x0000658c                Interrupt62_Handler
 .text.Interrupt100_Handler
                0x00006596        0xa ./HAL/I2C/hal_i2c.o
                0x00006596                Interrupt100_Handler
 .text.PRV_NMI_IRQHandler
                0x000065a0       0x70 ./HAL/HPL/NMI/hpl_nmi.o
 .text.HPL_NMI_SetSource
                0x00006610       0x58 ./HAL/HPL/NMI/hpl_nmi.o
                0x00006610                HPL_NMI_SetSource
 .text.NMI_Handler
                0x00006668        0x8 ./HAL/HPL/NMI/hpl_nmi.o
                0x00006668                NMI_Handler
 .text.__NVIC_EnableIRQ
                0x00006670       0x1c ./HAL/ADC/hal_adc.o
 .text.__NVIC_DisableIRQ
                0x0000668c       0x24 ./HAL/ADC/hal_adc.o
 .text.__NVIC_SetPriority
                0x000066b0       0x28 ./HAL/ADC/hal_adc.o
 .text.ADC_SetScuEnable
                0x000066d8       0x32 ./HAL/ADC/hal_adc.o
 .text.ADC_SetSeqTrgIndependent
                0x0000670a       0x9a ./HAL/ADC/hal_adc.o
 .text.PRV_ADC_GetReg
                0x000067a4        0xc ./HAL/ADC/hal_adc.o
 .text.PRV_ADC_SetScuEnable
                0x000067b0        0x8 ./HAL/ADC/hal_adc.o
 .text.PRV_ADC_PreInit
                0x000067b8       0x58 ./HAL/ADC/hal_adc.o
 .text.PRV_ADC_IRQHandler
                0x00006810       0x54 ./HAL/ADC/hal_adc.o
 .text.PRV_ADC_NMIHandler
                0x00006864       0x28 ./HAL/ADC/hal_adc.o
 .text.HAL_ADC_Init
                0x0000688c       0x38 ./HAL/ADC/hal_adc.o
                0x0000688c                HAL_ADC_Init
 .text.HAL_ADC_SetClkConfig
                0x000068c4       0x30 ./HAL/ADC/hal_adc.o
                0x000068c4                HAL_ADC_SetClkConfig
 .text.HAL_ADC_SetConfig
                0x000068f4       0x88 ./HAL/ADC/hal_adc.o
                0x000068f4                HAL_ADC_SetConfig
 .text.HAL_ADC_SetIRQ
                0x0000697c      0x11c ./HAL/ADC/hal_adc.o
                0x0000697c                HAL_ADC_SetIRQ
 .text.HAL_ADC_Start
                0x00006a98       0x68 ./HAL/ADC/hal_adc.o
                0x00006a98                HAL_ADC_Start
 .text.HAL_ADC_Stop
                0x00006b00       0x60 ./HAL/ADC/hal_adc.o
                0x00006b00                HAL_ADC_Stop
 .text.HAL_ADC_GetData
                0x00006b60       0x46 ./HAL/ADC/hal_adc.o
                0x00006b60                HAL_ADC_GetData
 *fill*         0x00006ba6        0x2 
 .text.HAL_ADC_SetSeqConfig
                0x00006ba8       0x50 ./HAL/ADC/hal_adc.o
                0x00006ba8                HAL_ADC_SetSeqConfig
 .text.Interrupt74_Handler
                0x00006bf8        0xa ./HAL/ADC/hal_adc.o
                0x00006bf8                Interrupt74_Handler
 .text.Interrupt75_Handler
                0x00006c02        0xa ./HAL/ADC/hal_adc.o
                0x00006c02                Interrupt75_Handler
 .text.Interrupt76_Handler
                0x00006c0c        0xa ./HAL/ADC/hal_adc.o
                0x00006c0c                Interrupt76_Handler
 .text.dbg_serial_tx_poll
                0x00006c16       0x10 ./Debug/Source/debug.o
 .text.dbg_serial_tx
                0x00006c26       0x10 ./Debug/Source/debug.o
 .text.dbg_serial_rx_poll
                0x00006c36       0x10 ./Debug/Source/debug.o
 .text.dbg_serial_rx
                0x00006c46       0x10 ./Debug/Source/debug.o
 .text.dbg_serial_abort
                0x00006c56        0xa ./Debug/Source/debug.o
 .text.dbg_serial_init
                0x00006c60       0x5c ./Debug/Source/debug.o
 .text.dbg_uart_irq_handler
                0x00006cbc       0x1e ./Debug/Source/debug.o
 *fill*         0x00006cda        0x2 
 .text.Debug_Init
                0x00006cdc       0x10 ./Debug/Source/debug.o
                0x00006cdc                Debug_Init
 .text.debug_log
                0x00006cec       0x34 ./Debug/Source/debug_log.o
                0x00006cec                debug_log
 .text._write   0x00006d20       0x1a ./Debug/Source/debug_retarget.o
                0x00006d20                _write
 .text._read    0x00006d3a       0x16 ./Debug/Source/debug_retarget.o
                0x00006d3a                _read
 .text._close   0x00006d50        0x4 ./Debug/Source/debug_retarget.o
                0x00006d50                _close
 .text._fstat   0x00006d54        0x4 ./Debug/Source/debug_retarget.o
                0x00006d54                _fstat
 .text._isatty  0x00006d58        0x4 ./Debug/Source/debug_retarget.o
                0x00006d58                _isatty
 .text._lseek   0x00006d5c        0x4 ./Debug/Source/debug_retarget.o
                0x00006d5c                _lseek
 .text.serial_fifo_init
                0x00006d60       0x10 ./Debug/Source/debug_serial.o
 .text.serial_fifo_tx_flush
                0x00006d70       0x60 ./Debug/Source/debug_serial.o
 .text.serial_continue_tx
                0x00006dd0       0x68 ./Debug/Source/debug_serial.o
                0x00006dd0                serial_continue_tx
 .text.serial_init
                0x00006e38       0x4c ./Debug/Source/debug_serial.o
                0x00006e38                serial_init
 .text.serial_putc
                0x00006e84       0x5c ./Debug/Source/debug_serial.o
                0x00006e84                serial_putc
 .text.serial_continue_rx
                0x00006ee0       0x6c ./Debug/Source/debug_serial.o
                0x00006ee0                serial_continue_rx
 .text.serial_getc
                0x00006f4c       0x64 ./Debug/Source/debug_serial.o
                0x00006f4c                serial_getc
 .text.HardFault_Handler
                0x00006fb0        0x2 ./ABOV/Source/startup_a34xxxx.o
                0x00006fb0                HardFault_Handler
 .text.Default_Handler
                0x00006fb2        0x2 ./ABOV/Source/startup_a34xxxx.o
                0x00006fb2                DebugMon_Handler
                0x00006fb2                Interrupt31_Handler
                0x00006fb2                Interrupt71_Handler
                0x00006fb2                Interrupt93_Handler
                0x00006fb2                Interrupt107_Handler
                0x00006fb2                PendSV_Handler
                0x00006fb2                Interrupt11_Handler
                0x00006fb2                Interrupt56_Handler
                0x00006fb2                Interrupt117_Handler
                0x00006fb2                Interrupt29_Handler
                0x00006fb2                Interrupt103_Handler
                0x00006fb2                Interrupt106_Handler
                0x00006fb2                Interrupt72_Handler
                0x00006fb2                Interrupt89_Handler
                0x00006fb2                Interrupt81_Handler
                0x00006fb2                Interrupt28_Handler
                0x00006fb2                Interrupt33_Handler
                0x00006fb2                Interrupt8_Handler
                0x00006fb2                Interrupt73_Handler
                0x00006fb2                Interrupt5_Handler
                0x00006fb2                UsageFault_Handler
                0x00006fb2                Interrupt35_Handler
                0x00006fb2                Interrupt27_Handler
                0x00006fb2                Interrupt26_Handler
                0x00006fb2                Interrupt87_Handler
                0x00006fb2                Interrupt123_Handler
                0x00006fb2                Interrupt124_Handler
                0x00006fb2                Interrupt90_Handler
                0x00006fb2                Interrupt83_Handler
                0x00006fb2                Interrupt122_Handler
                0x00006fb2                Interrupt44_Handler
                0x00006fb2                Interrupt34_Handler
                0x00006fb2                Interrupt121_Handler
                0x00006fb2                Interrupt7_Handler
                0x00006fb2                Interrupt0_Handler
                0x00006fb2                Interrupt54_Handler
                0x00006fb2                Interrupt120_Handler
                0x00006fb2                Interrupt52_Handler
                0x00006fb2                Interrupt105_Handler
                0x00006fb2                Interrupt69_Handler
                0x00006fb2                Interrupt4_Handler
                0x00006fb2                Interrupt115_Handler
                0x00006fb2                Default_Handler
                0x00006fb2                Interrupt92_Handler
                0x00006fb2                Interrupt9_Handler
                0x00006fb2                Interrupt118_Handler
                0x00006fb2                Interrupt97_Handler
                0x00006fb2                Interrupt32_Handler
                0x00006fb2                Interrupt6_Handler
                0x00006fb2                Interrupt53_Handler
                0x00006fb2                Interrupt79_Handler
                0x00006fb2                Interrupt85_Handler
                0x00006fb2                Interrupt98_Handler
                0x00006fb2                Interrupt96_Handler
                0x00006fb2                Interrupt45_Handler
                0x00006fb2                MemManage_Handler
                0x00006fb2                SVC_Handler
                0x00006fb2                Interrupt10_Handler
                0x00006fb2                Interrupt25_Handler
                0x00006fb2                Interrupt88_Handler
                0x00006fb2                Interrupt101_Handler
                0x00006fb2                Interrupt43_Handler
                0x00006fb2                Interrupt116_Handler
                0x00006fb2                Interrupt91_Handler
                0x00006fb2                Interrupt99_Handler
                0x00006fb2                Interrupt102_Handler
                0x00006fb2                Interrupt14_Handler
                0x00006fb2                Interrupt82_Handler
                0x00006fb2                Interrupt13_Handler
                0x00006fb2                Interrupt58_Handler
                0x00006fb2                Interrupt59_Handler
                0x00006fb2                Interrupt46_Handler
                0x00006fb2                Interrupt51_Handler
                0x00006fb2                Interrupt119_Handler
                0x00006fb2                Interrupt70_Handler
                0x00006fb2                Interrupt86_Handler
                0x00006fb2                Interrupt48_Handler
                0x00006fb2                BusFault_Handler
                0x00006fb2                Interrupt94_Handler
                0x00006fb2                Interrupt77_Handler
                0x00006fb2                Interrupt55_Handler
                0x00006fb2                Interrupt95_Handler
                0x00006fb2                Interrupt50_Handler
                0x00006fb2                Interrupt78_Handler
                0x00006fb2                Interrupt30_Handler
                0x00006fb2                Interrupt47_Handler
                0x00006fb2                Interrupt57_Handler
                0x00006fb2                Interrupt12_Handler
                0x00006fb2                Interrupt84_Handler
                0x00006fb2                Interrupt104_Handler
                0x00006fb2                Interrupt49_Handler
                0x00006fb2                Interrupt80_Handler
 .text.Reset_Handler
                0x00006fb4       0x60 ./ABOV/Source/startup_a34xxxx.o
                0x00006fb4                Reset_Handler
 .text.SystemInit
                0x00007014       0x48 ./ABOV/Source/system_a34xxxx.o
                0x00007014                SystemInit
 .text.SystemDelayMS
                0x0000705c       0x1c ./ABOV/Source/system_a34xxxx.o
                0x0000705c                SystemDelayMS
 .text.SystemDelayUS
                0x00007078       0x1c ./ABOV/Source/system_a34xxxx.o
                0x00007078                SystemDelayUS
 .text          0x00007094       0x30 C:/ABOV/eMStudio32/bin/13.2 Rel1/bin/../lib/gcc/arm-none-eabi/13.2.1/thumb/v7e-m/nofp\libgcc.a(_aeabi_uldivmod.o)
                0x00007094                __aeabi_uldivmod
 .text.__udivmoddi4
                0x000070c4      0x2bc C:/ABOV/eMStudio32/bin/13.2 Rel1/bin/../lib/gcc/arm-none-eabi/13.2.1/thumb/v7e-m/nofp\libgcc.a(_udivmoddi4.o)
                0x000070c4                __udivmoddi4
 .text          0x00007380        0x4 C:/ABOV/eMStudio32/bin/13.2 Rel1/bin/../lib/gcc/arm-none-eabi/13.2.1/thumb/v7e-m/nofp\libgcc.a(_dvmd_tls.o)
                0x00007380                __aeabi_idiv0
                0x00007380                __aeabi_ldiv0
 .text.exit     0x00007384       0x24 C:/ABOV/eMStudio32/bin/13.2 Rel1/bin/../lib/gcc/arm-none-eabi/13.2.1/thumb/v7e-m/nofp\libg_nano.a(libc_a-exit.o)
                0x00007384                exit
 .text.std      0x000073a8       0x6c C:/ABOV/eMStudio32/bin/13.2 Rel1/bin/../lib/gcc/arm-none-eabi/13.2.1/thumb/v7e-m/nofp\libg_nano.a(libc_a-findfp.o)
 .text.stdio_exit_handler
                0x00007414       0x18 C:/ABOV/eMStudio32/bin/13.2 Rel1/bin/../lib/gcc/arm-none-eabi/13.2.1/thumb/v7e-m/nofp\libg_nano.a(libc_a-findfp.o)
 .text.cleanup_stdio
                0x0000742c       0x40 C:/ABOV/eMStudio32/bin/13.2 Rel1/bin/../lib/gcc/arm-none-eabi/13.2.1/thumb/v7e-m/nofp\libg_nano.a(libc_a-findfp.o)
 .text.global_stdio_init.part.0
                0x0000746c       0x3c C:/ABOV/eMStudio32/bin/13.2 Rel1/bin/../lib/gcc/arm-none-eabi/13.2.1/thumb/v7e-m/nofp\libg_nano.a(libc_a-findfp.o)
 .text.__sfp_lock_acquire
                0x000074a8        0xc C:/ABOV/eMStudio32/bin/13.2 Rel1/bin/../lib/gcc/arm-none-eabi/13.2.1/thumb/v7e-m/nofp\libg_nano.a(libc_a-findfp.o)
                0x000074a8                __sfp_lock_acquire
 .text.__sfp_lock_release
                0x000074b4        0xc C:/ABOV/eMStudio32/bin/13.2 Rel1/bin/../lib/gcc/arm-none-eabi/13.2.1/thumb/v7e-m/nofp\libg_nano.a(libc_a-findfp.o)
                0x000074b4                __sfp_lock_release
 .text.__sinit  0x000074c0       0x30 C:/ABOV/eMStudio32/bin/13.2 Rel1/bin/../lib/gcc/arm-none-eabi/13.2.1/thumb/v7e-m/nofp\libg_nano.a(libc_a-findfp.o)
                0x000074c0                __sinit
 .text._fwalk_sglue
                0x000074f0       0x3c C:/ABOV/eMStudio32/bin/13.2 Rel1/bin/../lib/gcc/arm-none-eabi/13.2.1/thumb/v7e-m/nofp\libg_nano.a(libc_a-fwalk.o)
                0x000074f0                _fwalk_sglue
 .text.printf   0x0000752c       0x24 C:/ABOV/eMStudio32/bin/13.2 Rel1/bin/../lib/gcc/arm-none-eabi/13.2.1/thumb/v7e-m/nofp\libg_nano.a(libc_a-printf.o)
                0x0000752c                iprintf
                0x0000752c                printf
 .text.setvbuf  0x00007550      0x168 C:/ABOV/eMStudio32/bin/13.2 Rel1/bin/../lib/gcc/arm-none-eabi/13.2.1/thumb/v7e-m/nofp\libg_nano.a(libc_a-setvbuf.o)
                0x00007550                setvbuf
 .text.snprintf
                0x000076b8       0x68 C:/ABOV/eMStudio32/bin/13.2 Rel1/bin/../lib/gcc/arm-none-eabi/13.2.1/thumb/v7e-m/nofp\libg_nano.a(libc_a-snprintf.o)
                0x000076b8                sniprintf
                0x000076b8                snprintf
 .text.sprintf  0x00007720       0x40 C:/ABOV/eMStudio32/bin/13.2 Rel1/bin/../lib/gcc/arm-none-eabi/13.2.1/thumb/v7e-m/nofp\libg_nano.a(libc_a-sprintf.o)
                0x00007720                siprintf
                0x00007720                sprintf
 .text.__sread  0x00007760       0x22 C:/ABOV/eMStudio32/bin/13.2 Rel1/bin/../lib/gcc/arm-none-eabi/13.2.1/thumb/v7e-m/nofp\libg_nano.a(libc_a-stdio.o)
                0x00007760                __sread
 .text.__swrite
                0x00007782       0x38 C:/ABOV/eMStudio32/bin/13.2 Rel1/bin/../lib/gcc/arm-none-eabi/13.2.1/thumb/v7e-m/nofp\libg_nano.a(libc_a-stdio.o)
                0x00007782                __swrite
 .text.__sseek  0x000077ba       0x24 C:/ABOV/eMStudio32/bin/13.2 Rel1/bin/../lib/gcc/arm-none-eabi/13.2.1/thumb/v7e-m/nofp\libg_nano.a(libc_a-stdio.o)
                0x000077ba                __sseek
 .text.__sclose
                0x000077de        0x8 C:/ABOV/eMStudio32/bin/13.2 Rel1/bin/../lib/gcc/arm-none-eabi/13.2.1/thumb/v7e-m/nofp\libg_nano.a(libc_a-stdio.o)
                0x000077de                __sclose
 .text._vsnprintf_r
                0x000077e6       0x56 C:/ABOV/eMStudio32/bin/13.2 Rel1/bin/../lib/gcc/arm-none-eabi/13.2.1/thumb/v7e-m/nofp\libg_nano.a(libc_a-vsnprintf.o)
                0x000077e6                _vsniprintf_r
                0x000077e6                _vsnprintf_r
 .text.vsnprintf
                0x0000783c       0x1c C:/ABOV/eMStudio32/bin/13.2 Rel1/bin/../lib/gcc/arm-none-eabi/13.2.1/thumb/v7e-m/nofp\libg_nano.a(libc_a-vsnprintf.o)
                0x0000783c                vsniprintf
                0x0000783c                vsnprintf
 .text.memset   0x00007858       0x10 C:/ABOV/eMStudio32/bin/13.2 Rel1/bin/../lib/gcc/arm-none-eabi/13.2.1/thumb/v7e-m/nofp\libg_nano.a(libc_a-memset.o)
                0x00007858                memset
 .text.strchr   0x00007868       0x1a C:/ABOV/eMStudio32/bin/13.2 Rel1/bin/../lib/gcc/arm-none-eabi/13.2.1/thumb/v7e-m/nofp\libg_nano.a(libc_a-strchr.o)
                0x00007868                strchr
 .text.strncpy  0x00007882       0x26 C:/ABOV/eMStudio32/bin/13.2 Rel1/bin/../lib/gcc/arm-none-eabi/13.2.1/thumb/v7e-m/nofp\libg_nano.a(libc_a-strncpy.o)
                0x00007882                strncpy
 .text.strstr   0x000078a8       0x2c C:/ABOV/eMStudio32/bin/13.2 Rel1/bin/../lib/gcc/arm-none-eabi/13.2.1/thumb/v7e-m/nofp\libg_nano.a(libc_a-strstr.o)
                0x000078a8                strstr
 .text._close_r
                0x000078d4       0x20 C:/ABOV/eMStudio32/bin/13.2 Rel1/bin/../lib/gcc/arm-none-eabi/13.2.1/thumb/v7e-m/nofp\libg_nano.a(libc_a-closer.o)
                0x000078d4                _close_r
 .text._lseek_r
                0x000078f4       0x24 C:/ABOV/eMStudio32/bin/13.2 Rel1/bin/../lib/gcc/arm-none-eabi/13.2.1/thumb/v7e-m/nofp\libg_nano.a(libc_a-lseekr.o)
                0x000078f4                _lseek_r
 .text._read_r  0x00007918       0x24 C:/ABOV/eMStudio32/bin/13.2 Rel1/bin/../lib/gcc/arm-none-eabi/13.2.1/thumb/v7e-m/nofp\libg_nano.a(libc_a-readr.o)
                0x00007918                _read_r
 .text._write_r
                0x0000793c       0x24 C:/ABOV/eMStudio32/bin/13.2 Rel1/bin/../lib/gcc/arm-none-eabi/13.2.1/thumb/v7e-m/nofp\libg_nano.a(libc_a-writer.o)
                0x0000793c                _write_r
 .text.__libc_init_array
                0x00007960       0x48 C:/ABOV/eMStudio32/bin/13.2 Rel1/bin/../lib/gcc/arm-none-eabi/13.2.1/thumb/v7e-m/nofp\libg_nano.a(libc_a-init.o)
                0x00007960                __libc_init_array
 .text.__retarget_lock_init_recursive
                0x000079a8        0x2 C:/ABOV/eMStudio32/bin/13.2 Rel1/bin/../lib/gcc/arm-none-eabi/13.2.1/thumb/v7e-m/nofp\libg_nano.a(libc_a-lock.o)
                0x000079a8                __retarget_lock_init_recursive
 .text.__retarget_lock_acquire_recursive
                0x000079aa        0x2 C:/ABOV/eMStudio32/bin/13.2 Rel1/bin/../lib/gcc/arm-none-eabi/13.2.1/thumb/v7e-m/nofp\libg_nano.a(libc_a-lock.o)
                0x000079aa                __retarget_lock_acquire_recursive
 .text.__retarget_lock_release_recursive
                0x000079ac        0x2 C:/ABOV/eMStudio32/bin/13.2 Rel1/bin/../lib/gcc/arm-none-eabi/13.2.1/thumb/v7e-m/nofp\libg_nano.a(libc_a-lock.o)
                0x000079ac                __retarget_lock_release_recursive
 .text.memcpy   0x000079ae       0x1c C:/ABOV/eMStudio32/bin/13.2 Rel1/bin/../lib/gcc/arm-none-eabi/13.2.1/thumb/v7e-m/nofp\libg_nano.a(libc_a-memcpy-stub.o)
                0x000079ae                memcpy
 .text          0x000079ca       0x10 C:/ABOV/eMStudio32/bin/13.2 Rel1/bin/../lib/gcc/arm-none-eabi/13.2.1/thumb/v7e-m/nofp\libg_nano.a(libc_a-strlen.o)
                0x000079ca                strlen
 *fill*         0x000079da        0x2 
 .text._free_r  0x000079dc       0x94 C:/ABOV/eMStudio32/bin/13.2 Rel1/bin/../lib/gcc/arm-none-eabi/13.2.1/thumb/v7e-m/nofp\libg_nano.a(libc_a-freer.o)
                0x000079dc                _free_r
 .text.malloc   0x00007a70       0x10 C:/ABOV/eMStudio32/bin/13.2 Rel1/bin/../lib/gcc/arm-none-eabi/13.2.1/thumb/v7e-m/nofp\libg_nano.a(libc_a-malloc.o)
                0x00007a70                malloc
 .text.sbrk_aligned
                0x00007a80       0x44 C:/ABOV/eMStudio32/bin/13.2 Rel1/bin/../lib/gcc/arm-none-eabi/13.2.1/thumb/v7e-m/nofp\libg_nano.a(libc_a-mallocr.o)
 .text._malloc_r
                0x00007ac4      0x100 C:/ABOV/eMStudio32/bin/13.2 Rel1/bin/../lib/gcc/arm-none-eabi/13.2.1/thumb/v7e-m/nofp\libg_nano.a(libc_a-mallocr.o)
                0x00007ac4                _malloc_r
 .text.__malloc_lock
                0x00007bc4        0xc C:/ABOV/eMStudio32/bin/13.2 Rel1/bin/../lib/gcc/arm-none-eabi/13.2.1/thumb/v7e-m/nofp\libg_nano.a(libc_a-mlock.o)
                0x00007bc4                __malloc_lock
 .text.__malloc_unlock
                0x00007bd0        0xc C:/ABOV/eMStudio32/bin/13.2 Rel1/bin/../lib/gcc/arm-none-eabi/13.2.1/thumb/v7e-m/nofp\libg_nano.a(libc_a-mlock.o)
                0x00007bd0                __malloc_unlock
 .text.__ssputs_r
                0x00007bdc       0xb6 C:/ABOV/eMStudio32/bin/13.2 Rel1/bin/../lib/gcc/arm-none-eabi/13.2.1/thumb/v7e-m/nofp\libg_nano.a(libc_a-nano-svfprintf.o)
                0x00007bdc                __ssputs_r
 *fill*         0x00007c92        0x2 
 .text._svfprintf_r
                0x00007c94      0x1f8 C:/ABOV/eMStudio32/bin/13.2 Rel1/bin/../lib/gcc/arm-none-eabi/13.2.1/thumb/v7e-m/nofp\libg_nano.a(libc_a-nano-svfprintf.o)
                0x00007c94                _svfiprintf_r
                0x00007c94                _svfprintf_r
 .text.__sfputc_r
                0x00007e8c       0x2a C:/ABOV/eMStudio32/bin/13.2 Rel1/bin/../lib/gcc/arm-none-eabi/13.2.1/thumb/v7e-m/nofp\libg_nano.a(libc_a-nano-vfprintf.o)
 .text.__sfputs_r
                0x00007eb6       0x24 C:/ABOV/eMStudio32/bin/13.2 Rel1/bin/../lib/gcc/arm-none-eabi/13.2.1/thumb/v7e-m/nofp\libg_nano.a(libc_a-nano-vfprintf.o)
                0x00007eb6                __sfputs_r
 *fill*         0x00007eda        0x2 
 .text._vfprintf_r
                0x00007edc      0x230 C:/ABOV/eMStudio32/bin/13.2 Rel1/bin/../lib/gcc/arm-none-eabi/13.2.1/thumb/v7e-m/nofp\libg_nano.a(libc_a-nano-vfprintf.o)
                0x00007edc                _vfprintf_r
                0x00007edc                _vfiprintf_r
 .text._printf_common
                0x0000810c       0xda C:/ABOV/eMStudio32/bin/13.2 Rel1/bin/../lib/gcc/arm-none-eabi/13.2.1/thumb/v7e-m/nofp\libg_nano.a(libc_a-nano-vfprintf_i.o)
                0x0000810c                _printf_common
 *fill*         0x000081e6        0x2 
 .text._printf_i
                0x000081e8      0x23c C:/ABOV/eMStudio32/bin/13.2 Rel1/bin/../lib/gcc/arm-none-eabi/13.2.1/thumb/v7e-m/nofp\libg_nano.a(libc_a-nano-vfprintf_i.o)
                0x000081e8                _printf_i
 .text.__sflush_r
                0x00008424      0x100 C:/ABOV/eMStudio32/bin/13.2 Rel1/bin/../lib/gcc/arm-none-eabi/13.2.1/thumb/v7e-m/nofp\libg_nano.a(libc_a-fflush.o)
                0x00008424                __sflush_r
 .text._fflush_r
                0x00008524       0x50 C:/ABOV/eMStudio32/bin/13.2 Rel1/bin/../lib/gcc/arm-none-eabi/13.2.1/thumb/v7e-m/nofp\libg_nano.a(libc_a-fflush.o)
                0x00008524                _fflush_r
 .text.__swhatbuf_r
                0x00008574       0x4c C:/ABOV/eMStudio32/bin/13.2 Rel1/bin/../lib/gcc/arm-none-eabi/13.2.1/thumb/v7e-m/nofp\libg_nano.a(libc_a-makebuf.o)
                0x00008574                __swhatbuf_r
 .text.__smakebuf_r
                0x000085c0       0x78 C:/ABOV/eMStudio32/bin/13.2 Rel1/bin/../lib/gcc/arm-none-eabi/13.2.1/thumb/v7e-m/nofp\libg_nano.a(libc_a-makebuf.o)
                0x000085c0                __smakebuf_r
 .text.__swbuf_r
                0x00008638       0x7c C:/ABOV/eMStudio32/bin/13.2 Rel1/bin/../lib/gcc/arm-none-eabi/13.2.1/thumb/v7e-m/nofp\libg_nano.a(libc_a-wbuf.o)
                0x00008638                __swbuf_r
 .text.__swsetup_r
                0x000086b4       0xac C:/ABOV/eMStudio32/bin/13.2 Rel1/bin/../lib/gcc/arm-none-eabi/13.2.1/thumb/v7e-m/nofp\libg_nano.a(libc_a-wsetup.o)
                0x000086b4                __swsetup_r
 .text.memmove  0x00008760       0x34 C:/ABOV/eMStudio32/bin/13.2 Rel1/bin/../lib/gcc/arm-none-eabi/13.2.1/thumb/v7e-m/nofp\libg_nano.a(libc_a-memmove.o)
                0x00008760                memmove
 .text._fstat_r
                0x00008794       0x24 C:/ABOV/eMStudio32/bin/13.2 Rel1/bin/../lib/gcc/arm-none-eabi/13.2.1/thumb/v7e-m/nofp\libg_nano.a(libc_a-fstatr.o)
                0x00008794                _fstat_r
 .text._isatty_r
                0x000087b8       0x20 C:/ABOV/eMStudio32/bin/13.2 Rel1/bin/../lib/gcc/arm-none-eabi/13.2.1/thumb/v7e-m/nofp\libg_nano.a(libc_a-isattyr.o)
                0x000087b8                _isatty_r
 .text._sbrk_r  0x000087d8       0x20 C:/ABOV/eMStudio32/bin/13.2 Rel1/bin/../lib/gcc/arm-none-eabi/13.2.1/thumb/v7e-m/nofp\libg_nano.a(libc_a-sbrkr.o)
                0x000087d8                _sbrk_r
 *fill*         0x000087f8        0x8 
 .text          0x00008800       0xa0 C:/ABOV/eMStudio32/bin/13.2 Rel1/bin/../lib/gcc/arm-none-eabi/13.2.1/thumb/v7e-m/nofp\libg_nano.a(libc_a-memchr.o)
                0x00008800                memchr
 .text._realloc_r
                0x000088a0       0x5c C:/ABOV/eMStudio32/bin/13.2 Rel1/bin/../lib/gcc/arm-none-eabi/13.2.1/thumb/v7e-m/nofp\libg_nano.a(libc_a-reallocr.o)
                0x000088a0                _realloc_r
 .text._malloc_usable_size_r
                0x000088fc       0x10 C:/ABOV/eMStudio32/bin/13.2 Rel1/bin/../lib/gcc/arm-none-eabi/13.2.1/thumb/v7e-m/nofp\libg_nano.a(libc_a-msizer.o)
                0x000088fc                _malloc_usable_size_r
 .text._sbrk    0x0000890c       0x1c C:/ABOV/eMStudio32/bin/13.2 Rel1/bin/../lib/gcc/arm-none-eabi/13.2.1/thumb/v7e-m/nofp\libnosys.a(sbrk.o)
                0x0000890c                _sbrk
 .text._exit    0x00008928        0x4 C:/ABOV/eMStudio32/bin/13.2 Rel1/bin/../lib/gcc/arm-none-eabi/13.2.1/thumb/v7e-m/nofp\libnosys.a(_exit.o)
                0x00008928                _exit
 *(.init)
 .init          0x0000892c        0x4 C:/ABOV/eMStudio32/bin/13.2 Rel1/bin/../lib/gcc/arm-none-eabi/13.2.1/thumb/v7e-m/nofp/crti.o
                0x0000892c                _init
 .init          0x00008930        0x8 C:/ABOV/eMStudio32/bin/13.2 Rel1/bin/../lib/gcc/arm-none-eabi/13.2.1/thumb/v7e-m/nofp/crtn.o
 *(.fini)
 .fini          0x00008938        0x4 C:/ABOV/eMStudio32/bin/13.2 Rel1/bin/../lib/gcc/arm-none-eabi/13.2.1/thumb/v7e-m/nofp/crti.o
                0x00008938                _fini
 .fini          0x0000893c        0x8 C:/ABOV/eMStudio32/bin/13.2 Rel1/bin/../lib/gcc/arm-none-eabi/13.2.1/thumb/v7e-m/nofp/crtn.o
 *crtbegin.o(.ctors)
 *crtbegin?.o(.ctors)
 *(EXCLUDE_FILE(*crtend.o *crtend?.o) .ctors)
 *(SORT_BY_NAME(.ctors.*))
 *(.ctors)
 *crtbegin.o(.dtors)
 *crtbegin?.o(.dtors)
 *(EXCLUDE_FILE(*crtend.o *crtend?.o) .dtors)
 *(SORT_BY_NAME(.dtors.*))
 *(.dtors)
 *(.rodata*)
 .rodata.prov_wait_long_press.str1.4
                0x00008944     0x14eb ./Main/Libraries/cert_Lib/mqtt_cert_provision.o
                                 0x3d (size before relaxing)
 .rodata.MqttCertProv_Run.str1.4
                0x00009e2f       0xd0 ./Main/Libraries/cert_Lib/mqtt_cert_provision.o
 .rodata.MqttCerts_GetRootCA.str1.4
                0x00009e2f        0x1 ./Main/Libraries/cert_Lib/mqtt_certs.o
 .rodata.MqttCerts_EraseFlash.str1.4
                0x00009e2f       0x81 ./Main/Libraries/cert_Lib/mqtt_certs.o
 .rodata.MqttCerts_LogFlashIfPresent.str1.4
                0x00009e2f       0x31 ./Main/Libraries/cert_Lib/mqtt_certs.o
 .rodata.MqttCerts_LogStorage.str1.4
                0x00009e2f       0x6f ./Main/Libraries/cert_Lib/mqtt_certs.o
 .rodata.str1.4
                0x00009e2f       0x31 ./Main/Libraries/cert_Lib/mqtt_certs.o
 *fill*         0x00009e2f        0x1 
 .rodata.s_allLeds
                0x00009e30       0x14 ./Main/Libraries/UserButton/user_button.o
 .rodata.Sensor_LEDTest.str1.4
                0x00009e44       0x8d ./Main/Libraries/Sensor/sensor.o
 .rodata.Sensor_TestAll.str1.4
                0x00009e44      0x1f2 ./Main/Libraries/Sensor/sensor.o
 .rodata.Sensor_FormatJSON.str1.4
                0x00009e44       0x59 ./Main/Libraries/Sensor/sensor.o
 .rodata.Sensor_FormatAlarmJSON.str1.4
                0x00009e44      0x248 ./Main/Libraries/Sensor/sensor.o
 .rodata        0x00009e44       0x14 ./Main/Libraries/Sensor/sensor.o
 .rodata.MQTT_ConnectBroker.str1.4
                0x00009e58       0x13 ./Main/Libraries/MQTT_Library/EMPA_MqttAws.o
 .rodata.MQTT_PublishAlarm.str1.4
                0x00009e58       0x1d ./Main/Libraries/MQTT_Library/EMPA_MqttAws.o
 .rodata.str1.4
                0x00009e58       0x42 ./Main/Libraries/MQTT_Library/EMPA_MqttAws.o
 .rodata.wifi_sysmfg_write_binary.str1.4
                0x00009e58       0x1d ./Main/Libraries/MQTT_Library/mqtt_core.o
 .rodata.Wifi_Reset2.str1.4
                0x00009e58       0x16 ./Main/Libraries/MQTT_Library/mqtt_core.o
 .rodata.Wifi_SetWifiMode2.str1.4
                0x00009e58        0xf ./Main/Libraries/MQTT_Library/mqtt_core.o
 .rodata.Wifi_StartSmartConfig2.str1.4
                0x00009e58       0x12 ./Main/Libraries/MQTT_Library/mqtt_core.o
 .rodata.Wifi_StopSmartConfig2.str1.4
                0x00009e58       0x11 ./Main/Libraries/MQTT_Library/mqtt_core.o
 .rodata.Wifi_QAP2.str1.4
                0x00009e58        0xb ./Main/Libraries/MQTT_Library/mqtt_core.o
 .rodata.Wifi_SetAP2.str1.4
                0x00009e58       0x24 ./Main/Libraries/MQTT_Library/mqtt_core.o
 .rodata.Wifi_SetTime2.str1.4
                0x00009e58       0x24 ./Main/Libraries/MQTT_Library/mqtt_core.o
 .rodata.Wifi_MqttUserConfig2.str1.4
                0x00009e58       0x2e ./Main/Libraries/MQTT_Library/mqtt_core.o
 .rodata.Wifi_MqttCertsUpload2.str1.4
                0x00009e58       0xef ./Main/Libraries/MQTT_Library/mqtt_core.o
 .rodata.Wifi_MqttSni2.str1.4
                0x00009e58       0x14 ./Main/Libraries/MQTT_Library/mqtt_core.o
 .rodata.Wifi_MqttConnConfig2.str1.4
                0x00009e58       0x2d ./Main/Libraries/MQTT_Library/mqtt_core.o
 .rodata.Wifi_MqttConn2.str1.4
                0x00009e58       0x1b ./Main/Libraries/MQTT_Library/mqtt_core.o
 .rodata.Wifi_GetMqttConn2.str1.4
                0x00009e58        0xf ./Main/Libraries/MQTT_Library/mqtt_core.o
 .rodata.Wifi_MqttPubRaw2.str1.4
                0x00009e58       0x20 ./Main/Libraries/MQTT_Library/mqtt_core.o
 .rodata.parse_wifi_info.str1.4
                0x00009e58       0x12 ./Main/Libraries/MQTT_Library/mqtt_core.o
 .rodata.MQTT_Init.str1.4
                0x00009e58      0x3db ./Main/Libraries/MQTT_Library/mqtt_core.o
 .rodata.str1.4
                0x00009e58      0x134 ./Main/Libraries/MQTT_Library/mqtt_core.o
 .rodata.abov_port
                0x00009e58       0x30 ./Main/Libraries/MQTT_Library/mqtt_port_abov.o
 .rodata.gpio_map
                0x00009e88        0x8 ./Main/Libraries/MQTT_Library/mqtt_port_abov.o
 .rodata.LIS2DE12_Init.str1.4
                0x00009e90       0xe6 ./Main/Libraries/LISDE12TR/LIS2DE12_app.o
 .rodata.LIS2DE12_ReadAcceleration.str1.4
                0x00009e90       0x26 ./Main/Libraries/LISDE12TR/LIS2DE12_app.o
 .rodata.esp32_try_at_once.str1.4
                0x00009e90        0xb ./Main/Libraries/ESP32_AT_Test/ESP32_AT_Test.o
 .rodata.ESP32_PowerCycle.str1.4
                0x00009e90       0x20 ./Main/Libraries/ESP32_AT_Test/ESP32_AT_Test.o
 .rodata.ESP32_Simple_AT_Test.str1.4
                0x00009e90       0x6f ./Main/Libraries/ESP32_AT_Test/ESP32_AT_Test.o
 .rodata.ESP32_AT_Test_WithRecovery.str1.4
                0x00009e90       0x19 ./Main/Libraries/ESP32_AT_Test/ESP32_AT_Test.o
 .rodata.DebugFramework_PutsLine.str1.4
                0x00009e90        0x3 ./Main/Libraries/DebugLibrary/debug_framework.o
 .rodata.GetChipSetInfo.str1.4
                0x00009e90      0x157 ./Main/main.o
 .rodata        0x00009e90        0x9 ./Main/prv_scu_clk.o
 .rodata.PRV_USER_Code.str1.4
                0x00009e99      0x2a0 ./Main/prv_user_code.o
 *fill*         0x00009e99        0x3 
 .rodata        0x00009e9c        0x6 ./Main/user_timer1.o
 *fill*         0x00009ea2        0x2 
 .rodata        0x00009ea4        0xc ./Main/user_uart.o
 .rodata        0x00009eb0        0x3 ./Debug/Source/debug.o
 .rodata.debug_log.str1.4
                0x00009eb3        0x3 ./Debug/Source/debug_log.o
 .rodata._svfprintf_r.str1.1
                0x00009eb3       0x33 C:/ABOV/eMStudio32/bin/13.2 Rel1/bin/../lib/gcc/arm-none-eabi/13.2.1/thumb/v7e-m/nofp\libg_nano.a(libc_a-nano-svfprintf.o)
                                 0x11 (size before relaxing)
 .rodata._vfprintf_r.str1.1
                0x00009ee6       0x11 C:/ABOV/eMStudio32/bin/13.2 Rel1/bin/../lib/gcc/arm-none-eabi/13.2.1/thumb/v7e-m/nofp\libg_nano.a(libc_a-nano-vfprintf.o)
 .rodata._printf_i.str1.1
                0x00009ee6       0x22 C:/ABOV/eMStudio32/bin/13.2 Rel1/bin/../lib/gcc/arm-none-eabi/13.2.1/thumb/v7e-m/nofp\libg_nano.a(libc_a-nano-vfprintf_i.o)
 *(.eh_frame*)
 *fill*         0x00009ee6        0x2 
 .eh_frame      0x00009ee8        0x0 C:/ABOV/eMStudio32/bin/13.2 Rel1/bin/../lib/gcc/arm-none-eabi/13.2.1/thumb/v7e-m/nofp/crtbegin.o
 .eh_frame      0x00009ee8       0x28 C:/ABOV/eMStudio32/bin/13.2 Rel1/bin/../lib/gcc/arm-none-eabi/13.2.1/thumb/v7e-m/nofp\libg_nano.a(libc_a-strlen.o)
 .eh_frame      0x00009f10       0x50 C:/ABOV/eMStudio32/bin/13.2 Rel1/bin/../lib/gcc/arm-none-eabi/13.2.1/thumb/v7e-m/nofp\libg_nano.a(libc_a-memchr.o)
 .eh_frame      0x00009f60        0x4 C:/ABOV/eMStudio32/bin/13.2 Rel1/bin/../lib/gcc/arm-none-eabi/13.2.1/thumb/v7e-m/nofp/crtend.o

.glue_7         0x00009f64        0x0
 .glue_7        0x00009f64        0x0 linker stubs

.glue_7t        0x00009f64        0x0
 .glue_7t       0x00009f64        0x0 linker stubs

.vfp11_veneer   0x00009f64        0x0
 .vfp11_veneer  0x00009f64        0x0 linker stubs

.v4_bx          0x00009f64        0x0
 .v4_bx         0x00009f64        0x0 linker stubs

.iplt           0x00009f64        0x0
 .iplt          0x00009f64        0x0 C:/ABOV/eMStudio32/bin/13.2 Rel1/bin/../lib/gcc/arm-none-eabi/13.2.1/thumb/v7e-m/nofp/crtbegin.o

.cert_flash     0x0000a000     0x1000
                0x0000a000                        __cert_flash_start__ = .
 *(.cert_flash)
 .cert_flash    0x0000a000      0xff9 ./Main/Libraries/cert_Lib/mqtt_certs.o
                0x0000b000                        . = ALIGN (0x200)
 *fill*         0x0000aff9        0x7 
                0x0000b000                        __cert_flash_end__ = .

.ARM.extab
 *(.ARM.extab* .gnu.linkonce.armextab.*)
                0x0000b000                        __exidx_start = .

.ARM.exidx      0x0000b000        0x8
 *(.ARM.exidx* .gnu.linkonce.armexidx.*)
 .ARM.exidx     0x0000b000        0x8 C:/ABOV/eMStudio32/bin/13.2 Rel1/bin/../lib/gcc/arm-none-eabi/13.2.1/thumb/v7e-m/nofp/crt0.o
                                 0x10 (size before relaxing)
 .ARM.exidx.text.__udivmoddi4
                0x0000b008        0x0 C:/ABOV/eMStudio32/bin/13.2 Rel1/bin/../lib/gcc/arm-none-eabi/13.2.1/thumb/v7e-m/nofp\libgcc.a(_udivmoddi4.o)
                                  0x8 (size before relaxing)
 .ARM.exidx     0x0000b008        0x0 C:/ABOV/eMStudio32/bin/13.2 Rel1/bin/../lib/gcc/arm-none-eabi/13.2.1/thumb/v7e-m/nofp\libg_nano.a(libc_a-strlen.o)
                                  0x8 (size before relaxing)
 .ARM.exidx     0x0000b008        0x0 C:/ABOV/eMStudio32/bin/13.2 Rel1/bin/../lib/gcc/arm-none-eabi/13.2.1/thumb/v7e-m/nofp\libg_nano.a(libc_a-memchr.o)
                                  0x8 (size before relaxing)
                0x0000b008                        __exidx_end = .
                0x0000b008                        __ram_func = .

.code_section_on_ram
                0x20000000       0x8c load address 0x0000b008
                0x20000000                        __code_section_on_ram_start__ = .
 *(.code_section_on_ram*)
 .code_section_on_ram
                0x20000000       0x8c ./Main/Libraries/cert_Lib/mqtt_certs.o
                0x2000008c                        __code_section_on_ram_end__ = .
                0x2000008c                        . = ALIGN (0x4)

.rel.dyn        0x2000008c        0x0 load address 0x0000b094
 .rel.iplt      0x2000008c        0x0 C:/ABOV/eMStudio32/bin/13.2 Rel1/bin/../lib/gcc/arm-none-eabi/13.2.1/thumb/v7e-m/nofp/crtbegin.o

.copy.table     0x0000b094       0x18
                0x0000b094                        . = ALIGN (0x4)
                0x0000b094                        __copy_table_start__ = .
                0x0000b094        0x4 LONG 0xb0ac __etext
                0x0000b098        0x4 LONG 0x2000008c __data_start__
                0x0000b09c        0x4 LONG 0x61 ((__data_end__ - __data_start__) / 0x4)
                0x0000b0a0        0x4 LONG 0xb008 __ram_func
                0x0000b0a4        0x4 LONG 0x20000000 __code_section_on_ram_start__
                0x0000b0a8        0x4 LONG 0x23 ((__code_section_on_ram_end__ - __code_section_on_ram_start__) / 0x4)
                0x0000b0ac                        __copy_table_end__ = .

.zero.table     0x0000b0ac        0x0
                0x0000b0ac                        . = ALIGN (0x4)
                0x0000b0ac                        __zero_table_start__ = .
                0x0000b0ac                        __zero_table_end__ = .
                0x0000b0ac                        __etext = ALIGN (0x4)

.data           0x2000008c      0x184 load address 0x0000b0ac
                0x2000008c                        __data_start__ = .
 *(vtable)
 *(.data)
 *(.data.*)
 .data.s_slots  0x2000008c       0x3c ./Main/Libraries/cert_Lib/mqtt_certs.o
 .data.s_btnLedApplied
                0x200000c8        0x1 ./Main/Libraries/UserButton/user_button.o
 *fill*         0x200000c9        0x3 
 .data.mqttConfig
                0x200000cc       0xa0 ./Main/Libraries/MQTT_Library/EMPA_MqttAws.o
                0x200000cc                mqttConfig
 .data.RESP_FAIL
                0x2000016c        0x4 ./Main/Libraries/MQTT_Library/mqtt_core.o
                0x2000016c                RESP_FAIL
 .data.RESP_PUB_RAW_OK
                0x20000170        0x4 ./Main/Libraries/MQTT_Library/mqtt_core.o
                0x20000170                RESP_PUB_RAW_OK
 .data.RESP_BUSY
                0x20000174        0x4 ./Main/Libraries/MQTT_Library/mqtt_core.o
                0x20000174                RESP_BUSY
 .data.RESP_ERROR
                0x20000178        0x4 ./Main/Libraries/MQTT_Library/mqtt_core.o
                0x20000178                RESP_ERROR
 .data.RESP_OK  0x2000017c        0x4 ./Main/Libraries/MQTT_Library/mqtt_core.o
                0x2000017c                RESP_OK
 .data.MQTTSubInitCase
                0x20000180        0x1 ./Main/Libraries/MQTT_Library/mqtt_core.o
 .data.s_eLis2de12I2cId
                0x20000181        0x1 ./Main/Libraries/LISDE12TR/lis2de12.o
 *fill*         0x20000182        0x2 
 .data.SystemDelayUSCount
                0x20000184        0x4 ./HAL/SCU/hal_scu_clk.o
                0x20000184                SystemDelayUSCount
 .data.SystemDelayMSCount
                0x20000188        0x4 ./HAL/SCU/hal_scu_clk.o
                0x20000188                SystemDelayMSCount
 .data.SystemPeriClock
                0x2000018c        0x4 ./HAL/SCU/hal_scu_clk.o
                0x2000018c                SystemPeriClock
 .data.SystemCoreClock
                0x20000190        0x4 ./HAL/SCU/hal_scu_clk.o
                0x20000190                SystemCoreClock
 .data.s_op     0x20000194       0x18 ./Debug/Source/debug.o
                0x20000194                s_op
 .data.__sglue  0x200001ac        0xc C:/ABOV/eMStudio32/bin/13.2 Rel1/bin/../lib/gcc/arm-none-eabi/13.2.1/thumb/v7e-m/nofp\libg_nano.a(libc_a-findfp.o)
                0x200001ac                __sglue
 .data._impure_ptr
                0x200001b8        0x4 C:/ABOV/eMStudio32/bin/13.2 Rel1/bin/../lib/gcc/arm-none-eabi/13.2.1/thumb/v7e-m/nofp\libg_nano.a(libc_a-impure.o)
                0x200001b8                _impure_ptr
 .data._impure_data
                0x200001bc       0x4c C:/ABOV/eMStudio32/bin/13.2 Rel1/bin/../lib/gcc/arm-none-eabi/13.2.1/thumb/v7e-m/nofp\libg_nano.a(libc_a-impure.o)
                0x200001bc                _impure_data
                0x20000208                        . = ALIGN (0x4)
                0x20000208                        PROVIDE (__preinit_array_start = .)
 *(.preinit_array)
                0x20000208                        PROVIDE (__preinit_array_end = .)
                0x20000208                        . = ALIGN (0x4)
                0x20000208                        PROVIDE (__init_array_start = .)
 *(SORT_BY_NAME(.init_array.*))
 *(.init_array)
 .init_array    0x20000208        0x4 C:/ABOV/eMStudio32/bin/13.2 Rel1/bin/../lib/gcc/arm-none-eabi/13.2.1/thumb/v7e-m/nofp/crtbegin.o
                0x2000020c                        PROVIDE (__init_array_end = .)
                0x2000020c                        . = ALIGN (0x4)
                [!provide]                        PROVIDE (__fini_array_start = .)
 *(SORT_BY_NAME(.fini_array.*))
 *(.fini_array)
 .fini_array    0x2000020c        0x4 C:/ABOV/eMStudio32/bin/13.2 Rel1/bin/../lib/gcc/arm-none-eabi/13.2.1/thumb/v7e-m/nofp/crtbegin.o
                [!provide]                        PROVIDE (__fini_array_end = .)
 *(.jcr*)
                0x20000210                        . = ALIGN (0x4)
                0x20000210                        __data_end__ = .

.tm_clone_table
                0x20000210        0x0 load address 0x0000b230
 .tm_clone_table
                0x20000210        0x0 C:/ABOV/eMStudio32/bin/13.2 Rel1/bin/../lib/gcc/arm-none-eabi/13.2.1/thumb/v7e-m/nofp/crtbegin.o
 .tm_clone_table
                0x20000210        0x0 C:/ABOV/eMStudio32/bin/13.2 Rel1/bin/../lib/gcc/arm-none-eabi/13.2.1/thumb/v7e-m/nofp/crtend.o

.igot.plt       0x20000210        0x0 load address 0x0000b230
 .igot.plt      0x20000210        0x0 C:/ABOV/eMStudio32/bin/13.2 Rel1/bin/../lib/gcc/arm-none-eabi/13.2.1/thumb/v7e-m/nofp/crtbegin.o

.bss            0x20000210     0x2768
                0x20000210                        . = ALIGN (0x4)
                0x20000210                        __bss_start__ = .
 *(.bss)
 *(.bss.*)
 .bss.completed.1
                0x20000210        0x1 C:/ABOV/eMStudio32/bin/13.2 Rel1/bin/../lib/gcc/arm-none-eabi/13.2.1/thumb/v7e-m/nofp/crtbegin.o
 *fill*         0x20000211        0x3 
 .bss.object.0  0x20000214       0x18 C:/ABOV/eMStudio32/bin/13.2 Rel1/bin/../lib/gcc/arm-none-eabi/13.2.1/thumb/v7e-m/nofp/crtbegin.o
 .bss.s_loaded  0x2000022c        0x1 ./Main/Libraries/cert_Lib/mqtt_certs.o
 *fill*         0x2000022d        0x3 
 .bss.s_buf_key
                0x20000230      0x700 ./Main/Libraries/cert_Lib/mqtt_certs.o
 .bss.s_buf_client
                0x20000930      0x580 ./Main/Libraries/cert_Lib/mqtt_certs.o
 .bss.s_buf_root
                0x20000eb0      0x580 ./Main/Libraries/cert_Lib/mqtt_certs.o
 .bss.s_pressStartMs
                0x20001430        0x4 ./Main/Libraries/UserButton/user_button.o
 .bss.s_longPending
                0x20001434        0x1 ./Main/Libraries/UserButton/user_button.o
 .bss.s_shortPending
                0x20001435        0x1 ./Main/Libraries/UserButton/user_button.o
 .bss.s_longFired
                0x20001436        0x1 ./Main/Libraries/UserButton/user_button.o
 .bss.s_btnPressed
                0x20001437        0x1 ./Main/Libraries/UserButton/user_button.o
 .bss.s_soundAbove
                0x20001438        0x1 ./Main/Libraries/Sensor/sensor.o
 .bss.s_fallActive
                0x20001439        0x1 ./Main/Libraries/Sensor/sensor.o
 .bss.s_tempAbove
                0x2000143a        0x1 ./Main/Libraries/Sensor/sensor.o
 .bss.s_bufferReady
                0x2000143b        0x1 ./Main/Libraries/Sensor/sensor.o
 .bss.s_AudioBuffer
                0x2000143c      0x800 ./Main/Libraries/Sensor/sensor.o
 .bss.s_data    0x20001c3c       0x24 ./Main/Libraries/Sensor/sensor.o
 .bss.sensor_initialized
                0x20001c60        0x1 ./Main/Libraries/SHT40/SHT40_app.o
 *fill*         0x20001c61        0x3 
 .bss.sht40_humidity
                0x20001c64        0x4 ./Main/Libraries/SHT40/SHT40_app.o
                0x20001c64                sht40_humidity
 .bss.sht40_temperature
                0x20001c68        0x4 ./Main/Libraries/SHT40/SHT40_app.o
                0x20001c68                sht40_temperature
 .bss.sht40_serialnumber
                0x20001c6c        0x4 ./Main/Libraries/SHT40/SHT40_app.o
                0x20001c6c                sht40_serialnumber
 .bss.jsonBuf.0
                0x20001c70      0x100 ./Main/Libraries/MQTT_Library/EMPA_MqttAws.o
 .bss.MQTTInitCase
                0x20001d70        0x1 ./Main/Libraries/MQTT_Library/mqtt_core.o
                0x20001d70                MQTTInitCase
 *fill*         0x20001d71        0x3 
 .bss.mqttErrorData
                0x20001d74        0x1 ./Main/Libraries/MQTT_Library/mqtt_core.o
                0x20001d74                mqttErrorData
 .bss.mqtt_timer_en
                0x20001d75        0x1 ./Main/Libraries/MQTT_Library/mqtt_core.o
                0x20001d75                mqtt_timer_en
 .bss.mqtt_timer
                0x20001d76        0x2 ./Main/Libraries/MQTT_Library/mqtt_core.o
                0x20001d76                mqtt_timer
 .bss.flag_mqtt_connect
                0x20001d78        0x1 ./Main/Libraries/MQTT_Library/mqtt_core.o
                0x20001d78                flag_mqtt_connect
 .bss.flag_mqtt_init_done
                0x20001d79        0x1 ./Main/Libraries/MQTT_Library/mqtt_core.o
                0x20001d79                flag_mqtt_init_done
 .bss.flag_mqtt_error
                0x20001d7a        0x1 ./Main/Libraries/MQTT_Library/mqtt_core.o
                0x20001d7a                flag_mqtt_error
 *fill*         0x20001d7b        0x1 
 .bss.mqtt_osc_password
                0x20001d7c       0x20 ./Main/Libraries/MQTT_Library/mqtt_core.o
                0x20001d7c                mqtt_osc_password
 .bss.mqtt_osc_ssid
                0x20001d9c       0x20 ./Main/Libraries/MQTT_Library/mqtt_core.o
                0x20001d9c                mqtt_osc_ssid
 .bss.s_broker_address
                0x20001dbc        0x4 ./Main/Libraries/MQTT_Library/mqtt_core.o
 .bss.mqttPacketBuffer
                0x20001dc0      0x258 ./Main/Libraries/MQTT_Library/mqtt_core.o
                0x20001dc0                mqttPacketBuffer
 .bss.g_port    0x20002018        0x4 ./Main/Libraries/MQTT_Library/mqtt_core.o
 .bss.s_tick_ms
                0x2000201c        0x4 ./Main/Libraries/MQTT_Library/mqtt_port_abov.o
 .bss.s_debugFirstSample
                0x20002020        0x1 ./Main/Libraries/MP23ABS1/mp23abs1_sensor.o
 *fill*         0x20002021        0x3 
 .bss.MP23ABS1_Context
                0x20002024       0x2c ./Main/Libraries/MP23ABS1/mp23abs1_sensor.o
 .bss.sensor_initialized
                0x20002050        0x1 ./Main/Libraries/LISDE12TR/LIS2DE12_app.o
 *fill*         0x20002051        0x1 
 .bss.lis2de12_accel_z
                0x20002052        0x2 ./Main/Libraries/LISDE12TR/LIS2DE12_app.o
                0x20002052                lis2de12_accel_z
 .bss.lis2de12_accel_y
                0x20002054        0x2 ./Main/Libraries/LISDE12TR/LIS2DE12_app.o
                0x20002054                lis2de12_accel_y
 .bss.lis2de12_accel_x
                0x20002056        0x2 ./Main/Libraries/LISDE12TR/LIS2DE12_app.o
                0x20002056                lis2de12_accel_x
 .bss.lis2de12_device_id
                0x20002058        0x1 ./Main/Libraries/LISDE12TR/LIS2DE12_app.o
                0x20002058                lis2de12_device_id
 .bss.s_bInitialized
                0x20002059        0x1 ./Main/Libraries/DebugLibrary/debug_framework.o
 *fill*         0x2000205a        0x2 
 .bss.s_un32AvddMv
                0x2000205c        0x4 ./Main/Libraries/BatteryReading/battery_reading.o
 .bss.s_un16VcoreRaw
                0x20002060        0x2 ./Main/Libraries/BatteryReading/battery_reading.o
 .bss.s_bInitialized
                0x20002062        0x1 ./Main/Libraries/BatteryReading/battery_reading.o
 *fill*         0x20002063        0x1 
 .bss.s_un32TickCounter.0
                0x20002064        0x4 ./Main/prv_user_code.o
 .bss.s_mqttTimerMs.1
                0x20002068        0x2 ./Main/prv_user_code.o
 *fill*         0x2000206a        0x2 
 .bss.s_un32SysTimerVal
                0x2000206c        0x4 ./Main/prv_user_code.o
 .bss.s_tUcb    0x20002070      0x23c ./HAL/UART/hal_uart.o
 .bss.un32UartBdrClock
                0x200022ac        0x4 ./HAL/UART/hal_uart.o