Archive member included to satisfy reference by file (symbol)

C:/ABOV/eMStudio32/bin/13.2 Rel1/bin/../lib/gcc/arm-none-eabi/13.2.1/thumb/v7e-m/nofp\libgcc.a(_arm_muldf3.o)
                              ./Main/Libraries/LISDE12TR/lis2de12.o (__aeabi_dmul)
C:/ABOV/eMStudio32/bin/13.2 Rel1/bin/../lib/gcc/arm-none-eabi/13.2.1/thumb/v7e-m/nofp\libgcc.a(_arm_mulsf3.o)
                              ./Main/Libraries/LISDE12TR/LIS2DE12_app.o (__aeabi_fmul)
C:/ABOV/eMStudio32/bin/13.2 Rel1/bin/../lib/gcc/arm-none-eabi/13.2.1/thumb/v7e-m/nofp\libgcc.a(_arm_addsubdf3.o)
                              ./Main/Libraries/LISDE12TR/lis2de12.o (__aeabi_dadd)
C:/ABOV/eMStudio32/bin/13.2 Rel1/bin/../lib/gcc/arm-none-eabi/13.2.1/thumb/v7e-m/nofp\libgcc.a(_arm_fixunsdfsi.o)
                              ./Main/Libraries/LISDE12TR/lis2de12.o (__aeabi_d2uiz)
C:/ABOV/eMStudio32/bin/13.2 Rel1/bin/../lib/gcc/arm-none-eabi/13.2.1/thumb/v7e-m/nofp\libgcc.a(_arm_addsubsf3.o)
                              ./Main/Libraries/LISDE12TR/lis2de12.o (__aeabi_fadd)
C:/ABOV/eMStudio32/bin/13.2 Rel1/bin/../lib/gcc/arm-none-eabi/13.2.1/thumb/v7e-m/nofp\libgcc.a(_arm_fixsfsi.o)
                              ./Main/Libraries/LISDE12TR/LIS2DE12_app.o (__aeabi_f2iz)
C:/ABOV/eMStudio32/bin/13.2 Rel1/bin/../lib/gcc/arm-none-eabi/13.2.1/thumb/v7e-m/nofp\libgcc.a(_aeabi_uldivmod.o)
                              ./Main/Libraries/Sensor/sensor.o (__aeabi_uldivmod)
C:/ABOV/eMStudio32/bin/13.2 Rel1/bin/../lib/gcc/arm-none-eabi/13.2.1/thumb/v7e-m/nofp\libgcc.a(_udivmoddi4.o)
                              C:/ABOV/eMStudio32/bin/13.2 Rel1/bin/../lib/gcc/arm-none-eabi/13.2.1/thumb/v7e-m/nofp\libgcc.a(_aeabi_uldivmod.o) (__udivmoddi4)
C:/ABOV/eMStudio32/bin/13.2 Rel1/bin/../lib/gcc/arm-none-eabi/13.2.1/thumb/v7e-m/nofp\libgcc.a(_dvmd_tls.o)
                              C:/ABOV/eMStudio32/bin/13.2 Rel1/bin/../lib/gcc/arm-none-eabi/13.2.1/thumb/v7e-m/nofp\libgcc.a(_aeabi_uldivmod.o) (__aeabi_ldiv0)
C:/ABOV/eMStudio32/bin/13.2 Rel1/bin/../lib/gcc/arm-none-eabi/13.2.1/thumb/v7e-m/nofp\libg_nano.a(libc_a-atoi.o)
                              ./Debug/Source/debug_cmd.o (atoi)
C:/ABOV/eMStudio32/bin/13.2 Rel1/bin/../lib/gcc/arm-none-eabi/13.2.1/thumb/v7e-m/nofp\libg_nano.a(libc_a-exit.o)
                              C:/ABOV/eMStudio32/bin/13.2 Rel1/bin/../lib/gcc/arm-none-eabi/13.2.1/thumb/v7e-m/nofp/crt0.o (exit)
C:/ABOV/eMStudio32/bin/13.2 Rel1/bin/../lib/gcc/arm-none-eabi/13.2.1/thumb/v7e-m/nofp\libg_nano.a(libc_a-strtol.o)
                              C:/ABOV/eMStudio32/bin/13.2 Rel1/bin/../lib/gcc/arm-none-eabi/13.2.1/thumb/v7e-m/nofp\libg_nano.a(libc_a-atoi.o) (_strtol_r)
C:/ABOV/eMStudio32/bin/13.2 Rel1/bin/../lib/gcc/arm-none-eabi/13.2.1/thumb/v7e-m/nofp\libg_nano.a(libc_a-strtoll.o)
                              ./Debug/Source/debug_cmd.o (strtoll)
C:/ABOV/eMStudio32/bin/13.2 Rel1/bin/../lib/gcc/arm-none-eabi/13.2.1/thumb/v7e-m/nofp\libg_nano.a(libc_a-ctype_.o)
                              ./Main/Libraries/MQTT_Library/mqtt_core.o (_ctype_)
C:/ABOV/eMStudio32/bin/13.2 Rel1/bin/../lib/gcc/arm-none-eabi/13.2.1/thumb/v7e-m/nofp\libg_nano.a(libc_a-findfp.o)
                              C:/ABOV/eMStudio32/bin/13.2 Rel1/bin/../lib/gcc/arm-none-eabi/13.2.1/thumb/v7e-m/nofp\libg_nano.a(libc_a-exit.o) (__stdio_exit_handler)
C:/ABOV/eMStudio32/bin/13.2 Rel1/bin/../lib/gcc/arm-none-eabi/13.2.1/thumb/v7e-m/nofp\libg_nano.a(libc_a-fwalk.o)
                              C:/ABOV/eMStudio32/bin/13.2 Rel1/bin/../lib/gcc/arm-none-eabi/13.2.1/thumb/v7e-m/nofp\libg_nano.a(libc_a-findfp.o) (_fwalk_sglue)
C:/ABOV/eMStudio32/bin/13.2 Rel1/bin/../lib/gcc/arm-none-eabi/13.2.1/thumb/v7e-m/nofp\libg_nano.a(libc_a-printf.o)
                              ./Debug/Source/debug_log.o (printf)
C:/ABOV/eMStudio32/bin/13.2 Rel1/bin/../lib/gcc/arm-none-eabi/13.2.1/thumb/v7e-m/nofp\libg_nano.a(libc_a-setvbuf.o)
                              ./Debug/Source/debug_serial.o (setvbuf)
C:/ABOV/eMStudio32/bin/13.2 Rel1/bin/../lib/gcc/arm-none-eabi/13.2.1/thumb/v7e-m/nofp\libg_nano.a(libc_a-snprintf.o)
                              ./Main/Libraries/Sensor/sensor.o (snprintf)
C:/ABOV/eMStudio32/bin/13.2 Rel1/bin/../lib/gcc/arm-none-eabi/13.2.1/thumb/v7e-m/nofp\libg_nano.a(libc_a-sprintf.o)
                              ./Main/Libraries/MQTT_Library/mqtt_core.o (sprintf)
C:/ABOV/eMStudio32/bin/13.2 Rel1/bin/../lib/gcc/arm-none-eabi/13.2.1/thumb/v7e-m/nofp\libg_nano.a(libc_a-stdio.o)
                              C:/ABOV/eMStudio32/bin/13.2 Rel1/bin/../lib/gcc/arm-none-eabi/13.2.1/thumb/v7e-m/nofp\libg_nano.a(libc_a-findfp.o) (__sread)
C:/ABOV/eMStudio32/bin/13.2 Rel1/bin/../lib/gcc/arm-none-eabi/13.2.1/thumb/v7e-m/nofp\libg_nano.a(libc_a-vsnprintf.o)
                              ./Main/Libraries/DebugLibrary/debug_framework.o (vsnprintf)
C:/ABOV/eMStudio32/bin/13.2 Rel1/bin/../lib/gcc/arm-none-eabi/13.2.1/thumb/v7e-m/nofp\libg_nano.a(libc_a-memcmp.o)
[...]
Memory Configuration

Name             Origin             Length             Attributes
FLASH            0x00000000         0x00200000         xr
RAM              0x20000000         0x00040000         xrw
*default*        0x00000000         0xffffffff

Linker script and memory map

LOAD C:/ABOV/eMStudio32/bin/13.2 Rel1/bin/../lib/gcc/arm-none-eabi/13.2.1/thumb/v7e-m/nofp/crti.o
LOAD C:/ABOV/eMStudio32/bin/13.2 Rel1/bin/../lib/gcc/arm-none-eabi/13.2.1/thumb/v7e-m/nofp/crtbegin.o
LOAD C:/ABOV/eMStudio32/bin/13.2 Rel1/bin/../lib/gcc/arm-none-eabi/13.2.1/thumb/v7e-m/nofp/crt0.o
LOAD ./Main/Libraries/cert_Lib/mqtt_cert_provision.o
LOAD ./Main/Libraries/cert_Lib/mqtt_certs.o
LOAD ./Main/Libraries/UserButton/user_button.o
LOAD ./Main/Libraries/UserButton/user_button_isr.o
LOAD ./Main/Libraries/Sensor/sensor.o
LOAD ./Main/Libraries/SHT40/SHT40_app.o
LOAD ./Main/Libraries/SHT40/sensirion_common.o
LOAD ./Main/Libraries/SHT40/sensirion_i2c.o
LOAD ./Main/Libraries/SHT40/sensirion_i2c_hal.o
LOAD ./Main/Libraries/SHT40/sht4x_i2c.o
LOAD ./Main/Libraries/MQTT_Library/EMPA_MqttAws.o
LOAD ./Main/Libraries/MQTT_Library/mqtt_core.o
LOAD ./Main/Libraries/MQTT_Library/mqtt_port_abov.o
LOAD ./Main/Libraries/MP23ABS1/mp23abs1_sensor.o
LOAD ./Main/Libraries/MEIG_SLM3XX/EMPA_Slm320.o
LOAD ./Main/Libraries/MEIG_SLM3XX/slm320.o
LOAD ./Main/Libraries/LISDE12TR/LIS2DE12_app.o
LOAD ./Main/Libraries/LISDE12TR/lis2de12.o
LOAD ./Main/Libraries/ESP32_AT_Test/ESP32_AT_Test.o
LOAD ./Main/Libraries/DebugLibrary/debug_framework.o
LOAD ./Main/Libraries/BatteryReading/battery_reading.o
LOAD ./Main/main.o
LOAD ./Main/prv_scu_clk.o
LOAD ./Main/prv_user_code.o
LOAD ./Main/user_adc.o
LOAD ./Main/user_adc_isr.o
LOAD ./Main/user_i2c.o
LOAD ./Main/user_i2c_isr.o
LOAD ./Main/user_timer1.o
LOAD ./Main/user_timer1_isr.o
LOAD ./Main/user_uart.o
LOAD ./Main/user_uart_isr.o
LOAD ./HAL/WDT/hal_wdt.o
LOAD ./HAL/VREFBUF/hal_vrefbuf.o
LOAD ./HAL/USART/hal_usart.o
LOAD ./HAL/UART/hal_uart.o
LOAD ./HAL/Timer1/hal_timer1.o
LOAD ./HAL/SPI/hal_spi.o
LOAD ./HAL/SCU/hal_scu.o
LOAD ./HAL/SCU/hal_scu_clk.o
LOAD ./HAL/SCU/hal_scu_lvd.o
LOAD ./HAL/SCU/hal_scu_pwr.o
LOAD ./HAL/RTC/hal_rtc.o
LOAD ./HAL/RNG/hal_rng.o
LOAD ./HAL/QSPI/hal_qspi.o
LOAD ./HAL/QEI/hal_qei.o
LOAD ./HAL/PWM/hal_pwm.o
LOAD ./HAL/PGA/hal_pga.o
LOAD ./HAL/PCU/hal_pcu.o
LOAD ./HAL/MPWM/hal_mpwm.o
LOAD ./HAL/LPUART/hal_lpuart.o
LOAD ./HAL/LCD/hal_lcd.o
LOAD ./HAL/I2C/hal_i2c.o
LOAD ./HAL/HPL/NMI/hpl_nmi.o
LOAD ./HAL/HPL/DMA/hpl_dma.o
LOAD ./HAL/FRT/hal_frt.o
LOAD ./HAL/FMC/hal_fmc.o
LOAD ./HAL/DAC/hal_dac.o
LOAD ./HAL/CRC/hal_crc.o
LOAD ./HAL/CMP/hal_cmp.o
LOAD ./HAL/AES/hal_aes.o
LOAD ./HAL/ADC/hal_adc.o
LOAD ./Debug/Source/debug.o
LOAD ./Debug/Source/debug_cmd.o
LOAD ./Debug/Source/debug_hardfault.o
LOAD ./Debug/Source/debug_log.o
LOAD ./Debug/Source/debug_retarget.o
LOAD ./Debug/Source/debug_serial.o
LOAD ./ABOV/Source/startup_a34xxxx.o
LOAD ./ABOV/Source/system_a34xxxx.o
START GROUP
LOAD C:/ABOV/eMStudio32/bin/13.2 Rel1/bin/../lib/gcc/arm-none-eabi/13.2.1/thumb/v7e-m/nofp\libgcc.a
LOAD C:/ABOV/eMStudio32/bin/13.2 Rel1/bin/../lib/gcc/arm-none-eabi/13.2.1/thumb/v7e-m/nofp\libg_nano.a
LOAD C:/ABOV/eMStudio32/bin/13.2 Rel1/bin/../lib/gcc/arm-none-eabi/13.2.1/thumb/v7e-m/nofp\libc_nano.a
END GROUP
START GROUP
LOAD C:/ABOV/eMStudio32/bin/13.2 Rel1/bin/../lib/gcc/arm-none-eabi/13.2.1/thumb/v7e-m/nofp\libgcc.a
LOAD C:/ABOV/eMStudio32/bin/13.2 Rel1/bin/../lib/gcc/arm-none-eabi/13.2.1/thumb/v7e-m/nofp\libc_nano.a
LOAD C:/ABOV/eMStudio32/bin/13.2 Rel1/bin/../lib/gcc/arm-none-eabi/13.2.1/thumb/v7e-m/nofp\libnosys.a
END GROUP
START GROUP
LOAD C:/ABOV/eMStudio32/bin/13.2 Rel1/bin/../lib/gcc/arm-none-eabi/13.2.1/thumb/v7e-m/nofp\libgcc.a
LOAD C:/ABOV/eMStudio32/bin/13.2 Rel1/bin/../lib/gcc/arm-none-eabi/13.2.1/thumb/v7e-m/nofp\libc_nano.a
LOAD C:/ABOV/eMStudio32/bin/13.2 Rel1/bin/../lib/gcc/arm-none-eabi/13.2.1/thumb/v7e-m/nofp\libnosys.a
END GROUP
LOAD C:/ABOV/eMStudio32/bin/13.2 Rel1/bin/../lib/gcc/arm-none-eabi/13.2.1/thumb/v7e-m/nofp/crtend.o
LOAD C:/ABOV/eMStudio32/bin/13.2 Rel1/bin/../lib/gcc/arm-none-eabi/13.2.1/thumb/v7e-m/nofp/crtn.o
                0x00000000                        __ROM_BASE = 0x0
                0x00200000                        __ROM_SIZE = 0x200000
                0x20000000                        __RAM_BASE = 0x20000000
                0x00040000                        __RAM_SIZE = 0x40000
                0x00000400                        __STACK_SIZE = 0x400
                0x00000400                        __HEAP_SIZE = 0x400

.text           0x00000000     0x96f0
 *(.vectors)
 .vectors       0x00000000      0x3c0 ./ABOV/Source/startup_a34xxxx.o
                0x00000000                __Vectors
 *(.text*)
 .text.deregister_tm_clones
                0x000003c0       0x1c C:/ABOV/eMStudio32/bin/13.2 Rel1/bin/../lib/gcc/arm-none-eabi/13.2.1/thumb/v7e-m/nofp/crtbegin.o
 .text.register_tm_clones
                0x000003dc       0x24 C:/ABOV/eMStudio32/bin/13.2 Rel1/bin/../lib/gcc/arm-none-eabi/13.2.1/thumb/v7e-m/nofp/crtbegin.o
 .text.__do_global_dtors_aux
                0x00000400       0x28 C:/ABOV/eMStudio32/bin/13.2 Rel1/bin/../lib/gcc/arm-none-eabi/13.2.1/thumb/v7e-m/nofp/crtbegin.o
 .text.frame_dummy
                0x00000428       0x24 C:/ABOV/eMStudio32/bin/13.2 Rel1/bin/../lib/gcc/arm-none-eabi/13.2.1/thumb/v7e-m/nofp/crtbegin.o
 .text          0x0000044c       0x7c C:/ABOV/eMStudio32/bin/13.2 Rel1/bin/../lib/gcc/arm-none-eabi/13.2.1/thumb/v7e-m/nofp/crt0.o
                0x0000044c                _stack_init
                0x00000454                _start
                0x00000454                _mainCRTStartup
 .text.prov_wait_long_press
                0x000004c8       0x20 ./Main/Libraries/cert_Lib/mqtt_cert_provision.o
 .text.MqttCertProv_Run
                0x000004e8       0x98 ./Main/Libraries/cert_Lib/mqtt_cert_provision.o
                0x000004e8                MqttCertProv_Run
 .text.cert_pem_valid
                0x00000580       0x10 ./Main/Libraries/cert_Lib/mqtt_certs.o
 .text.cert_strnlen
                0x00000590       0x14 ./Main/Libraries/cert_Lib/mqtt_certs.o
 .text.cert_flash_has_data
                0x000005a4       0x12 ./Main/Libraries/cert_Lib/mqtt_certs.o
 *fill*         0x000005b6        0x2 
 .text.mqtt_certs_load
                0x000005b8       0xc0 ./Main/Libraries/cert_Lib/mqtt_certs.o
 .text.MqttCerts_GetRootCA
                0x00000678       0x20 ./Main/Libraries/cert_Lib/mqtt_certs.o
                0x00000678                MqttCerts_GetRootCA
 .text.MqttCerts_GetClientCert
                0x00000698       0x20 ./Main/Libraries/cert_Lib/mqtt_certs.o
                0x00000698                MqttCerts_GetClientCert
 .text.MqttCerts_GetPrivateKey
                0x000006b8       0x20 ./Main/Libraries/cert_Lib/mqtt_certs.o
                0x000006b8                MqttCerts_GetPrivateKey
 .text.MqttCerts_GetRootCALen
                0x000006d8       0x10 ./Main/Libraries/cert_Lib/mqtt_certs.o
                0x000006d8                MqttCerts_GetRootCALen
 .text.MqttCerts_GetClientCertLen
                0x000006e8       0x10 ./Main/Libraries/cert_Lib/mqtt_certs.o
                0x000006e8                MqttCerts_GetClientCertLen
 .text.MqttCerts_GetPrivateKeyLen
                0x000006f8       0x10 ./Main/Libraries/cert_Lib/mqtt_certs.o
                0x000006f8                MqttCerts_GetPrivateKeyLen
 .text.MqttCerts_HasEmbedded
                0x00000708       0x2c ./Main/Libraries/cert_Lib/mqtt_certs.o
                0x00000708                MqttCerts_HasEmbedded
 .text.MqttCerts_EraseFlash
                0x00000734       0x8c ./Main/Libraries/cert_Lib/mqtt_certs.o
                0x00000734                MqttCerts_EraseFlash
 .text.MqttCerts_LogFlashIfPresent
                0x000007c0       0xb8 ./Main/Libraries/cert_Lib/mqtt_certs.o
                0x000007c0                MqttCerts_LogFlashIfPresent
 .text.MqttCerts_LogStorage
                0x00000878       0xf0 ./Main/Libraries/cert_Lib/mqtt_certs.o
                0x00000878                MqttCerts_LogStorage
 .text.UserButton_ReadPressed
                0x00000968       0x2e ./Main/Libraries/UserButton/user_button.o
 *fill*         0x00000996        0x2 
 .text.UserButton_SetAllLeds
                0x00000998       0x3c ./Main/Libraries/UserButton/user_button.o
 .text.UserButton_UpdateLeds
                0x000009d4       0x1c ./Main/Libraries/UserButton/user_button.o
 .text.UserButton_HandleEdge
                0x000009f0       0x60 ./Main/Libraries/UserButton/user_button.o
 .text.UserButton_OnInterrupt
                0x00000a50       0x10 ./Main/Libraries/UserButton/user_button.o
                0x00000a50                UserButton_OnInterrupt
 .text.UserButton_Tick1ms
                0x00000a60       0x40 ./Main/Libraries/UserButton/user_button.o
                0x00000a60                UserButton_Tick1ms
 .text.UserButton_Init
                0x00000aa0       0x90 ./Main/Libraries/UserButton/user_button.o
                0x00000aa0                UserButton_Init
 .text.UserButton_ConsumeLongPress
                0x00000b30       0x18 ./Main/Libraries/UserButton/user_button.o
                0x00000b30                UserButton_ConsumeLongPress
 .text.PCU_IRQHandler_PCU_ID_C
                0x00000b48        0x8 ./Main/Libraries/UserButton/user_button_isr.o
                0x00000b48                PCU_IRQHandler_PCU_ID_C
 .text.Compute_RMS
                0x00000b50       0x96 ./Main/Libraries/Sensor/sensor.o
 .text.s_led_on
                0x00000be6        0xa ./Main/Libraries/Sensor/sensor.o
 .text.s_led_off
                0x00000bf0        0xa ./Main/Libraries/Sensor/sensor.o
 *fill*         0x00000bfa        0x2 
 .text.MP23ABS1_BufferReady_Callback
                0x00000bfc        0xc ./Main/Libraries/Sensor/sensor.o
                0x00000bfc                MP23ABS1_BufferReady_Callback
 .text.Sensor_LEDTest
                0x00000c08       0x8c ./Main/Libraries/Sensor/sensor.o
                0x00000c08                Sensor_LEDTest
 .text.Sensor_TestAll
                0x00000c94      0x13c ./Main/Libraries/Sensor/sensor.o
                0x00000c94                Sensor_TestAll
 .text.Sensor_ReadOnly
                0x00000dd0       0xbc ./Main/Libraries/Sensor/sensor.o
                0x00000dd0                Sensor_ReadOnly
 .text.Sensor_FormatJSON
                0x00000e8c       0xc4 ./Main/Libraries/Sensor/sensor.o
                0x00000e8c                Sensor_FormatJSON
 .text.Sensor_PollAlarms
                0x00000f50       0xfc ./Main/Libraries/Sensor/sensor.o
                0x00000f50                Sensor_PollAlarms
 .text.Sensor_FormatAlarmJSON
                0x0000104c      0x12c ./Main/Libraries/Sensor/sensor.o
                0x0000104c                Sensor_FormatAlarmJSON
 .text.SHT40_Init
                0x00001178       0x28 ./Main/Libraries/SHT40/SHT40_app.o
                0x00001178                SHT40_Init
 .text.SHT40_ReadSensor
                0x000011a0       0x24 ./Main/Libraries/SHT40/SHT40_app.o
                0x000011a0                SHT40_ReadSensor
 .text.sensirion_common_bytes_to_uint16_t
                0x000011c4        0xa ./Main/Libraries/SHT40/sensirion_common.o
                0x000011c4                sensirion_common_bytes_to_uint16_t
 .text.sensirion_common_bytes_to_uint32_t
                0x000011ce       0x16 ./Main/Libraries/SHT40/sensirion_common.o
                0x000011ce                sensirion_common_bytes_to_uint32_t
 .text.sensirion_i2c_generate_crc
                0x000011e4       0x40 ./Main/Libraries/SHT40/sensirion_i2c.o
                0x000011e4                sensirion_i2c_generate_crc
 .text.sensirion_i2c_check_crc
                0x00001224       0x14 ./Main/Libraries/SHT40/sensirion_i2c.o
                0x00001224                sensirion_i2c_check_crc
 .text.sensirion_i2c_write_data
                0x00001238        0x8 ./Main/Libraries/SHT40/sensirion_i2c.o
                0x00001238                sensirion_i2c_write_data
 .text.sensirion_i2c_read_data_inplace
                0x00001240       0x58 ./Main/Libraries/SHT40/sensirion_i2c.o
                0x00001240                sensirion_i2c_read_data_inplace
 .text.sensirion_i2c_hal_read
                0x00001298       0x20 ./Main/Libraries/SHT40/sensirion_i2c_hal.o
                0x00001298                sensirion_i2c_hal_read
 .text.sensirion_i2c_hal_write
                0x000012b8       0x20 ./Main/Libraries/SHT40/sensirion_i2c_hal.o
                0x000012b8                sensirion_i2c_hal_write
 .text.sensirion_i2c_hal_sleep_usec
                0x000012d8        0x8 ./Main/Libraries/SHT40/sensirion_i2c_hal.o
                0x000012d8                sensirion_i2c_hal_sleep_usec
 .text.convert_ticks_to_celsius
                0x000012e0       0x12 ./Main/Libraries/SHT40/sht4x_i2c.o
 .text.convert_ticks_to_percent_rh
                0x000012f2       0x12 ./Main/Libraries/SHT40/sht4x_i2c.o
 .text.sht4x_measure_high_precision_ticks
                0x00001304       0x4c ./Main/Libraries/SHT40/sht4x_i2c.o
                0x00001304                sht4x_measure_high_precision_ticks
 .text.sht4x_measure_high_precision
                0x00001350       0x30 ./Main/Libraries/SHT40/sht4x_i2c.o
                0x00001350                sht4x_measure_high_precision
 .text.sht4x_serial_number
                0x00001380       0x42 ./Main/Libraries/SHT40/sht4x_i2c.o
                0x00001380                sht4x_serial_number
 *fill*         0x000013c2        0x2 
 .text.MqttPort_ABOV_TickIncrement
                0x000013c4       0x10 ./Main/Libraries/MQTT_Library/mqtt_port_abov.o
                0x000013c4                MqttPort_ABOV_TickIncrement
 .text.MqttPort_ABOV_GetTickMs
                0x000013d4        0xc ./Main/Libraries/MQTT_Library/mqtt_port_abov.o
                0x000013d4                MqttPort_ABOV_GetTickMs
 .text.MP23ABS1_GPIO_Init
                0x000013e0       0x28 ./Main/Libraries/MP23ABS1/mp23abs1_sensor.o
 .text.MP23ABS1_Init
                0x00001408       0x9c ./Main/Libraries/MP23ABS1/mp23abs1_sensor.o
                0x00001408                MP23ABS1_Init
 .text.MP23ABS1_StartRecording
                0x000014a4       0x38 ./Main/Libraries/MP23ABS1/mp23abs1_sensor.o
                0x000014a4                MP23ABS1_StartRecording
 .text.MP23ABS1_StopRecording
                0x000014dc       0x28 ./Main/Libraries/MP23ABS1/mp23abs1_sensor.o
                0x000014dc                MP23ABS1_StopRecording
 .text.MP23ABS1_GetSampleCount
                0x00001504        0xc ./Main/Libraries/MP23ABS1/mp23abs1_sensor.o
                0x00001504                MP23ABS1_GetSampleCount
 .text.MP23ABS1_ApplyHPFilter
                0x00001510       0x6c ./Main/Libraries/MP23ABS1/mp23abs1_sensor.o
                0x00001510                MP23ABS1_ApplyHPFilter
 .text.MP23ABS1_ProcessSample
                0x0000157c       0x48 ./Main/Libraries/MP23ABS1/mp23abs1_sensor.o
 .text.MP23ABS1_TimerHandler
                0x000015c4       0x40 ./Main/Libraries/MP23ABS1/mp23abs1_sensor.o
                0x000015c4                MP23ABS1_TimerHandler
 .text.SLM320_ConnectBroker
                0x00001604       0x50 ./Main/Libraries/MEIG_SLM3XX/EMPA_Slm320.o
                0x00001604                SLM320_ConnectBroker
 .text.SLM320_ReconnectBroker
                0x00001654       0x20 ./Main/Libraries/MEIG_SLM3XX/EMPA_Slm320.o
                0x00001654                SLM320_ReconnectBroker
 .text.SLM320_PublishSensorDataApp
                0x00001674       0x28 ./Main/Libraries/MEIG_SLM3XX/EMPA_Slm320.o
                0x00001674                SLM320_PublishSensorDataApp
 .text.SLM320_PublishAlarm
                0x0000169c       0x1c ./Main/Libraries/MEIG_SLM3XX/EMPA_Slm320.o
                0x0000169c                SLM320_PublishAlarm
 .text.slm320_get_tick_ms
                0x000016b8       0x1c ./Main/Libraries/MEIG_SLM3XX/slm320.o
 .text.slm320_log
                0x000016d4       0x16 ./Main/Libraries/MEIG_SLM3XX/slm320.o
 .text.slm320_memmem
                0x000016ea       0x50 ./Main/Libraries/MEIG_SLM3XX/slm320.o
 *fill*         0x0000173a        0x2 
 .text.SLM320_TickIncrement
                0x0000173c       0x10 ./Main/Libraries/MEIG_SLM3XX/slm320.o
                0x0000173c                SLM320_TickIncrement
 .text.SLM320_Init
                0x0000174c       0x7c ./Main/Libraries/MEIG_SLM3XX/slm320.o
                0x0000174c                SLM320_Init
 .text.SLM320_SendCmd
                0x000017c8       0x16 ./Main/Libraries/MEIG_SLM3XX/slm320.o
                0x000017c8                SLM320_SendCmd
 *fill*         0x000017de        0x2 
 .text.SLM320_CheckResponse
                0x000017e0       0x4c ./Main/Libraries/MEIG_SLM3XX/slm320.o
                0x000017e0                SLM320_CheckResponse
 .text.SLM320_ResetRxBuffer
                0x0000182c       0x34 ./Main/Libraries/MEIG_SLM3XX/slm320.o
                0x0000182c                SLM320_ResetRxBuffer
 .text.slm320_verify_cert_file
                0x00001860       0x60 ./Main/Libraries/MEIG_SLM3XX/slm320.o
 .text.slm320_upload_pem
                0x000018c0      0x104 ./Main/Libraries/MEIG_SLM3XX/slm320.o
 .text.slm320_configure_dns
                0x000019c4       0x44 ./Main/Libraries/MEIG_SLM3XX/slm320.o
 .text.slm320_ssl_send_cmd
                0x00001a08       0x3c ./Main/Libraries/MEIG_SLM3XX/slm320.o
 .text.slm320_qmt_send_cfg
                0x00001a44       0x3c ./Main/Libraries/MEIG_SLM3XX/slm320.o
 .text.slm320_log_rx_error
                0x00001a80       0x24 ./Main/Libraries/MEIG_SLM3XX/slm320.o
 .text.slm320_mqtt_disconnect_prep
                0x00001aa4       0x40 ./Main/Libraries/MEIG_SLM3XX/slm320.o
 .text.SLM320_PowerOn
                0x00001ae4       0x36 ./Main/Libraries/MEIG_SLM3XX/slm320.o
                0x00001ae4                SLM320_PowerOn
 *fill*         0x00001b1a        0x2 
 .text.SLM320_PowerOff
                0x00001b1c       0x3c ./Main/Libraries/MEIG_SLM3XX/slm320.o
                0x00001b1c                SLM320_PowerOff
 .text.SLM320_Reset
                0x00001b58       0x28 ./Main/Libraries/MEIG_SLM3XX/slm320.o
                0x00001b58                SLM320_Reset
 .text.SLM320_CertsVerifyAll
                0x00001b80       0x30 ./Main/Libraries/MEIG_SLM3XX/slm320.o
                0x00001b80                SLM320_CertsVerifyAll
 .text.SLM320_CertsUploadAll
                0x00001bb0       0xac ./Main/Libraries/MEIG_SLM3XX/slm320.o
                0x00001bb0                SLM320_CertsUploadAll
 .text.SLM320_BootstrapAt
                0x00001c5c       0xc0 ./Main/Libraries/MEIG_SLM3XX/slm320.o
                0x00001c5c                SLM320_BootstrapAt
 .text.SLM320_PublishSensorData
                0x00001d1c      0x12c ./Main/Libraries/MEIG_SLM3XX/slm320.o
                0x00001d1c                SLM320_PublishSensorData
 .text.SLM320_GetIMEI
                0x00001e48       0x84 ./Main/Libraries/MEIG_SLM3XX/slm320.o
                0x00001e48                SLM320_GetIMEI
 .text.SLM320_RunStateMachine
                0x00001ecc      0x828 ./Main/Libraries/MEIG_SLM3XX/slm320.o
                0x00001ecc                SLM320_RunStateMachine
 .text.SLM320_UART_RxCallback
                0x000026f4       0x40 ./Main/Libraries/MEIG_SLM3XX/slm320.o
                0x000026f4                SLM320_UART_RxCallback
 .text.delay_ms_approx
                0x00002734       0x24 ./Main/Libraries/LISDE12TR/LIS2DE12_app.o
 .text.LIS2DE12_Init
                0x00002758      0x154 ./Main/Libraries/LISDE12TR/LIS2DE12_app.o
                0x00002758                LIS2DE12_Init
 .text.LIS2DE12_ReadAcceleration
                0x000028ac      0x12c ./Main/Libraries/LISDE12TR/LIS2DE12_app.o
                0x000028ac                LIS2DE12_ReadAcceleration
 .text.hal_i2c_read_buffer
                0x000029d8       0x34 ./Main/Libraries/LISDE12TR/lis2de12.o
                0x000029d8                hal_i2c_read_buffer
 .text.lis2de12_read_reg
                0x00002a0c       0x20 ./Main/Libraries/LISDE12TR/lis2de12.o
                0x00002a0c                lis2de12_read_reg
 .text.lis2de12_device_id_get
                0x00002a2c        0xe ./Main/Libraries/LISDE12TR/lis2de12.o
                0x00002a2c                lis2de12_device_id_get
 *fill*         0x00002a3a        0x2 
 .text.hal_i2c_write_buffer
                0x00002a3c       0x60 ./Main/Libraries/LISDE12TR/lis2de12.o
                0x00002a3c                hal_i2c_write_buffer
 .text.lis2de12_write_reg
                0x00002a9c       0x20 ./Main/Libraries/LISDE12TR/lis2de12.o
                0x00002a9c                lis2de12_write_reg
 .text.lis2de12_temperature_meas_set
                0x00002abc       0x2e ./Main/Libraries/LISDE12TR/lis2de12.o
                0x00002abc                lis2de12_temperature_meas_set
 .text.lis2de12_data_rate_set
                0x00002aea       0x40 ./Main/Libraries/LISDE12TR/lis2de12.o
                0x00002aea                lis2de12_data_rate_set
 .text.lis2de12_full_scale_set
                0x00002b2a       0x2e ./Main/Libraries/LISDE12TR/lis2de12.o
                0x00002b2a                lis2de12_full_scale_set
 .text.lis2de12_block_data_update_set
                0x00002b58       0x2e ./Main/Libraries/LISDE12TR/lis2de12.o
                0x00002b58                lis2de12_block_data_update_set
 .text.lis2de12_boot_set
                0x00002b86       0x2e ./Main/Libraries/LISDE12TR/lis2de12.o
                0x00002b86                lis2de12_boot_set
 .text.PRV_SendByte
                0x00002bb4       0x28 ./Main/Libraries/DebugLibrary/debug_framework.o
 .text.DebugFramework_Init
                0x00002bdc       0x90 ./Main/Libraries/DebugLibrary/debug_framework.o
                0x00002bdc                DebugFramework_Init
 .text.DebugFramework_Puts
                0x00002c6c       0x28 ./Main/Libraries/DebugLibrary/debug_framework.o
                0x00002c6c                DebugFramework_Puts
 .text.DebugFramework_PutsLine
                0x00002c94       0x14 ./Main/Libraries/DebugLibrary/debug_framework.o
                0x00002c94                DebugFramework_PutsLine
 .text.DebugFramework_Printf
                0x00002ca8       0x50 ./Main/Libraries/DebugLibrary/debug_framework.o
                0x00002ca8                DebugFramework_Printf
 .text.BatteryReading_Init
                0x00002cf8       0x2c ./Main/Libraries/BatteryReading/battery_reading.o
                0x00002cf8                BatteryReading_Init
 .text.BatteryReading_ReadChannel
                0x00002d24       0x98 ./Main/Libraries/BatteryReading/battery_reading.o
                0x00002d24                BatteryReading_ReadChannel
 .text.BatteryReading_ReadSupplyVoltage
                0x00002dbc       0x64 ./Main/Libraries/BatteryReading/battery_reading.o
                0x00002dbc                BatteryReading_ReadSupplyVoltage
 .text.PRV_PORT_Init
                0x00002e20      0x120 ./Main/main.o
 .text.GetChipSetInfo
                0x00002f40       0xb0 ./Main/main.o
                0x00002f40                GetChipSetInfo
 .text.main     0x00002ff0       0x2a ./Main/main.o
                0x00002ff0                main
 *fill*         0x0000301a        0x2 
 .text.PRV_SCU_CLK_Init
                0x0000301c       0x90 ./Main/prv_scu_clk.o
                0x0000301c                PRV_SCU_CLK_Init
 .text.SysTick_Handler
                0x000030ac       0x74 ./Main/prv_user_code.o
                0x000030ac                SysTick_Handler
 .text.SYSTICK_Wait
                0x00003120       0x14 ./Main/prv_user_code.o
                0x00003120                SYSTICK_Wait
 .text.LED_ON   0x00003134        0xa ./Main/prv_user_code.o
                0x00003134                LED_ON
 .text.LED_OFF  0x0000313e        0xa ./Main/prv_user_code.o
                0x0000313e                LED_OFF
 .text.LED_Blink
                0x00003148       0x30 ./Main/prv_user_code.o
                0x00003148                LED_Blink
 .text.GPIO_Config_Alt
                0x00003178       0xcc ./Main/prv_user_code.o
                0x00003178                GPIO_Config_Alt
 .text.PRV_USER_Code
                0x00003244      0x20c ./Main/prv_user_code.o
                0x00003244                PRV_USER_Code
 .text.Init_ADC_ID_0
                0x00003450       0x58 ./Main/user_adc.o
 .text.Init_ADC_ID_2
                0x000034a8       0x60 ./Main/user_adc.o
 .text.PRV_ADC_Init
                0x00003508        0xc ./Main/user_adc.o
                0x00003508                PRV_ADC_Init
 .text.ADC_IRQHandler_ADC_ID_0
                0x00003514        0x2 ./Main/user_adc_isr.o
                0x00003514                ADC_IRQHandler_ADC_ID_0
 .text.ADC_IRQHandler_ADC_ID_2
                0x00003516        0x2 ./Main/user_adc_isr.o
                0x00003516                ADC_IRQHandler_ADC_ID_2
 .text.Init_I2C_ID_2
                0x00003518       0x54 ./Main/user_i2c.o
 .text.PRV_I2C_Init
                0x0000356c        0x8 ./Main/user_i2c.o
                0x0000356c                PRV_I2C_Init
 .text.I2C_IRQHandler_I2C_ID_2
                0x00003574        0x2 ./Main/user_i2c_isr.o
                0x00003574                I2C_IRQHandler_I2C_ID_2
 *fill*         0x00003576        0x2 
 .text.Init_TIMER1_ID_0
                0x00003578       0x80 ./Main/user_timer1.o
 .text.PRV_Timer1_Init
                0x000035f8        0x8 ./Main/user_timer1.o
                0x000035f8                PRV_Timer1_Init
 .text.Timer1_IRQHandler_TIMER1_ID_0
                0x00003600        0x2 ./Main/user_timer1_isr.o
                0x00003600                Timer1_IRQHandler_TIMER1_ID_0
 *fill*         0x00003602        0x2 
 .text.Init_UART_ID_2
                0x00003604       0x5c ./Main/user_uart.o
 .text.Init_UART_ID_1
                0x00003660       0x5c ./Main/user_uart.o
 .text.PRV_UART_Init
                0x000036bc        0xc ./Main/user_uart.o
                0x000036bc                PRV_UART_Init
 .text.UART_IRQHandler_UART_ID_1
                0x000036c8       0x1e ./Main/user_uart_isr.o
                0x000036c8                UART_IRQHandler_UART_ID_1
 .text.UART_IRQHandler_UART_ID_2
                0x000036e6        0x2 ./Main/user_uart_isr.o
                0x000036e6                UART_IRQHandler_UART_ID_2
 .text.__NVIC_EnableIRQ
                0x000036e8       0x1c ./HAL/UART/hal_uart.o
 .text.__NVIC_DisableIRQ
                0x00003704       0x24 ./HAL/UART/hal_uart.o
 .text.__NVIC_SetPriority
                0x00003728       0x28 ./HAL/UART/hal_uart.o
 .text.UART_SetScuEnable
                0x00003750       0xb0 ./HAL/UART/hal_uart.o
 .text.UART_GetIRQNum
                0x00003800       0x50 ./HAL/UART/hal_uart.o
 .text.UART_SetClk
                0x00003850       0xc0 ./HAL/UART/hal_uart.o
 .text.PRV_UART_GetReg
                0x00003910        0xa ./HAL/UART/hal_uart.o
 .text.PRV_UART_SetScuEnable
                0x0000391a        0x8 ./HAL/UART/hal_uart.o
 *fill*         0x00003922        0x2 
 .text.PRV_UART_IRQHandler
                0x00003924      0x130 ./HAL/UART/hal_uart.o
 .text.PRV_UART_NMIHandler
                0x00003a54       0x2c ./HAL/UART/hal_uart.o
 .text.HAL_UART_Init
                0x00003a80       0x58 ./HAL/UART/hal_uart.o
                0x00003a80                HAL_UART_Init
 .text.HAL_UART_SetClkConfig
                0x00003ad8       0x16 ./HAL/UART/hal_uart.o
                0x00003ad8                HAL_UART_SetClkConfig
 *fill*         0x00003aee        0x2 
 .text.HAL_UART_SetConfig
                0x00003af0       0xa8 ./HAL/UART/hal_uart.o
                0x00003af0                HAL_UART_SetConfig
 .text.HAL_UART_SetIRQ
                0x00003b98      0x114 ./HAL/UART/hal_uart.o
                0x00003b98                HAL_UART_SetIRQ
 .text.HAL_UART_Transmit
                0x00003cac       0xc4 ./HAL/UART/hal_uart.o
                0x00003cac                HAL_UART_Transmit
 .text.HAL_UART_Receive
                0x00003d70      0x10c ./HAL/UART/hal_uart.o
                0x00003d70                HAL_UART_Receive
 .text.HAL_UART_Abort
                0x00003e7c       0x38 ./HAL/UART/hal_uart.o
                0x00003e7c                HAL_UART_Abort
 .text.Interrupt63_Handler
                0x00003eb4        0xa ./HAL/UART/hal_uart.o
                0x00003eb4                Interrupt63_Handler
 .text.Interrupt64_Handler
                0x00003ebe        0xa ./HAL/UART/hal_uart.o
                0x00003ebe                Interrupt64_Handler
 .text.Interrupt65_Handler
                0x00003ec8        0xa ./HAL/UART/hal_uart.o
                0x00003ec8                Interrupt65_Handler
 .text.Interrupt66_Handler
                0x00003ed2        0xa ./HAL/UART/hal_uart.o
                0x00003ed2                Interrupt66_Handler
 .text.Interrupt67_Handler
                0x00003edc        0xa ./HAL/UART/hal_uart.o
                0x00003edc                Interrupt67_Handler
 .text.Interrupt68_Handler
                0x00003ee6        0xa ./HAL/UART/hal_uart.o
                0x00003ee6                Interrupt68_Handler
 .text.Interrupt108_Handler
                0x00003ef0        0xa ./HAL/UART/hal_uart.o
                0x00003ef0                Interrupt108_Handler
 .text.Interrupt109_Handler
                0x00003efa        0xa ./HAL/UART/hal_uart.o
                0x00003efa                Interrupt109_Handler
 .text.Interrupt110_Handler
                0x00003f04        0xa ./HAL/UART/hal_uart.o
                0x00003f04                Interrupt110_Handler
 .text.Interrupt111_Handler
                0x00003f0e        0xa ./HAL/UART/hal_uart.o
                0x00003f0e                Interrupt111_Handler
 .text.Interrupt112_Handler
                0x00003f18        0xa ./HAL/UART/hal_uart.o
                0x00003f18                Interrupt112_Handler
 .text.Interrupt113_Handler
                0x00003f22        0xa ./HAL/UART/hal_uart.o
                0x00003f22                Interrupt113_Handler
 .text.Interrupt114_Handler
                0x00003f2c        0xa ./HAL/UART/hal_uart.o
                0x00003f2c                Interrupt114_Handler
 *fill*         0x00003f36        0x2 
 .text.__NVIC_EnableIRQ
                0x00003f38       0x1c ./HAL/Timer1/hal_timer1.o
 .text.__NVIC_DisableIRQ
                0x00003f54       0x24 ./HAL/Timer1/hal_timer1.o
 .text.__NVIC_SetPriority
                0x00003f78       0x28 ./HAL/Timer1/hal_timer1.o
 .text.TIMER1_SetScuEnable
                0x00003fa0       0x32 ./HAL/Timer1/hal_timer1.o
 .text.TIMER1_GetIRQNum
                0x00003fd2       0x40 ./HAL/Timer1/hal_timer1.o
 .text.TIMER1_ConvMode
                0x00004012       0x20 ./HAL/Timer1/hal_timer1.o
 .text.TIMER1_GetIntFlag
                0x00004032       0x26 ./HAL/Timer1/hal_timer1.o
 .text.TIMER1_SetMccrClk
                0x00004058       0x8e ./HAL/Timer1/hal_timer1.o
 .text.TIMER1_SetPClk
                0x000040e6       0x24 ./HAL/Timer1/hal_timer1.o
 .text.PRV_TIMER1_GetReg
                0x0000410a        0xa ./HAL/Timer1/hal_timer1.o
 .text.PRV_TIMER1_SetScuEnable
                0x00004114        0x8 ./HAL/Timer1/hal_timer1.o
 .text.PRV_TIMER1_IRQHandler
                0x0000411c       0xd4 ./HAL/Timer1/hal_timer1.o
 .text.PRV_TIMER1_NMIHandler
                0x000041f0       0x28 ./HAL/Timer1/hal_timer1.o
 .text.HAL_TIMER1_Init
                0x00004218       0x40 ./HAL/Timer1/hal_timer1.o
                0x00004218                HAL_TIMER1_Init
 .text.HAL_TIMER1_SetClkConfig
                0x00004258       0x64 ./HAL/Timer1/hal_timer1.o
                0x00004258                HAL_TIMER1_SetClkConfig
 .text.HAL_TIMER1_SetConfig
                0x000042bc       0xec ./HAL/Timer1/hal_timer1.o
                0x000042bc                HAL_TIMER1_SetConfig
 .text.HAL_TIMER1_SetIRQ
                0x000043a8       0xf0 ./HAL/Timer1/hal_timer1.o
                0x000043a8                HAL_TIMER1_SetIRQ
 .text.HAL_TIMER1_SetInOutPort
                0x00004498       0x22 ./HAL/Timer1/hal_timer1.o
                0x00004498                HAL_TIMER1_SetInOutPort
 .text.HAL_TIMER1_SetInversionPort
                0x000044ba       0x22 ./HAL/Timer1/hal_timer1.o
                0x000044ba                HAL_TIMER1_SetInversionPort
 .text.Interrupt15_Handler
                0x000044dc        0xa ./HAL/Timer1/hal_timer1.o
                0x000044dc                Interrupt15_Handler
 .text.Interrupt16_Handler
                0x000044e6        0xa ./HAL/Timer1/hal_timer1.o
                0x000044e6                Interrupt16_Handler
 .text.Interrupt17_Handler
                0x000044f0        0xa ./HAL/Timer1/hal_timer1.o
                0x000044f0                Interrupt17_Handler
 .text.Interrupt18_Handler
                0x000044fa        0xa ./HAL/Timer1/hal_timer1.o
                0x000044fa                Interrupt18_Handler
 .text.Interrupt19_Handler
                0x00004504        0xa ./HAL/Timer1/hal_timer1.o
                0x00004504                Interrupt19_Handler
 .text.Interrupt20_Handler
                0x0000450e        0xa ./HAL/Timer1/hal_timer1.o
                0x0000450e                Interrupt20_Handler
 .text.Interrupt21_Handler
                0x00004518        0xa ./HAL/Timer1/hal_timer1.o
                0x00004518                Interrupt21_Handler
 .text.Interrupt22_Handler
                0x00004522        0xa ./HAL/Timer1/hal_timer1.o
                0x00004522                Interrupt22_Handler
 .text.Interrupt23_Handler
                0x0000452c        0xa ./HAL/Timer1/hal_timer1.o
                0x0000452c                Interrupt23_Handler
 .text.Interrupt24_Handler
                0x00004536        0xa ./HAL/Timer1/hal_timer1.o
                0x00004536                Interrupt24_Handler
 .text.SCUCLK_SetFlashLatency
                0x00004540       0x58 ./HAL/SCU/hal_scu_clk.o
 .text.SCUCLK_SetMClk
                0x00004598       0xe4 ./HAL/SCU/hal_scu_clk.o
 .text.SCUCLK_SetClkOut
                0x0000467c       0x68 ./HAL/SCU/hal_scu_clk.o
 .text.SCUCLK_SetPLLSrcDiv
                0x000046e4       0x78 ./HAL/SCU/hal_scu_clk.o
 .text.PRV_SCUCLK_PLLDelay
                0x0000475c       0x40 ./HAL/SCU/hal_scu_clk.o
 .text.PRV_SCUCLK_IRQHandler
                0x0000479c       0x78 ./HAL/SCU/hal_scu_clk.o
 .text.HAL_SCU_CLK_SetMClk
                0x00004814       0xc0 ./HAL/SCU/hal_scu_clk.o
                0x00004814                HAL_SCU_CLK_SetMClk
 .text.HAL_SCU_CLK_SetSrcEnable
                0x000048d4       0x62 ./HAL/SCU/hal_scu_clk.o
                0x000048d4                HAL_SCU_CLK_SetSrcEnable
 *fill*         0x00004936        0x2 
 .text.HAL_SCU_CLK_SetPLLConfig
                0x00004938       0xe4 ./HAL/SCU/hal_scu_clk.o
                0x00004938                HAL_SCU_CLK_SetPLLConfig
 .text.HAL_SCU_CLK_SetOutput
                0x00004a1c       0x1c ./HAL/SCU/hal_scu_clk.o
                0x00004a1c                HAL_SCU_CLK_SetOutput
 .text.HAL_SCU_CLK_SetPClkDiv
                0x00004a38       0x30 ./HAL/SCU/hal_scu_clk.o
                0x00004a38                HAL_SCU_CLK_SetPClkDiv
 .text.Interrupt1_Handler
                0x00004a68        0xa ./HAL/SCU/hal_scu_clk.o
                0x00004a68                Interrupt1_Handler
 .text.Interrupt2_Handler
                0x00004a72        0xa ./HAL/SCU/hal_scu_clk.o
                0x00004a72                Interrupt2_Handler
 .text.Interrupt3_Handler
                0x00004a7c        0xa ./HAL/SCU/hal_scu_clk.o
                0x00004a7c                Interrupt3_Handler
 *fill*         0x00004a86        0x2 
 .text.__NVIC_EnableIRQ
                0x00004a88       0x1c ./HAL/PCU/hal_pcu.o
 .text.__NVIC_DisableIRQ
                0x00004aa4       0x24 ./HAL/PCU/hal_pcu.o
 .text.__NVIC_SetPriority
                0x00004ac8       0x28 ./HAL/PCU/hal_pcu.o
 .text.PCU_GetIRQNum
                0x00004af0       0x32 ./HAL/PCU/hal_pcu.o
 .text.PCU_SetDebounceClk
                0x00004b22       0xc0 ./HAL/PCU/hal_pcu.o
 *fill*         0x00004be2        0x2 
 .text.PCU_SetIntrPort
                0x00004be4       0x68 ./HAL/PCU/hal_pcu.o
 .text.PRV_PCU_GetVaildPort
                0x00004c4c        0xe ./HAL/PCU/hal_pcu.o
 *fill*         0x00004c5a        0x2 
 .text.PRV_PCU_IRQHandler
                0x00004c5c       0x54 ./HAL/PCU/hal_pcu.o
 .text.PRV_PCU_NMIHandler
                0x00004cb0       0x38 ./HAL/PCU/hal_pcu.o
 .text.PCU0_INT_IRQHandler
                0x00004ce8       0x18 ./HAL/PCU/hal_pcu.o
 .text.PCU1_INT_IRQHandler
                0x00004d00       0x18 ./HAL/PCU/hal_pcu.o
 .text.PCU2_INT_IRQHandler
                0x00004d18       0x18 ./HAL/PCU/hal_pcu.o
 .text.PCU3_INT_IRQHandler
                0x00004d30       0x18 ./HAL/PCU/hal_pcu.o
 .text.PCU4_INT_IRQHandler
                0x00004d48       0x18 ./HAL/PCU/hal_pcu.o
 .text.PCU5_INT_IRQHandler
                0x00004d60       0x18 ./HAL/PCU/hal_pcu.o
 .text.PCU6_INT_IRQHandler
                0x00004d78       0x18 ./HAL/PCU/hal_pcu.o
 .text.HAL_PCU_SetAltMode
                0x00004d90       0xa0 ./HAL/PCU/hal_pcu.o
                0x00004d90                HAL_PCU_SetAltMode
 .text.HAL_PCU_SetInOutMode
                0x00004e30       0xa0 ./HAL/PCU/hal_pcu.o
                0x00004e30                HAL_PCU_SetInOutMode
 .text.HAL_PCU_GetInputValue
                0x00004ed0       0x2e ./HAL/PCU/hal_pcu.o
                0x00004ed0                HAL_PCU_GetInputValue
 .text.HAL_PCU_SetOutputBit
                0x00004efe       0x40 ./HAL/PCU/hal_pcu.o
                0x00004efe                HAL_PCU_SetOutputBit
 .text.HAL_PCU_SetIntrPort
                0x00004f3e       0x2e ./HAL/PCU/hal_pcu.o
                0x00004f3e                HAL_PCU_SetIntrPort
 .text.HAL_PCU_SetPortDebounce
                0x00004f6c       0x64 ./HAL/PCU/hal_pcu.o
                0x00004f6c                HAL_PCU_SetPortDebounce
 .text.HAL_PCU_SetClkDebounce
                0x00004fd0       0x1e ./HAL/PCU/hal_pcu.o
                0x00004fd0                HAL_PCU_SetClkDebounce
 *fill*         0x00004fee        0x2 
 .text.HAL_PCU_SetIRQ
                0x00004ff0       0xe8 ./HAL/PCU/hal_pcu.o
                0x00004ff0                HAL_PCU_SetIRQ
 .text.Interrupt36_Handler
                0x000050d8        0x8 ./HAL/PCU/hal_pcu.o
                0x000050d8                Interrupt36_Handler
 .text.Interrupt37_Handler
                0x000050e0        0x8 ./HAL/PCU/hal_pcu.o
                0x000050e0                Interrupt37_Handler
 .text.Interrupt38_Handler
                0x000050e8        0x8 ./HAL/PCU/hal_pcu.o
                0x000050e8                Interrupt38_Handler
 .text.Interrupt39_Handler
                0x000050f0        0x8 ./HAL/PCU/hal_pcu.o
                0x000050f0                Interrupt39_Handler
 .text.Interrupt40_Handler
                0x000050f8        0x8 ./HAL/PCU/hal_pcu.o
                0x000050f8                Interrupt40_Handler
 .text.Interrupt41_Handler
                0x00005100        0x8 ./HAL/PCU/hal_pcu.o
                0x00005100                Interrupt41_Handler
 .text.Interrupt42_Handler
                0x00005108        0x8 ./HAL/PCU/hal_pcu.o
                0x00005108                Interrupt42_Handler
 .text.__NVIC_EnableIRQ
                0x00005110       0x1c ./HAL/I2C/hal_i2c.o
 .text.__NVIC_DisableIRQ
                0x0000512c       0x24 ./HAL/I2C/hal_i2c.o
 .text.__NVIC_SetPriority
                0x00005150       0x28 ./HAL/I2C/hal_i2c.o
 .text.I2C_SetScuEnable
                0x00005178       0x32 ./HAL/I2C/hal_i2c.o
 .text.I2C_GetIRQNum
                0x000051aa       0x22 ./HAL/I2C/hal_i2c.o
 .text.PRV_I2C_GetReg
                0x000051cc        0xa ./HAL/I2C/hal_i2c.o
 .text.PRV_I2C_SetScuEnable
                0x000051d6        0x8 ./HAL/I2C/hal_i2c.o
 *fill*         0x000051de        0x2 
 .text.PRV_I2C_GetOpStatus
                0x000051e0       0x20 ./HAL/I2C/hal_i2c.o
 .text.PRV_I2C_SetOpStop
                0x00005200       0x28 ./HAL/I2C/hal_i2c.o
 .text.i2cwr_dbg_record
                0x00005228       0x30 ./HAL/I2C/hal_i2c.o
 .text.PRV_I2C_IRQHandler
                0x00005258      0x34c ./HAL/I2C/hal_i2c.o
 .text.PRV_I2C_NMIHandler
                0x000055a4       0x2c ./HAL/I2C/hal_i2c.o
 .text.HAL_I2C_Init
                0x000055d0       0x30 ./HAL/I2C/hal_i2c.o
                0x000055d0                HAL_I2C_Init
 .text.HAL_I2C_SetConfig
                0x00005600       0x98 ./HAL/I2C/hal_i2c.o
                0x00005600                HAL_I2C_SetConfig
 .text.HAL_I2C_SetIRQ
                0x00005698      0x114 ./HAL/I2C/hal_i2c.o
                0x00005698                HAL_I2C_SetIRQ
 .text.HAL_I2C_Transmit
                0x000057ac      0x1a8 ./HAL/I2C/hal_i2c.o
                0x000057ac                HAL_I2C_Transmit
 .text.HAL_I2C_Receive
                0x00005954      0x24c ./HAL/I2C/hal_i2c.o
                0x00005954                HAL_I2C_Receive
 .text.HAL_I2C_WriteRead
                0x00005ba0      0x23c ./HAL/I2C/hal_i2c.o
                0x00005ba0                HAL_I2C_WriteRead
 .text.Interrupt60_Handler
                0x00005ddc        0xa ./HAL/I2C/hal_i2c.o
                0x00005ddc                Interrupt60_Handler
 .text.Interrupt61_Handler
                0x00005de6        0xa ./HAL/I2C/hal_i2c.o
                0x00005de6                Interrupt61_Handler
 .text.Interrupt62_Handler
                0x00005df0        0xa ./HAL/I2C/hal_i2c.o
                0x00005df0                Interrupt62_Handler
 .text.Interrupt100_Handler
                0x00005dfa        0xa ./HAL/I2C/hal_i2c.o
                0x00005dfa                Interrupt100_Handler
 .text.PRV_NMI_IRQHandler
                0x00005e04       0x70 ./HAL/HPL/NMI/hpl_nmi.o
 .text.HPL_NMI_SetSource
                0x00005e74       0x58 ./HAL/HPL/NMI/hpl_nmi.o
                0x00005e74                HPL_NMI_SetSource
 .text.NMI_Handler
                0x00005ecc        0x8 ./HAL/HPL/NMI/hpl_nmi.o
                0x00005ecc                NMI_Handler
 .text.__NVIC_EnableIRQ
                0x00005ed4       0x1c ./HAL/ADC/hal_adc.o
 .text.__NVIC_DisableIRQ
                0x00005ef0       0x24 ./HAL/ADC/hal_adc.o
 .text.__NVIC_SetPriority
                0x00005f14       0x28 ./HAL/ADC/hal_adc.o
 .text.ADC_SetScuEnable
                0x00005f3c       0x32 ./HAL/ADC/hal_adc.o
 .text.ADC_SetSeqTrgIndependent
                0x00005f6e       0x9a ./HAL/ADC/hal_adc.o
 .text.PRV_ADC_GetReg
                0x00006008        0xc ./HAL/ADC/hal_adc.o
 .text.PRV_ADC_SetScuEnable
                0x00006014        0x8 ./HAL/ADC/hal_adc.o
 .text.PRV_ADC_PreInit
                0x0000601c       0x58 ./HAL/ADC/hal_adc.o
 .text.PRV_ADC_IRQHandler
                0x00006074       0x54 ./HAL/ADC/hal_adc.o
 .text.PRV_ADC_NMIHandler
                0x000060c8       0x28 ./HAL/ADC/hal_adc.o
 .text.HAL_ADC_Init
                0x000060f0       0x38 ./HAL/ADC/hal_adc.o
                0x000060f0                HAL_ADC_Init
 .text.HAL_ADC_SetClkConfig
                0x00006128       0x30 ./HAL/ADC/hal_adc.o
                0x00006128                HAL_ADC_SetClkConfig
 .text.HAL_ADC_SetConfig
                0x00006158       0x88 ./HAL/ADC/hal_adc.o
                0x00006158                HAL_ADC_SetConfig
 .text.HAL_ADC_SetIRQ
                0x000061e0      0x11c ./HAL/ADC/hal_adc.o
                0x000061e0                HAL_ADC_SetIRQ
 .text.HAL_ADC_Start
                0x000062fc       0x68 ./HAL/ADC/hal_adc.o
                0x000062fc                HAL_ADC_Start
 .text.HAL_ADC_Stop
                0x00006364       0x60 ./HAL/ADC/hal_adc.o
                0x00006364                HAL_ADC_Stop
 .text.HAL_ADC_GetData
                0x000063c4       0x46 ./HAL/ADC/hal_adc.o
                0x000063c4                HAL_ADC_GetData
 *fill*         0x0000640a        0x2 
 .text.HAL_ADC_SetSeqConfig
                0x0000640c       0x50 ./HAL/ADC/hal_adc.o
                0x0000640c                HAL_ADC_SetSeqConfig
 .text.Interrupt74_Handler
                0x0000645c        0xa ./HAL/ADC/hal_adc.o
                0x0000645c                Interrupt74_Handler
 .text.Interrupt75_Handler
                0x00006466        0xa ./HAL/ADC/hal_adc.o
                0x00006466                Interrupt75_Handler
 .text.Interrupt76_Handler
                0x00006470        0xa ./HAL/ADC/hal_adc.o
                0x00006470                Interrupt76_Handler
 .text.dbg_serial_tx_poll
                0x0000647a       0x10 ./Debug/Source/debug.o
 .text.dbg_serial_tx
                0x0000648a       0x10 ./Debug/Source/debug.o
 .text.dbg_serial_rx_poll
                0x0000649a       0x10 ./Debug/Source/debug.o
 .text.dbg_serial_rx
                0x000064aa       0x10 ./Debug/Source/debug.o
 .text.dbg_serial_abort
                0x000064ba        0xa ./Debug/Source/debug.o
 .text.dbg_serial_init
                0x000064c4       0x5c ./Debug/Source/debug.o
 .text.dbg_uart_irq_handler
                0x00006520       0x1e ./Debug/Source/debug.o
 *fill*         0x0000653e        0x2 
 .text.Debug_Init
                0x00006540       0x10 ./Debug/Source/debug.o
                0x00006540                Debug_Init
 .text.debug_log
                0x00006550       0x34 ./Debug/Source/debug_log.o
                0x00006550                debug_log
 .text._write   0x00006584       0x1a ./Debug/Source/debug_retarget.o
                0x00006584                _write
 .text._read    0x0000659e       0x16 ./Debug/Source/debug_retarget.o
                0x0000659e                _read
 .text._close   0x000065b4        0x4 ./Debug/Source/debug_retarget.o
                0x000065b4                _close
 .text._fstat   0x000065b8        0x4 ./Debug/Source/debug_retarget.o
                0x000065b8                _fstat
 .text._isatty  0x000065bc        0x4 ./Debug/Source/debug_retarget.o
                0x000065bc                _isatty
 .text._lseek   0x000065c0        0x4 ./Debug/Source/debug_retarget.o
                0x000065c0                _lseek
 .text.serial_fifo_init
                0x000065c4       0x10 ./Debug/Source/debug_serial.o
 .text.serial_fifo_tx_flush
                0x000065d4       0x60 ./Debug/Source/debug_serial.o
 .text.serial_continue_tx
                0x00006634       0x68 ./Debug/Source/debug_serial.o
                0x00006634                serial_continue_tx
 .text.serial_init
                0x0000669c       0x4c ./Debug/Source/debug_serial.o
                0x0000669c                serial_init
 .text.serial_putc
                0x000066e8       0x5c ./Debug/Source/debug_serial.o
                0x000066e8                serial_putc
 .text.serial_continue_rx
                0x00006744       0x6c ./Debug/Source/debug_serial.o
                0x00006744                serial_continue_rx
 .text.serial_getc
                0x000067b0       0x64 ./Debug/Source/debug_serial.o
                0x000067b0                serial_getc
 .text.HardFault_Handler
                0x00006814        0x2 ./ABOV/Source/startup_a34xxxx.o
                0x00006814                HardFault_Handler
 .text.Default_Handler
                0x00006816        0x2 ./ABOV/Source/startup_a34xxxx.o
                0x00006816                DebugMon_Handler
                0x00006816                Interrupt31_Handler
                0x00006816                Interrupt71_Handler
                0x00006816                Interrupt93_Handler
                0x00006816                Interrupt107_Handler
                0x00006816                PendSV_Handler
                0x00006816                Interrupt11_Handler
                0x00006816                Interrupt56_Handler
                0x00006816                Interrupt117_Handler
                0x00006816                Interrupt29_Handler
                0x00006816                Interrupt103_Handler
                0x00006816                Interrupt106_Handler
                0x00006816                Interrupt72_Handler
                0x00006816                Interrupt89_Handler
                0x00006816                Interrupt81_Handler
                0x00006816                Interrupt28_Handler
                0x00006816                Interrupt33_Handler
                0x00006816                Interrupt8_Handler
                0x00006816                Interrupt73_Handler
                0x00006816                Interrupt5_Handler
                0x00006816                UsageFault_Handler
                0x00006816                Interrupt35_Handler
                0x00006816                Interrupt27_Handler
                0x00006816                Interrupt26_Handler
                0x00006816                Interrupt87_Handler
                0x00006816                Interrupt123_Handler
                0x00006816                Interrupt124_Handler
                0x00006816                Interrupt90_Handler
                0x00006816                Interrupt83_Handler
                0x00006816                Interrupt122_Handler
                0x00006816                Interrupt44_Handler
                0x00006816                Interrupt34_Handler
                0x00006816                Interrupt121_Handler
                0x00006816                Interrupt7_Handler
                0x00006816                Interrupt0_Handler
                0x00006816                Interrupt54_Handler
                0x00006816                Interrupt120_Handler
                0x00006816                Interrupt52_Handler
                0x00006816                Interrupt105_Handler
                0x00006816                Interrupt69_Handler
                0x00006816                Interrupt4_Handler
                0x00006816                Interrupt115_Handler
                0x00006816                Default_Handler
                0x00006816                Interrupt92_Handler
                0x00006816                Interrupt9_Handler
                0x00006816                Interrupt118_Handler
                0x00006816                Interrupt97_Handler
                0x00006816                Interrupt32_Handler
                0x00006816                Interrupt6_Handler
                0x00006816                Interrupt53_Handler
                0x00006816                Interrupt79_Handler
                0x00006816                Interrupt85_Handler
                0x00006816                Interrupt98_Handler
                0x00006816                Interrupt96_Handler
                0x00006816                Interrupt45_Handler
                0x00006816                MemManage_Handler
                0x00006816                SVC_Handler
                0x00006816                Interrupt10_Handler
                0x00006816                Interrupt25_Handler
                0x00006816                Interrupt88_Handler
                0x00006816                Interrupt101_Handler
                0x00006816                Interrupt43_Handler
                0x00006816                Interrupt116_Handler
                0x00006816                Interrupt91_Handler
                0x00006816                Interrupt99_Handler
                0x00006816                Interrupt102_Handler
                0x00006816                Interrupt14_Handler
                0x00006816                Interrupt82_Handler
                0x00006816                Interrupt13_Handler
                0x00006816                Interrupt58_Handler
                0x00006816                Interrupt59_Handler
                0x00006816                Interrupt46_Handler
                0x00006816                Interrupt51_Handler
                0x00006816                Interrupt119_Handler
                0x00006816                Interrupt70_Handler
                0x00006816                Interrupt86_Handler
                0x00006816                Interrupt48_Handler
                0x00006816                BusFault_Handler
                0x00006816                Interrupt94_Handler
                0x00006816                Interrupt77_Handler
                0x00006816                Interrupt55_Handler
                0x00006816                Interrupt95_Handler
                0x00006816                Interrupt50_Handler
                0x00006816                Interrupt78_Handler
                0x00006816                Interrupt30_Handler
                0x00006816                Interrupt47_Handler
                0x00006816                Interrupt57_Handler
                0x00006816                Interrupt12_Handler
                0x00006816                Interrupt84_Handler
                0x00006816                Interrupt104_Handler
                0x00006816                Interrupt49_Handler
                0x00006816                Interrupt80_Handler
 .text.Reset_Handler
                0x00006818       0x60 ./ABOV/Source/startup_a34xxxx.o
                0x00006818                Reset_Handler
 .text.SystemInit
                0x00006878       0x48 ./ABOV/Source/system_a34xxxx.o
                0x00006878                SystemInit
 .text.SystemDelayUS
                0x000068c0       0x1c ./ABOV/Source/system_a34xxxx.o
                0x000068c0                SystemDelayUS
 .text          0x000068dc       0x30 C:/ABOV/eMStudio32/bin/13.2 Rel1/bin/../lib/gcc/arm-none-eabi/13.2.1/thumb/v7e-m/nofp\libgcc.a(_aeabi_uldivmod.o)
                0x000068dc                __aeabi_uldivmod
 .text.__udivmoddi4
                0x0000690c      0x2bc C:/ABOV/eMStudio32/bin/13.2 Rel1/bin/../lib/gcc/arm-none-eabi/13.2.1/thumb/v7e-m/nofp\libgcc.a(_udivmoddi4.o)
                0x0000690c                __udivmoddi4
 .text          0x00006bc8        0x4 C:/ABOV/eMStudio32/bin/13.2 Rel1/bin/../lib/gcc/arm-none-eabi/13.2.1/thumb/v7e-m/nofp\libgcc.a(_dvmd_tls.o)
                0x00006bc8                __aeabi_idiv0
                0x00006bc8                __aeabi_ldiv0
 .text.exit     0x00006bcc       0x24 C:/ABOV/eMStudio32/bin/13.2 Rel1/bin/../lib/gcc/arm-none-eabi/13.2.1/thumb/v7e-m/nofp\libg_nano.a(libc_a-exit.o)
                0x00006bcc                exit
 .text.std      0x00006bf0       0x6c C:/ABOV/eMStudio32/bin/13.2 Rel1/bin/../lib/gcc/arm-none-eabi/13.2.1/thumb/v7e-m/nofp\libg_nano.a(libc_a-findfp.o)
 .text.stdio_exit_handler
                0x00006c5c       0x18 C:/ABOV/eMStudio32/bin/13.2 Rel1/bin/../lib/gcc/arm-none-eabi/13.2.1/thumb/v7e-m/nofp\libg_nano.a(libc_a-findfp.o)
 .text.cleanup_stdio
                0x00006c74       0x40 C:/ABOV/eMStudio32/bin/13.2 Rel1/bin/../lib/gcc/arm-none-eabi/13.2.1/thumb/v7e-m/nofp\libg_nano.a(libc_a-findfp.o)
 .text.global_stdio_init.part.0
                0x00006cb4       0x3c C:/ABOV/eMStudio32/bin/13.2 Rel1/bin/../lib/gcc/arm-none-eabi/13.2.1/thumb/v7e-m/nofp\libg_nano.a(libc_a-findfp.o)
 .text.__sfp_lock_acquire
                0x00006cf0        0xc C:/ABOV/eMStudio32/bin/13.2 Rel1/bin/../lib/gcc/arm-none-eabi/13.2.1/thumb/v7e-m/nofp\libg_nano.a(libc_a-findfp.o)
                0x00006cf0                __sfp_lock_acquire
 .text.__sfp_lock_release
                0x00006cfc        0xc C:/ABOV/eMStudio32/bin/13.2 Rel1/bin/../lib/gcc/arm-none-eabi/13.2.1/thumb/v7e-m/nofp\libg_nano.a(libc_a-findfp.o)
                0x00006cfc                __sfp_lock_release
 .text.__sinit  0x00006d08       0x30 C:/ABOV/eMStudio32/bin/13.2 Rel1/bin/../lib/gcc/arm-none-eabi/13.2.1/thumb/v7e-m/nofp\libg_nano.a(libc_a-findfp.o)
                0x00006d08                __sinit
 .text._fwalk_sglue
                0x00006d38       0x3c C:/ABOV/eMStudio32/bin/13.2 Rel1/bin/../lib/gcc/arm-none-eabi/13.2.1/thumb/v7e-m/nofp\libg_nano.a(libc_a-fwalk.o)
                0x00006d38                _fwalk_sglue
 .text.printf   0x00006d74       0x24 C:/ABOV/eMStudio32/bin/13.2 Rel1/bin/../lib/gcc/arm-none-eabi/13.2.1/thumb/v7e-m/nofp\libg_nano.a(libc_a-printf.o)
                0x00006d74                iprintf
                0x00006d74                printf
 .text.setvbuf  0x00006d98      0x168 C:/ABOV/eMStudio32/bin/13.2 Rel1/bin/../lib/gcc/arm-none-eabi/13.2.1/thumb/v7e-m/nofp\libg_nano.a(libc_a-setvbuf.o)
                0x00006d98                setvbuf
 .text.snprintf
                0x00006f00       0x68 C:/ABOV/eMStudio32/bin/13.2 Rel1/bin/../lib/gcc/arm-none-eabi/13.2.1/thumb/v7e-m/nofp\libg_nano.a(libc_a-snprintf.o)
                0x00006f00                sniprintf
                0x00006f00                snprintf
 .text.__sread  0x00006f68       0x22 C:/ABOV/eMStudio32/bin/13.2 Rel1/bin/../lib/gcc/arm-none-eabi/13.2.1/thumb/v7e-m/nofp\libg_nano.a(libc_a-stdio.o)
                0x00006f68                __sread
 .text.__swrite
                0x00006f8a       0x38 C:/ABOV/eMStudio32/bin/13.2 Rel1/bin/../lib/gcc/arm-none-eabi/13.2.1/thumb/v7e-m/nofp\libg_nano.a(libc_a-stdio.o)
                0x00006f8a                __swrite
 .text.__sseek  0x00006fc2       0x24 C:/ABOV/eMStudio32/bin/13.2 Rel1/bin/../lib/gcc/arm-none-eabi/13.2.1/thumb/v7e-m/nofp\libg_nano.a(libc_a-stdio.o)
                0x00006fc2                __sseek
 .text.__sclose
                0x00006fe6        0x8 C:/ABOV/eMStudio32/bin/13.2 Rel1/bin/../lib/gcc/arm-none-eabi/13.2.1/thumb/v7e-m/nofp\libg_nano.a(libc_a-stdio.o)
                0x00006fe6                __sclose
 .text._vsnprintf_r
                0x00006fee       0x56 C:/ABOV/eMStudio32/bin/13.2 Rel1/bin/../lib/gcc/arm-none-eabi/13.2.1/thumb/v7e-m/nofp\libg_nano.a(libc_a-vsnprintf.o)
                0x00006fee                _vsniprintf_r
                0x00006fee                _vsnprintf_r
 .text.vsnprintf
                0x00007044       0x1c C:/ABOV/eMStudio32/bin/13.2 Rel1/bin/../lib/gcc/arm-none-eabi/13.2.1/thumb/v7e-m/nofp\libg_nano.a(libc_a-vsnprintf.o)
                0x00007044                vsniprintf
                0x00007044                vsnprintf
 .text.memcmp   0x00007060       0x20 C:/ABOV/eMStudio32/bin/13.2 Rel1/bin/../lib/gcc/arm-none-eabi/13.2.1/thumb/v7e-m/nofp\libg_nano.a(libc_a-memcmp.o)
                0x00007060                memcmp
 .text.memset   0x00007080       0x10 C:/ABOV/eMStudio32/bin/13.2 Rel1/bin/../lib/gcc/arm-none-eabi/13.2.1/thumb/v7e-m/nofp\libg_nano.a(libc_a-memset.o)
                0x00007080                memset
 .text.strstr   0x00007090       0x2c C:/ABOV/eMStudio32/bin/13.2 Rel1/bin/../lib/gcc/arm-none-eabi/13.2.1/thumb/v7e-m/nofp\libg_nano.a(libc_a-strstr.o)
                0x00007090                strstr
 .text._close_r
                0x000070bc       0x20 C:/ABOV/eMStudio32/bin/13.2 Rel1/bin/../lib/gcc/arm-none-eabi/13.2.1/thumb/v7e-m/nofp\libg_nano.a(libc_a-closer.o)
                0x000070bc                _close_r
 .text._lseek_r
                0x000070dc       0x24 C:/ABOV/eMStudio32/bin/13.2 Rel1/bin/../lib/gcc/arm-none-eabi/13.2.1/thumb/v7e-m/nofp\libg_nano.a(libc_a-lseekr.o)
                0x000070dc                _lseek_r
 .text._read_r  0x00007100       0x24 C:/ABOV/eMStudio32/bin/13.2 Rel1/bin/../lib/gcc/arm-none-eabi/13.2.1/thumb/v7e-m/nofp\libg_nano.a(libc_a-readr.o)
                0x00007100                _read_r
 .text._write_r
                0x00007124       0x24 C:/ABOV/eMStudio32/bin/13.2 Rel1/bin/../lib/gcc/arm-none-eabi/13.2.1/thumb/v7e-m/nofp\libg_nano.a(libc_a-writer.o)
                0x00007124                _write_r
 .text.__libc_init_array
                0x00007148       0x48 C:/ABOV/eMStudio32/bin/13.2 Rel1/bin/../lib/gcc/arm-none-eabi/13.2.1/thumb/v7e-m/nofp\libg_nano.a(libc_a-init.o)
                0x00007148                __libc_init_array
 .text.__retarget_lock_init_recursive
                0x00007190        0x2 C:/ABOV/eMStudio32/bin/13.2 Rel1/bin/../lib/gcc/arm-none-eabi/13.2.1/thumb/v7e-m/nofp\libg_nano.a(libc_a-lock.o)
                0x00007190                __retarget_lock_init_recursive
 .text.__retarget_lock_acquire_recursive
                0x00007192        0x2 C:/ABOV/eMStudio32/bin/13.2 Rel1/bin/../lib/gcc/arm-none-eabi/13.2.1/thumb/v7e-m/nofp\libg_nano.a(libc_a-lock.o)
                0x00007192                __retarget_lock_acquire_recursive
 .text.__retarget_lock_release_recursive
                0x00007194        0x2 C:/ABOV/eMStudio32/bin/13.2 Rel1/bin/../lib/gcc/arm-none-eabi/13.2.1/thumb/v7e-m/nofp\libg_nano.a(libc_a-lock.o)
                0x00007194                __retarget_lock_release_recursive
 .text.memcpy   0x00007196       0x1c C:/ABOV/eMStudio32/bin/13.2 Rel1/bin/../lib/gcc/arm-none-eabi/13.2.1/thumb/v7e-m/nofp\libg_nano.a(libc_a-memcpy-stub.o)
                0x00007196                memcpy
 .text          0x000071b2       0x10 C:/ABOV/eMStudio32/bin/13.2 Rel1/bin/../lib/gcc/arm-none-eabi/13.2.1/thumb/v7e-m/nofp\libg_nano.a(libc_a-strlen.o)
                0x000071b2                strlen
 *fill*         0x000071c2        0x2 
 .text._free_r  0x000071c4       0x94 C:/ABOV/eMStudio32/bin/13.2 Rel1/bin/../lib/gcc/arm-none-eabi/13.2.1/thumb/v7e-m/nofp\libg_nano.a(libc_a-freer.o)
                0x000071c4                _free_r
 .text.malloc   0x00007258       0x10 C:/ABOV/eMStudio32/bin/13.2 Rel1/bin/../lib/gcc/arm-none-eabi/13.2.1/thumb/v7e-m/nofp\libg_nano.a(libc_a-malloc.o)
                0x00007258                malloc
 .text.sbrk_aligned
                0x00007268       0x44 C:/ABOV/eMStudio32/bin/13.2 Rel1/bin/../lib/gcc/arm-none-eabi/13.2.1/thumb/v7e-m/nofp\libg_nano.a(libc_a-mallocr.o)
 .text._malloc_r
                0x000072ac      0x100 C:/ABOV/eMStudio32/bin/13.2 Rel1/bin/../lib/gcc/arm-none-eabi/13.2.1/thumb/v7e-m/nofp\libg_nano.a(libc_a-mallocr.o)
                0x000072ac                _malloc_r
 .text.__malloc_lock
                0x000073ac        0xc C:/ABOV/eMStudio32/bin/13.2 Rel1/bin/../lib/gcc/arm-none-eabi/13.2.1/thumb/v7e-m/nofp\libg_nano.a(libc_a-mlock.o)
                0x000073ac                __malloc_lock
 .text.__malloc_unlock
                0x000073b8        0xc C:/ABOV/eMStudio32/bin/13.2 Rel1/bin/../lib/gcc/arm-none-eabi/13.2.1/thumb/v7e-m/nofp\libg_nano.a(libc_a-mlock.o)
                0x000073b8                __malloc_unlock
 .text.__ssputs_r
                0x000073c4       0xb6 C:/ABOV/eMStudio32/bin/13.2 Rel1/bin/../lib/gcc/arm-none-eabi/13.2.1/thumb/v7e-m/nofp\libg_nano.a(libc_a-nano-svfprintf.o)
                0x000073c4                __ssputs_r
 *fill*         0x0000747a        0x2 
 .text._svfprintf_r
                0x0000747c      0x1f8 C:/ABOV/eMStudio32/bin/13.2 Rel1/bin/../lib/gcc/arm-none-eabi/13.2.1/thumb/v7e-m/nofp\libg_nano.a(libc_a-nano-svfprintf.o)
                0x0000747c                _svfiprintf_r
                0x0000747c                _svfprintf_r
 .text.__sfputc_r
                0x00007674       0x2a C:/ABOV/eMStudio32/bin/13.2 Rel1/bin/../lib/gcc/arm-none-eabi/13.2.1/thumb/v7e-m/nofp\libg_nano.a(libc_a-nano-vfprintf.o)
 .text.__sfputs_r
                0x0000769e       0x24 C:/ABOV/eMStudio32/bin/13.2 Rel1/bin/../lib/gcc/arm-none-eabi/13.2.1/thumb/v7e-m/nofp\libg_nano.a(libc_a-nano-vfprintf.o)
                0x0000769e                __sfputs_r
 *fill*         0x000076c2        0x2 
 .text._vfprintf_r
                0x000076c4      0x230 C:/ABOV/eMStudio32/bin/13.2 Rel1/bin/../lib/gcc/arm-none-eabi/13.2.1/thumb/v7e-m/nofp\libg_nano.a(libc_a-nano-vfprintf.o)
                0x000076c4                _vfprintf_r
                0x000076c4                _vfiprintf_r
 .text._printf_common
                0x000078f4       0xda C:/ABOV/eMStudio32/bin/13.2 Rel1/bin/../lib/gcc/arm-none-eabi/13.2.1/thumb/v7e-m/nofp\libg_nano.a(libc_a-nano-vfprintf_i.o)
                0x000078f4                _printf_common
 *fill*         0x000079ce        0x2 
 .text._printf_i
                0x000079d0      0x23c C:/ABOV/eMStudio32/bin/13.2 Rel1/bin/../lib/gcc/arm-none-eabi/13.2.1/thumb/v7e-m/nofp\libg_nano.a(libc_a-nano-vfprintf_i.o)
                0x000079d0                _printf_i
 .text.__sflush_r
                0x00007c0c      0x100 C:/ABOV/eMStudio32/bin/13.2 Rel1/bin/../lib/gcc/arm-none-eabi/13.2.1/thumb/v7e-m/nofp\libg_nano.a(libc_a-fflush.o)
                0x00007c0c                __sflush_r
 .text._fflush_r
                0x00007d0c       0x50 C:/ABOV/eMStudio32/bin/13.2 Rel1/bin/../lib/gcc/arm-none-eabi/13.2.1/thumb/v7e-m/nofp\libg_nano.a(libc_a-fflush.o)
                0x00007d0c                _fflush_r
 .text.__swhatbuf_r
                0x00007d5c       0x4c C:/ABOV/eMStudio32/bin/13.2 Rel1/bin/../lib/gcc/arm-none-eabi/13.2.1/thumb/v7e-m/nofp\libg_nano.a(libc_a-makebuf.o)
                0x00007d5c                __swhatbuf_r
 .text.__smakebuf_r
                0x00007da8       0x78 C:/ABOV/eMStudio32/bin/13.2 Rel1/bin/../lib/gcc/arm-none-eabi/13.2.1/thumb/v7e-m/nofp\libg_nano.a(libc_a-makebuf.o)
                0x00007da8                __smakebuf_r
 .text.__swbuf_r
                0x00007e20       0x7c C:/ABOV/eMStudio32/bin/13.2 Rel1/bin/../lib/gcc/arm-none-eabi/13.2.1/thumb/v7e-m/nofp\libg_nano.a(libc_a-wbuf.o)
                0x00007e20                __swbuf_r
 .text.__swsetup_r
                0x00007e9c       0xac C:/ABOV/eMStudio32/bin/13.2 Rel1/bin/../lib/gcc/arm-none-eabi/13.2.1/thumb/v7e-m/nofp\libg_nano.a(libc_a-wsetup.o)
                0x00007e9c                __swsetup_r
 .text.memmove  0x00007f48       0x34 C:/ABOV/eMStudio32/bin/13.2 Rel1/bin/../lib/gcc/arm-none-eabi/13.2.1/thumb/v7e-m/nofp\libg_nano.a(libc_a-memmove.o)
                0x00007f48                memmove
 .text._fstat_r
                0x00007f7c       0x24 C:/ABOV/eMStudio32/bin/13.2 Rel1/bin/../lib/gcc/arm-none-eabi/13.2.1/thumb/v7e-m/nofp\libg_nano.a(libc_a-fstatr.o)
                0x00007f7c                _fstat_r
 .text._isatty_r
                0x00007fa0       0x20 C:/ABOV/eMStudio32/bin/13.2 Rel1/bin/../lib/gcc/arm-none-eabi/13.2.1/thumb/v7e-m/nofp\libg_nano.a(libc_a-isattyr.o)
                0x00007fa0                _isatty_r
 .text._sbrk_r  0x00007fc0       0x20 C:/ABOV/eMStudio32/bin/13.2 Rel1/bin/../lib/gcc/arm-none-eabi/13.2.1/thumb/v7e-m/nofp\libg_nano.a(libc_a-sbrkr.o)
                0x00007fc0                _sbrk_r
 .text          0x00007fe0       0xa0 C:/ABOV/eMStudio32/bin/13.2 Rel1/bin/../lib/gcc/arm-none-eabi/13.2.1/thumb/v7e-m/nofp\libg_nano.a(libc_a-memchr.o)
                0x00007fe0                memchr
 .text._realloc_r
                0x00008080       0x5c C:/ABOV/eMStudio32/bin/13.2 Rel1/bin/../lib/gcc/arm-none-eabi/13.2.1/thumb/v7e-m/nofp\libg_nano.a(libc_a-reallocr.o)
                0x00008080                _realloc_r
 .text._malloc_usable_size_r
                0x000080dc       0x10 C:/ABOV/eMStudio32/bin/13.2 Rel1/bin/../lib/gcc/arm-none-eabi/13.2.1/thumb/v7e-m/nofp\libg_nano.a(libc_a-msizer.o)
                0x000080dc                _malloc_usable_size_r
 .text._sbrk    0x000080ec       0x1c C:/ABOV/eMStudio32/bin/13.2 Rel1/bin/../lib/gcc/arm-none-eabi/13.2.1/thumb/v7e-m/nofp\libnosys.a(sbrk.o)
                0x000080ec                _sbrk
 .text._exit    0x00008108        0x4 C:/ABOV/eMStudio32/bin/13.2 Rel1/bin/../lib/gcc/arm-none-eabi/13.2.1/thumb/v7e-m/nofp\libnosys.a(_exit.o)
                0x00008108                _exit
 *(.init)
 .init          0x0000810c        0x4 C:/ABOV/eMStudio32/bin/13.2 Rel1/bin/../lib/gcc/arm-none-eabi/13.2.1/thumb/v7e-m/nofp/crti.o
                0x0000810c                _init
 .init          0x00008110        0x8 C:/ABOV/eMStudio32/bin/13.2 Rel1/bin/../lib/gcc/arm-none-eabi/13.2.1/thumb/v7e-m/nofp/crtn.o
 *(.fini)
 .fini          0x00008118        0x4 C:/ABOV/eMStudio32/bin/13.2 Rel1/bin/../lib/gcc/arm-none-eabi/13.2.1/thumb/v7e-m/nofp/crti.o
                0x00008118                _fini
 .fini          0x0000811c        0x8 C:/ABOV/eMStudio32/bin/13.2 Rel1/bin/../lib/gcc/arm-none-eabi/13.2.1/thumb/v7e-m/nofp/crtn.o
 *crtbegin.o(.ctors)
 *crtbegin?.o(.ctors)
 *(EXCLUDE_FILE(*crtend.o *crtend?.o) .ctors)
 *(SORT_BY_NAME(.ctors.*))
 *(.ctors)
 *crtbegin.o(.dtors)
 *crtbegin?.o(.dtors)
 *(EXCLUDE_FILE(*crtend.o *crtend?.o) .dtors)
 *(SORT_BY_NAME(.dtors.*))
 *(.dtors)
 *(.rodata*)
 .rodata.prov_wait_long_press.str1.4
                0x00008124     0x14cf ./Main/Libraries/cert_Lib/mqtt_cert_provision.o
                                 0x3e (size before relaxing)
 .rodata.MqttCertProv_Run.str1.4
                0x000095f3       0xe2 ./Main/Libraries/cert_Lib/mqtt_cert_provision.o
 .rodata.MqttCerts_GetRootCA.str1.4
                0x000095f3        0x1 ./Main/Libraries/cert_Lib/mqtt_certs.o
 .rodata.MqttCerts_EraseFlash.str1.4
                0x000095f3       0x79 ./Main/Libraries/cert_Lib/mqtt_certs.o
 .rodata.MqttCerts_LogFlashIfPresent.str1.4
                0x000095f3       0x31 ./Main/Libraries/cert_Lib/mqtt_certs.o
 .rodata.MqttCerts_LogStorage.str1.4
                0x000095f3       0x6f ./Main/Libraries/cert_Lib/mqtt_certs.o
 .rodata.str1.4
                0x000095f3       0x31 ./Main/Libraries/cert_Lib/mqtt_certs.o
 *fill*         0x000095f3        0x1 
 .rodata.s_allLeds
                0x000095f4       0x14 ./Main/Libraries/UserButton/user_button.o
 .rodata.Sensor_LEDTest.str1.4
                0x00009608       0x8d ./Main/Libraries/Sensor/sensor.o
 .rodata.Sensor_TestAll.str1.4
                0x00009608      0x1f2 ./Main/Libraries/Sensor/sensor.o
 .rodata.Sensor_FormatJSON.str1.4
                0x00009608       0x59 ./Main/Libraries/Sensor/sensor.o
 .rodata.Sensor_FormatAlarmJSON.str1.4
                0x00009608      0x248 ./Main/Libraries/Sensor/sensor.o
 .rodata        0x00009608       0x14 ./Main/Libraries/Sensor/sensor.o
 .rodata.SLM320_PublishSensorDataApp.str1.4
                0x0000961c       0x21 ./Main/Libraries/MEIG_SLM3XX/EMPA_Slm320.o
 .rodata.SLM320_PublishAlarm.str1.4
                0x0000961c       0x1d ./Main/Libraries/MEIG_SLM3XX/EMPA_Slm320.o
 .rodata.slm320_verify_cert_file.str1.4
                0x0000961c       0x3b ./Main/Libraries/MEIG_SLM3XX/slm320.o
 .rodata.slm320_upload_pem.str1.4
                0x0000961c       0x88 ./Main/Libraries/MEIG_SLM3XX/slm320.o
 .rodata.slm320_configure_dns.str1.4
                0x0000961c       0x2b ./Main/Libraries/MEIG_SLM3XX/slm320.o
 .rodata.slm320_ssl_send_cmd.str1.4
                0x0000961c       0x1a ./Main/Libraries/MEIG_SLM3XX/slm320.o
 .rodata.slm320_qmt_send_cfg.str1.4
                0x0000961c       0x19 ./Main/Libraries/MEIG_SLM3XX/slm320.o
 .rodata.slm320_log_rx_error.str1.4
                0x0000961c       0x16 ./Main/Libraries/MEIG_SLM3XX/slm320.o
 .rodata.slm320_mqtt_disconnect_prep.str1.4
                0x0000961c       0x20 ./Main/Libraries/MEIG_SLM3XX/slm320.o
 .rodata.SLM320_PowerOff.str1.4
                0x0000961c        0xa ./Main/Libraries/MEIG_SLM3XX/slm320.o
 .rodata.SLM320_Reset.str1.4
                0x0000961c        0x9 ./Main/Libraries/MEIG_SLM3XX/slm320.o
 .rodata.SLM320_CertsVerifyAll.str1.4
                0x0000961c       0x25 ./Main/Libraries/MEIG_SLM3XX/slm320.o
 .rodata.SLM320_CertsUploadAll.str1.4
                0x0000961c       0x4a ./Main/Libraries/MEIG_SLM3XX/slm320.o
 .rodata.SLM320_BootstrapAt.str1.4
                0x0000961c       0x1f ./Main/Libraries/MEIG_SLM3XX/slm320.o
 .rodata.SLM320_PublishSensorData.str1.4
                0x0000961c       0x9e ./Main/Libraries/MEIG_SLM3XX/slm320.o
 .rodata.SLM320_GetIMEI.str1.4
                0x0000961c        0x9 ./Main/Libraries/MEIG_SLM3XX/slm320.o
 .rodata.SLM320_RunStateMachine.str1.4
                0x0000961c      0x537 ./Main/Libraries/MEIG_SLM3XX/slm320.o
 .rodata.LIS2DE12_Init.str1.4
                0x0000961c       0xe6 ./Main/Libraries/LISDE12TR/LIS2DE12_app.o
 .rodata.LIS2DE12_ReadAcceleration.str1.4
                0x0000961c       0x26 ./Main/Libraries/LISDE12TR/LIS2DE12_app.o
 .rodata.DebugFramework_PutsLine.str1.4
                0x0000961c        0x3 ./Main/Libraries/DebugLibrary/debug_framework.o
 .rodata.GetChipSetInfo.str1.4
                0x0000961c      0x157 ./Main/main.o
 .rodata        0x0000961c        0x9 ./Main/prv_scu_clk.o
 .rodata.PRV_USER_Code.str1.4
                0x00009625      0x321 ./Main/prv_user_code.o
 *fill*         0x00009625        0x3 
 .rodata        0x00009628        0x6 ./Main/user_timer1.o
 *fill*         0x0000962e        0x2 
 .rodata        0x00009630        0xc ./Main/user_uart.o
 .rodata        0x0000963c        0x3 ./Debug/Source/debug.o
 .rodata.debug_log.str1.4
                0x0000963f        0x3 ./Debug/Source/debug_log.o
 .rodata._svfprintf_r.str1.1
                0x0000963f       0x33 C:/ABOV/eMStudio32/bin/13.2 Rel1/bin/../lib/gcc/arm-none-eabi/13.2.1/thumb/v7e-m/nofp\libg_nano.a(libc_a-nano-svfprintf.o)
                                 0x11 (size before relaxing)
 .rodata._vfprintf_r.str1.1
                0x00009672       0x11 C:/ABOV/eMStudio32/bin/13.2 Rel1/bin/../lib/gcc/arm-none-eabi/13.2.1/thumb/v7e-m/nofp\libg_nano.a(libc_a-nano-vfprintf.o)
 .rodata._printf_i.str1.1
                0x00009672       0x22 C:/ABOV/eMStudio32/bin/13.2 Rel1/bin/../lib/gcc/arm-none-eabi/13.2.1/thumb/v7e-m/nofp\libg_nano.a(libc_a-nano-vfprintf_i.o)
 *(.eh_frame*)
 *fill*         0x00009672        0x2 
 .eh_frame      0x00009674        0x0 C:/ABOV/eMStudio32/bin/13.2 Rel1/bin/../lib/gcc/arm-none-eabi/13.2.1/thumb/v7e-m/nofp/crtbegin.o
 .eh_frame      0x00009674       0x28 C:/ABOV/eMStudio32/bin/13.2 Rel1/bin/../lib/gcc/arm-none-eabi/13.2.1/thumb/v7e-m/nofp\libg_nano.a(libc_a-strlen.o)
 .eh_frame      0x0000969c       0x50 C:/ABOV/eMStudio32/bin/13.2 Rel1/bin/../lib/gcc/arm-none-eabi/13.2.1/thumb/v7e-m/nofp\libg_nano.a(libc_a-memchr.o)
 .eh_frame      0x000096ec        0x4 C:/ABOV/eMStudio32/bin/13.2 Rel1/bin/../lib/gcc/arm-none-eabi/13.2.1/thumb/v7e-m/nofp/crtend.o

.glue_7         0x000096f0        0x0
 .glue_7        0x000096f0        0x0 linker stubs

.glue_7t        0x000096f0        0x0
 .glue_7t       0x000096f0        0x0 linker stubs

.vfp11_veneer   0x000096f0        0x0
 .vfp11_veneer  0x000096f0        0x0 linker stubs

.v4_bx          0x000096f0        0x0
 .v4_bx         0x000096f0        0x0 linker stubs

.iplt           0x000096f0        0x0
 .iplt          0x000096f0        0x0 C:/ABOV/eMStudio32/bin/13.2 Rel1/bin/../lib/gcc/arm-none-eabi/13.2.1/thumb/v7e-m/nofp/crtbegin.o

.cert_flash     0x00009800     0x1000
                0x00009800                        __cert_flash_start__ = .
 *(.cert_flash)
 .cert_flash    0x00009800      0xff9 ./Main/Libraries/cert_Lib/mqtt_certs.o
                0x0000a800                        . = ALIGN (0x200)
 *fill*         0x0000a7f9        0x7 
                0x0000a800                        __cert_flash_end__ = .

.ARM.extab
 *(.ARM.extab* .gnu.linkonce.armextab.*)
                0x0000a800                        __exidx_start = .

.ARM.exidx      0x0000a800        0x8
 *(.ARM.exidx* .gnu.linkonce.armexidx.*)
 .ARM.exidx     0x0000a800        0x8 C:/ABOV/eMStudio32/bin/13.2 Rel1/bin/../lib/gcc/arm-none-eabi/13.2.1/thumb/v7e-m/nofp/crt0.o
                                 0x10 (size before relaxing)
 .ARM.exidx.text.__udivmoddi4
                0x0000a808        0x0 C:/ABOV/eMStudio32/bin/13.2 Rel1/bin/../lib/gcc/arm-none-eabi/13.2.1/thumb/v7e-m/nofp\libgcc.a(_udivmoddi4.o)
                                  0x8 (size before relaxing)
 .ARM.exidx     0x0000a808        0x0 C:/ABOV/eMStudio32/bin/13.2 Rel1/bin/../lib/gcc/arm-none-eabi/13.2.1/thumb/v7e-m/nofp\libg_nano.a(libc_a-strlen.o)
                                  0x8 (size before relaxing)
 .ARM.exidx     0x0000a808        0x0 C:/ABOV/eMStudio32/bin/13.2 Rel1/bin/../lib/gcc/arm-none-eabi/13.2.1/thumb/v7e-m/nofp\libg_nano.a(libc_a-memchr.o)
                                  0x8 (size before relaxing)
                0x0000a808                        __exidx_end = .
                0x0000a808                        __ram_func = .

.code_section_on_ram
                0x20000000       0x8c load address 0x0000a808
                0x20000000                        __code_section_on_ram_start__ = .
 *(.code_section_on_ram*)
 .code_section_on_ram
                0x20000000       0x8c ./Main/Libraries/cert_Lib/mqtt_certs.o
                0x2000008c                        __code_section_on_ram_end__ = .
                0x2000008c                        . = ALIGN (0x4)

.rel.dyn        0x2000008c        0x0 load address 0x0000a894
 .rel.iplt      0x2000008c        0x0 C:/ABOV/eMStudio32/bin/13.2 Rel1/bin/../lib/gcc/arm-none-eabi/13.2.1/thumb/v7e-m/nofp/crtbegin.o

.copy.table     0x0000a894       0x18
                0x0000a894                        . = ALIGN (0x4)
                0x0000a894                        __copy_table_start__ = .
                0x0000a894        0x4 LONG 0xa8ac __etext
                0x0000a898        0x4 LONG 0x2000008c __data_start__
                0x0000a89c        0x4 LONG 0x33 ((__data_end__ - __data_start__) / 0x4)
                0x0000a8a0        0x4 LONG 0xa808 __ram_func
                0x0000a8a4        0x4 LONG 0x20000000 __code_section_on_ram_start__
                0x0000a8a8        0x4 LONG 0x23 ((__code_section_on_ram_end__ - __code_section_on_ram_start__) / 0x4)
                0x0000a8ac                        __copy_table_end__ = .

.zero.table     0x0000a8ac        0x0
                0x0000a8ac                        . = ALIGN (0x4)
                0x0000a8ac                        __zero_table_start__ = .
                0x0000a8ac                        __zero_table_end__ = .
                0x0000a8ac                        __etext = ALIGN (0x4)

.data           0x2000008c       0xcc load address 0x0000a8ac
                0x2000008c                        __data_start__ = .
 *(vtable)
 *(.data)
 *(.data.*)
 .data.s_slots  0x2000008c       0x3c ./Main/Libraries/cert_Lib/mqtt_certs.o
 .data.s_btnLedApplied
                0x200000c8        0x1 ./Main/Libraries/UserButton/user_button.o
 .data.s_eLis2de12I2cId
                0x200000c9        0x1 ./Main/Libraries/LISDE12TR/lis2de12.o
 *fill*         0x200000ca        0x2 
 .data.SystemDelayUSCount
                0x200000cc        0x4 ./HAL/SCU/hal_scu_clk.o
                0x200000cc                SystemDelayUSCount
 .data.SystemDelayMSCount
                0x200000d0        0x4 ./HAL/SCU/hal_scu_clk.o
                0x200000d0                SystemDelayMSCount
 .data.SystemPeriClock
                0x200000d4        0x4 ./HAL/SCU/hal_scu_clk.o
                0x200000d4                SystemPeriClock
 .data.SystemCoreClock
                0x200000d8        0x4 ./HAL/SCU/hal_scu_clk.o
                0x200000d8                SystemCoreClock
 .data.s_op     0x200000dc       0x18 ./Debug/Source/debug.o
                0x200000dc                s_op
 .data.__sglue  0x200000f4        0xc C:/ABOV/eMStudio32/bin/13.2 Rel1/bin/../lib/gcc/arm-none-eabi/13.2.1/thumb/v7e-m/nofp\libg_nano.a(libc_a-findfp.o)
                0x200000f4                __sglue
 .data._impure_ptr
                0x20000100        0x4 C:/ABOV/eMStudio32/bin/13.2 Rel1/bin/../lib/gcc/arm-none-eabi/13.2.1/thumb/v7e-m/nofp\libg_nano.a(libc_a-impure.o)
                0x20000100                _impure_ptr
 .data._impure_data
                0x20000104       0x4c C:/ABOV/eMStudio32/bin/13.2 Rel1/bin/../lib/gcc/arm-none-eabi/13.2.1/thumb/v7e-m/nofp\libg_nano.a(libc_a-impure.o)
                0x20000104                _impure_data
                0x20000150                        . = ALIGN (0x4)
                0x20000150                        PROVIDE (__preinit_array_start = .)
 *(.preinit_array)
                0x20000150                        PROVIDE (__preinit_array_end = .)
                0x20000150                        . = ALIGN (0x4)
                0x20000150                        PROVIDE (__init_array_start = .)
 *(SORT_BY_NAME(.init_array.*))
 *(.init_array)
 .init_array    0x20000150        0x4 C:/ABOV/eMStudio32/bin/13.2 Rel1/bin/../lib/gcc/arm-none-eabi/13.2.1/thumb/v7e-m/nofp/crtbegin.o
                0x20000154                        PROVIDE (__init_array_end = .)
                0x20000154                        . = ALIGN (0x4)
                [!provide]                        PROVIDE (__fini_array_start = .)
 *(SORT_BY_NAME(.fini_array.*))
 *(.fini_array)
 .fini_array    0x20000154        0x4 C:/ABOV/eMStudio32/bin/13.2 Rel1/bin/../lib/gcc/arm-none-eabi/13.2.1/thumb/v7e-m/nofp/crtbegin.o
                [!provide]                        PROVIDE (__fini_array_end = .)
 *(.jcr*)
                0x20000158                        . = ALIGN (0x4)
                0x20000158                        __data_end__ = .

.tm_clone_table
                0x20000158        0x0 load address 0x0000a978
 .tm_clone_table
                0x20000158        0x0 C:/ABOV/eMStudio32/bin/13.2 Rel1/bin/../lib/gcc/arm-none-eabi/13.2.1/thumb/v7e-m/nofp/crtbegin.o
 .tm_clone_table
                0x20000158        0x0 C:/ABOV/eMStudio32/bin/13.2 Rel1/bin/../lib/gcc/arm-none-eabi/13.2.1/thumb/v7e-m/nofp/crtend.o

.igot.plt       0x20000158        0x0 load address 0x0000a978
 .igot.plt      0x20000158        0x0 C:/ABOV/eMStudio32/bin/13.2 Rel1/bin/../lib/gcc/arm-none-eabi/13.2.1/thumb/v7e-m/nofp/crtbegin.o

.bss            0x20000158     0x34e4
                0x20000158                        . = ALIGN (0x4)
                0x20000158                        __bss_start__ = .
 *(.bss)
 *(.bss.*)
 .bss.completed.1
                0x20000158        0x1 C:/ABOV/eMStudio32/bin/13.2 Rel1/bin/../lib/gcc/arm-none-eabi/13.2.1/thumb/v7e-m/nofp/crtbegin.o
 *fill*         0x20000159        0x3 
 .bss.object.0  0x2000015c       0x18 C:/ABOV/eMStudio32/bin/13.2 Rel1/bin/../lib/gcc/arm-none-eabi/13.2.1/thumb/v7e-m/nofp/crtbegin.o
 .bss.s_loaded  0x20000174        0x1 ./Main/Libraries/cert_Lib/mqtt_certs.o
 *fill*         0x20000175        0x3 
 .bss.s_buf_key
                0x20000178      0x700 ./Main/Libraries/cert_Lib/mqtt_certs.o
 .bss.s_buf_client
                0x20000878      0x580 ./Main/Libraries/cert_Lib/mqtt_certs.o
 .bss.s_buf_root
                0x20000df8      0x580 ./Main/Libraries/cert_Lib/mqtt_certs.o
 .bss.s_pressStartMs
                0x20001378        0x4 ./Main/Libraries/UserButton/user_button.o
 .bss.s_longPending
                0x2000137c        0x1 ./Main/Libraries/UserButton/user_button.o
 .bss.s_shortPending
                0x2000137d        0x1 ./Main/Libraries/UserButton/user_button.o
 .bss.s_longFired
                0x2000137e        0x1 ./Main/Libraries/UserButton/user_button.o
 .bss.s_btnPressed
                0x2000137f        0x1 ./Main/Libraries/UserButton/user_button.o
 .bss.s_soundAbove
                0x20001380        0x1 ./Main/Libraries/Sensor/sensor.o
 .bss.s_fallActive
                0x20001381        0x1 ./Main/Libraries/Sensor/sensor.o
 .bss.s_tempAbove
                0x20001382        0x1 ./Main/Libraries/Sensor/sensor.o
 .bss.s_bufferReady
                0x20001383        0x1 ./Main/Libraries/Sensor/sensor.o
 .bss.s_AudioBuffer
                0x20001384      0x800 ./Main/Libraries/Sensor/sensor.o
 .bss.s_data    0x20001b84       0x24 ./Main/Libraries/Sensor/sensor.o
 .bss.sensor_initialized
                0x20001ba8        0x1 ./Main/Libraries/SHT40/SHT40_app.o
 *fill*         0x20001ba9        0x3 
 .bss.sht40_humidity
                0x20001bac        0x4 ./Main/Libraries/SHT40/SHT40_app.o
                0x20001bac                sht40_humidity
 .bss.sht40_temperature
                0x20001bb0        0x4 ./Main/Libraries/SHT40/SHT40_app.o
                0x20001bb0                sht40_temperature
 .bss.sht40_serialnumber
                0x20001bb4        0x4 ./Main/Libraries/SHT40/SHT40_app.o
                0x20001bb4                sht40_serialnumber
 .bss.mqtt_timer_en
                0x20001bb8        0x1 ./Main/Libraries/MQTT_Library/mqtt_core.o
                0x20001bb8                mqtt_timer_en
 *fill*         0x20001bb9        0x1 
 .bss.mqtt_timer
                0x20001bba        0x2 ./Main/Libraries/MQTT_Library/mqtt_core.o
                0x20001bba                mqtt_timer
 .bss.s_tick_ms
                0x20001bbc        0x4 ./Main/Libraries/MQTT_Library/mqtt_port_abov.o
 .bss.s_debugFirstSample
                0x20001bc0        0x1 ./Main/Libraries/MP23ABS1/mp23abs1_sensor.o
 *fill*         0x20001bc1        0x3 
 .bss.MP23ABS1_Context
                0x20001bc4       0x2c ./Main/Libraries/MP23ABS1/mp23abs1_sensor.o
 .bss.jsonBuf.0
                0x20001bf0      0x100 ./Main/Libraries/MEIG_SLM3XX/EMPA_Slm320.o
 .bss.s_rx_byte
                0x20001cf0        0x1 ./Main/Libraries/MEIG_SLM3XX/slm320.o
 *fill*         0x20001cf1        0x3 
 .bss.slm320_imei
                0x20001cf4       0x10 ./Main/Libraries/MEIG_SLM3XX/slm320.o
                0x20001cf4                slm320_imei
 .bss.slm320_rx_len
                0x20001d04        0x2 ./Main/Libraries/MEIG_SLM3XX/slm320.o
                0x20001d04                slm320_rx_len
 *fill*         0x20001d06        0x2 
 .bss.slm320_rx_buf
                0x20001d08     0x1000 ./Main/Libraries/MEIG_SLM3XX/slm320.o
                0x20001d08                slm320_rx_buf
 .bss.slm320_state
                0x20002d08        0x1 ./Main/Libraries/MEIG_SLM3XX/slm320.o
                0x20002d08                slm320_state
 *fill*         0x20002d09        0x3 
 .bss.s_tick_ms
                0x20002d0c        0x4 ./Main/Libraries/MEIG_SLM3XX/slm320.o
 .bss.s_pfnGetTick
                0x20002d10        0x4 ./Main/Libraries/MEIG_SLM3XX/slm320.o
 .bss.sensor_initialized
                0x20002d14        0x1 ./Main/Libraries/LISDE12TR/LIS2DE12_app.o
 *fill*         0x20002d15        0x1 
 .bss.lis2de12_accel_z
                0x20002d16        0x2 ./Main/Libraries/LISDE12TR/LIS2DE12_app.o
                0x20002d16                lis2de12_accel_z
 .bss.lis2de12_accel_y
                0x20002d18        0x2 ./Main/Libraries/LISDE12TR/LIS2DE12_app.o
                0x20002d18                lis2de12_accel_y
 .bss.lis2de12_accel_x
                0x20002d1a        0x2 ./Main/Libraries/LISDE12TR/LIS2DE12_app.o
                0x20002d1a                lis2de12_accel_x
 .bss.lis2de12_device_id
                0x20002d1c        0x1 ./Main/Libraries/LISDE12TR/LIS2DE12_app.o
                0x20002d1c                lis2de12_device_id
 .bss.s_bInitialized
                0x20002d1d        0x1 ./Main/Libraries/DebugLibrary/debug_framework.o
 *fill*         0x20002d1e        0x2 
 .bss.s_un32AvddMv
                0x20002d20        0x4 ./Main/Libraries/BatteryReading/battery_reading.o
 .bss.s_un16VcoreRaw
                0x20002d24        0x2 ./Main/Libraries/BatteryReading/battery_reading.o
 .bss.s_bInitialized
                0x20002d26        0x1 ./Main/Libraries/BatteryReading/battery_reading.o
 *fill*         0x20002d27        0x1 
 .bss.s_un32TickCounter.0
                0x20002d28        0x4 ./Main/prv_user_code.o
 .bss.s_mqttTimerMs.1
                0x20002d2c        0x2 ./Main/prv_user_code.o
 *fill*         0x20002d2e        0x2 
 .bss.s_un32SysTimerVal
                0x20002d30        0x4 ./Main/prv_user_code.o
 .bss.s_tUcb    0x20002d34      0x23c ./HAL/UART/hal_uart.o
 .bss.un32UartBdrClock
                0x20002f70        0x4 ./HAL/UART/hal_uart.o
 .bss.s_tTcb    0x20002f74       0xa0 ./HAL/Timer1/hal_timer1.o
 .bss.s_tCcb    0x20003014       0x24 ./HAL/SCU/hal_scu_clk.o
 .bss.s_un32PLLClock
                0x20003038        0x4 ./HAL/SCU/hal_scu_clk.o
 .bss.s_tPcb    0x2000303c       0x70 ./HAL/PCU/hal_pcu.o
 .bss.g_i2cwr_dbg_cnt
                0x200030ac        0x4 ./HAL/I2C/hal_i2c.o
                0x200030ac                g_i2cwr_dbg_cnt
 .bss.g_i2cwr_dbg
                0x200030b0       0x40 ./HAL/I2C/hal_i2c.o
                0x200030b0                g_i2cwr_dbg
 .bss.s_tIcb    0x200030f0       0xb0 ./HAL/I2C/hal_i2c.o
 .bss.s_tNrb    0x200031a0       0x60 ./HAL/HPL/NMI/hpl_nmi.o
 .bss.s_tAcb    0x20003200       0x30 ./HAL/ADC/hal_adc.o
 .bss.debug_log_buf
                0x20003230       0x80 ./Debug/Source/debug_log.o
 .bss.tx_fifo   0x200032b0       0x10 ./Debug/Source/debug_serial.o
 .bss.rx_fifo   0x200032c0       0x10 ./Debug/Source/debug_serial.o
 .bss.tx_fifo_buf
                0x200032d0      0x200 ./Debug/Source/debug_serial.o
 .bss.rx_fifo_buf
                0x200034d0       0x10 ./Debug/Source/debug_serial.o
 .bss.s_op      0x200034e0        0x4 ./Debug/Source/debug_serial.o
 .bss.serial_rx_cb
                0x200034e4        0x4 ./Debug/Source/debug_serial.o
 .bss.serial_rx
                0x200034e8        0x1 ./Debug/Source/debug_serial.o
 .bss.serial_tx
                0x200034e9        0x1 ./Debug/Source/debug_serial.o
 *fill*         0x200034ea        0x2 
 .bss.__sf      0x200034ec      0x138 C:/ABOV/eMStudio32/bin/13.2 Rel1/bin/../lib/gcc/arm-none-eabi/13.2.1/thumb/v7e-m/nofp\libg_nano.a(libc_a-findfp.o)
                0x200034ec                __sf
 .bss.__stdio_exit_handler
                0x20003624        0x4 C:/ABOV/eMStudio32/bin/13.2 Rel1/bin/../lib/gcc/arm-none-eabi/13.2.1/thumb/v7e-m/nofp\libg_nano.a(libc_a-findfp.o)
                0x20003624                __stdio_exit_handler
 .bss.errno     0x20003628        0x4 C:/ABOV/eMStudio32/bin/13.2 Rel1/bin/../lib/gcc/arm-none-eabi/13.2.1/thumb/v7e-m/nofp\libg_nano.a(libc_a-reent.o)
                0x20003628                errno
 .bss.__lock___malloc_recursive_mutex
                0x2000362c        0x1 C:/ABOV/eMStudio32/bin/13.2 Rel1/bin/../lib/gcc/arm-none-eabi/13.2.1/thumb/v7e-m/nofp\libg_nano.a(libc_a-lock.o)
                0x2000362c                __lock___malloc_recursive_mutex
 .bss.__lock___sfp_recursive_mutex
                0x2000362d        0x1 C:/ABOV/eMStudio32/bin/13.2 Rel1/bin/../lib/gcc/arm-none-eabi/13.2.1/thumb/v7e-m/nofp\libg_nano.a(libc_a-lock.o)
                0x2000362d                __lock___sfp_recursive_mutex
 *fill*         0x2000362e        0x2 
 .bss.__malloc_sbrk_start
                0x20003630        0x4 C:/ABOV/eMStudio32/bin/13.2 Rel1/bin/../lib/gcc/arm-none-eabi/13.2.1/thumb/v7e-m/nofp\libg_nano.a(libc_a-mallocr.o)
                0x20003630                __malloc_sbrk_start
 .bss.__malloc_free_list
                0x20003634        0x4 C:/ABOV/eMStudio32/bin/13.2 Rel1/bin/../lib/gcc/arm-none-eabi/13.2.1/thumb/v7e-m/nofp\libg_nano.a(libc_a-mallocr.o)
                0x20003634                __malloc_free_list
 .bss.heap_end.0
                0x20003638        0x4 C:/ABOV/eMStudio32/bin/13.2 Rel1/bin/../lib/gcc/arm-none-eabi/13.2.1/thumb/v7e-m/nofp\libnosys.a(sbrk.o)
 *(COMMON)
                0x2000363c                        . = ALIGN (0x4)
                0x2000363c                        __bss_end__ = .

.heap           0x2000363c      0x404
                0x20003640                        . = ALIGN (0x8)
 *fill*         0x2000363c        0x4 
                0x20003640                        __end__ = .
                0x20003640                        PROVIDE (end = .)
                0x20003a40                        . = (. + __HEAP_SIZE)
 *fill*         0x20003640      0x400 
                0x20003a40                        . = ALIGN (0x8)
                0x20003a40                        __HeapLimit = .

.stack          0x2003fc00      0x400
                0x2003fc00                        . = ALIGN (0x8)
                0x2003fc00                        __StackLimit = .
                0x20040000                        . = (. + __STACK_SIZE)
 *fill*         0x2003fc00      0x400 
                0x20040000                        . = ALIGN (0x8)
                0x20040000                        __StackTop = .
                0x20040000                        PROVIDE (__stack = __StackTop)
                0x00000001                        ASSERT ((__StackLimit >= __HeapLimit), region RAM overflowed with stack)
OUTPUT(Tiremo.elf elf32-littlearm)
LOAD linker stubs

.ARM.attributes
                0x00000000       0x2a
 .ARM.attributes
                0x00000000       0x1e C:/ABOV/eMStudio32/bin/13.2 Rel1/bin/../lib/gcc/arm-none-eabi/13.2.1/thumb/v7e-m/nofp/crti.o
 .ARM.attributes
                0x0000001e       0x2e C:/ABOV/eMStudio32/bin/13.2 Rel1/bin/../lib/gcc/arm-none-eabi/13.2.1/thumb/v7e-m/nofp/crtbegin.o
 .ARM.attributes
                0x0000004c       0x1c C:/ABOV/eMStudio32/bin/13.2 Rel1/bin/../lib/gcc/arm-none-eabi/13.2.1/thumb/v7e-m/nofp/crt0.o
 .ARM.attributes
                0x00000068       0x2e ./Main/Libraries/cert_Lib/mqtt_cert_provision.o
 .ARM.attributes
                0x00000096       0x2e ./Main/Libraries/cert_Lib/mqtt_certs.o
 .ARM.attributes
                0x000000c4       0x2e ./Main/Libraries/UserButton/user_button.o
 .ARM.attributes
                0x000000f2       0x2e ./Main/Libraries/UserButton/user_button_isr.o
 .ARM.attributes
                0x00000120       0x2e ./Main/Libraries/Sensor/sensor.o
 .ARM.attributes
                0x0000014e       0x2e ./Main/Libraries/SHT40/SHT40_app.o
 .ARM.attributes
                0x0000017c       0x2e ./Main/Libraries/SHT40/sensirion_common.o
 .ARM.attributes
                0x000001aa       0x2e ./Main/Libraries/SHT40/sensirion_i2c.o
 .ARM.attributes
                0x000001d8       0x2e ./Main/Libraries/SHT40/sensirion_i2c_hal.o
 .ARM.attributes
                0x00000206       0x2e ./Main/Libraries/SHT40/sht4x_i2c.o
 .ARM.attributes
                0x00000234       0x2e ./Main/Libraries/MQTT_Library/mqtt_core.o
 .ARM.attributes
                0x00000262       0x2e ./Main/Libraries/MQTT_Library/mqtt_port_abov.o
 .ARM.attributes
                0x00000290       0x2e ./Main/Libraries/MP23ABS1/mp23abs1_sensor.o
 .ARM.attributes
                0x000002be       0x2e ./Main/Libraries/MEIG_SLM3XX/EMPA_Slm320.o
 .ARM.attributes
                0x000002ec       0x2e ./Main/Libraries/MEIG_SLM3XX/slm320.o
 .ARM.attributes
                0x0000031a       0x2e ./Main/Libraries/LISDE12TR/LIS2DE12_app.o
 .ARM.attributes
                0x00000348       0x2e ./Main/Libraries/LISDE12TR/lis2de12.o
 .ARM.attributes
                0x00000376       0x2e ./Main/Libraries/DebugLibrary/debug_framework.o
 .ARM.attributes
                0x000003a4       0x2e ./Main/Libraries/BatteryReading/battery_reading.o
 .ARM.attributes
                0x000003d2       0x2e ./Main/main.o
 .ARM.attributes
                0x00000400       0x2e ./Main/prv_scu_clk.o
 .ARM.attributes
                0x0000042e       0x2e ./Main/prv_user_code.o
 .ARM.attributes