Archive member included to satisfy reference by file (symbol)

C:/ABOV/eMStudio32/bin/13.2 Rel1/bin/../lib/gcc/arm-none-eabi/13.2.1/thumb/v7e-m/nofp\libgcc.a(_aeabi_uldivmod.o)
                              ./HAL/SCU/hal_scu_clk.o (__aeabi_uldivmod)
C:/ABOV/eMStudio32/bin/13.2 Rel1/bin/../lib/gcc/arm-none-eabi/13.2.1/thumb/v7e-m/nofp\libgcc.a(_udivmoddi4.o)
                              C:/ABOV/eMStudio32/bin/13.2 Rel1/bin/../lib/gcc/arm-none-eabi/13.2.1/thumb/v7e-m/nofp\libgcc.a(_aeabi_uldivmod.o) (__udivmoddi4)
C:/ABOV/eMStudio32/bin/13.2 Rel1/bin/../lib/gcc/arm-none-eabi/13.2.1/thumb/v7e-m/nofp\libgcc.a(_dvmd_tls.o)
                              C:/ABOV/eMStudio32/bin/13.2 Rel1/bin/../lib/gcc/arm-none-eabi/13.2.1/thumb/v7e-m/nofp\libgcc.a(_aeabi_uldivmod.o) (__aeabi_ldiv0)
C:/ABOV/eMStudio32/bin/13.2 Rel1/bin/../lib/gcc/arm-none-eabi/13.2.1/thumb/v7e-m/nofp\libg_nano.a(libc_a-atoi.o)
                              ./Debug/Source/debug_cmd.o (atoi)
C:/ABOV/eMStudio32/bin/13.2 Rel1/bin/../lib/gcc/arm-none-eabi/13.2.1/thumb/v7e-m/nofp\libg_nano.a(libc_a-exit.o)
                              C:/ABOV/eMStudio32/bin/13.2 Rel1/bin/../lib/gcc/arm-none-eabi/13.2.1/thumb/v7e-m/nofp/crt0.o (exit)
C:/ABOV/eMStudio32/bin/13.2 Rel1/bin/../lib/gcc/arm-none-eabi/13.2.1/thumb/v7e-m/nofp\libg_nano.a(libc_a-strtol.o)
                              C:/ABOV/eMStudio32/bin/13.2 Rel1/bin/../lib/gcc/arm-none-eabi/13.2.1/thumb/v7e-m/nofp\libg_nano.a(libc_a-atoi.o) (_strtol_r)
C:/ABOV/eMStudio32/bin/13.2 Rel1/bin/../lib/gcc/arm-none-eabi/13.2.1/thumb/v7e-m/nofp\libg_nano.a(libc_a-strtoll.o)
                              ./Debug/Source/debug_cmd.o (strtoll)
C:/ABOV/eMStudio32/bin/13.2 Rel1/bin/../lib/gcc/arm-none-eabi/13.2.1/thumb/v7e-m/nofp\libg_nano.a(libc_a-ctype_.o)
                              C:/ABOV/eMStudio32/bin/13.2 Rel1/bin/../lib/gcc/arm-none-eabi/13.2.1/thumb/v7e-m/nofp\libg_nano.a(libc_a-strtol.o) (_ctype_)
C:/ABOV/eMStudio32/bin/13.2 Rel1/bin/../lib/gcc/arm-none-eabi/13.2.1/thumb/v7e-m/nofp\libg_nano.a(libc_a-findfp.o)
                              C:/ABOV/eMStudio32/bin/13.2 Rel1/bin/../lib/gcc/arm-none-eabi/13.2.1/thumb/v7e-m/nofp\libg_nano.a(libc_a-exit.o) (__stdio_exit_handler)
C:/ABOV/eMStudio32/bin/13.2 Rel1/bin/../lib/gcc/arm-none-eabi/13.2.1/thumb/v7e-m/nofp\libg_nano.a(libc_a-fwalk.o)
                              C:/ABOV/eMStudio32/bin/13.2 Rel1/bin/../lib/gcc/arm-none-eabi/13.2.1/thumb/v7e-m/nofp\libg_nano.a(libc_a-findfp.o) (_fwalk_sglue)
C:/ABOV/eMStudio32/bin/13.2 Rel1/bin/../lib/gcc/arm-none-eabi/13.2.1/thumb/v7e-m/nofp\libg_nano.a(libc_a-printf.o)
                              ./Debug/Source/debug_log.o (printf)
C:/ABOV/eMStudio32/bin/13.2 Rel1/bin/../lib/gcc/arm-none-eabi/13.2.1/thumb/v7e-m/nofp\libg_nano.a(libc_a-setvbuf.o)
                              ./Debug/Source/debug_serial.o (setvbuf)
C:/ABOV/eMStudio32/bin/13.2 Rel1/bin/../lib/gcc/arm-none-eabi/13.2.1/thumb/v7e-m/nofp\libg_nano.a(libc_a-sprintf.o)
                              ./Debug/Source/debug_log.o (sprintf)
C:/ABOV/eMStudio32/bin/13.2 Rel1/bin/../lib/gcc/arm-none-eabi/13.2.1/thumb/v7e-m/nofp\libg_nano.a(libc_a-stdio.o)
                              C:/ABOV/eMStudio32/bin/13.2 Rel1/bin/../lib/gcc/arm-none-eabi/13.2.1/thumb/v7e-m/nofp\libg_nano.a(libc_a-findfp.o) (__sread)
C:/ABOV/eMStudio32/bin/13.2 Rel1/bin/../lib/gcc/arm-none-eabi/13.2.1/thumb/v7e-m/nofp\libg_nano.a(libc_a-vsnprintf.o)
                              ./Debug/Source/debug_log.o (vsnprintf)
C:/ABOV/eMStudio32/bin/13.2 Rel1/bin/../lib/gcc/arm-none-eabi/13.2.1/thumb/v7e-m/nofp\libg_nano.a(libc_a-memset.o)
                              C:/ABOV/eMStudio32/bin/13.2 Rel1/bin/../lib/gcc/arm-none-eabi/13.2.1/thumb/v7e-m/nofp/crt0.o (memset)
C:/ABOV/eMStudio32/bin/13.2 Rel1/bin/../lib/gcc/arm-none-eabi/13.2.1/thumb/v7e-m/nofp\libg_nano.a(libc_a-closer.o)
                              C:/ABOV/eMStudio32/bin/13.2 Rel1/bin/../lib/gcc/arm-none-eabi/13.2.1/thumb/v7e-m/nofp\libg_nano.a(libc_a-stdio.o) (_close_r)
C:/ABOV/eMStudio32/bin/13.2 Rel1/bin/../lib/gcc/arm-none-eabi/13.2.1/thumb/v7e-m/nofp\libg_nano.a(libc_a-reent.o)
                              C:/ABOV/eMStudio32/bin/13.2 Rel1/bin/../lib/gcc/arm-none-eabi/13.2.1/thumb/v7e-m/nofp\libg_nano.a(libc_a-closer.o) (errno)
C:/ABOV/eMStudio32/bin/13.2 Rel1/bin/../lib/gcc/arm-none-eabi/13.2.1/thumb/v7e-m/nofp\libg_nano.a(libc_a-impure.o)
                              ./Debug/Source/debug_serial.o (_impure_ptr)
C:/ABOV/eMStudio32/bin/13.2 Rel1/bin/../lib/gcc/arm-none-eabi/13.2.1/thumb/v7e-m/nofp\libg_nano.a(libc_a-lseekr.o)
                              C:/ABOV/eMStudio32/bin/13.2 Rel1/bin/../lib/gcc/arm-none-eabi/13.2.1/thumb/v7e-m/nofp\libg_nano.a(libc_a-stdio.o) (_lseek_r)
C:/ABOV/eMStudio32/bin/13.2 Rel1/bin/../lib/gcc/arm-none-eabi/13.2.1/thumb/v7e-m/nofp\libg_nano.a(libc_a-readr.o)
[...]
Memory Configuration

Name             Origin             Length             Attributes
FLASH            0x00000000         0x00200000         xr
RAM              0x20000000         0x00040000         xrw
*default*        0x00000000         0xffffffff

Linker script and memory map

LOAD C:/ABOV/eMStudio32/bin/13.2 Rel1/bin/../lib/gcc/arm-none-eabi/13.2.1/thumb/v7e-m/nofp/crti.o
LOAD C:/ABOV/eMStudio32/bin/13.2 Rel1/bin/../lib/gcc/arm-none-eabi/13.2.1/thumb/v7e-m/nofp/crtbegin.o
LOAD C:/ABOV/eMStudio32/bin/13.2 Rel1/bin/../lib/gcc/arm-none-eabi/13.2.1/thumb/v7e-m/nofp/crt0.o
LOAD ./Main/main.o
LOAD ./Main/prv_scu_clk.o
LOAD ./Main/prv_user_code.o
LOAD ./HAL/WDT/hal_wdt.o
LOAD ./HAL/VREFBUF/hal_vrefbuf.o
LOAD ./HAL/USART/hal_usart.o
LOAD ./HAL/UART/hal_uart.o
LOAD ./HAL/Timer1/hal_timer1.o
LOAD ./HAL/SPI/hal_spi.o
LOAD ./HAL/SCU/hal_scu.o
LOAD ./HAL/SCU/hal_scu_clk.o
LOAD ./HAL/SCU/hal_scu_lvd.o
LOAD ./HAL/SCU/hal_scu_pwr.o
LOAD ./HAL/RTC/hal_rtc.o
LOAD ./HAL/RNG/hal_rng.o
LOAD ./HAL/QSPI/hal_qspi.o
LOAD ./HAL/QEI/hal_qei.o
LOAD ./HAL/PWM/hal_pwm.o
LOAD ./HAL/PGA/hal_pga.o
LOAD ./HAL/PCU/hal_pcu.o
LOAD ./HAL/MPWM/hal_mpwm.o
LOAD ./HAL/LPUART/hal_lpuart.o
LOAD ./HAL/LCD/hal_lcd.o
LOAD ./HAL/I2C/hal_i2c.o
LOAD ./HAL/HPL/NMI/hpl_nmi.o
LOAD ./HAL/HPL/DMA/hpl_dma.o
LOAD ./HAL/FRT/hal_frt.o
LOAD ./HAL/FMC/hal_fmc.o
LOAD ./HAL/DAC/hal_dac.o
LOAD ./HAL/CRC/hal_crc.o
LOAD ./HAL/CMP/hal_cmp.o
LOAD ./HAL/AES/hal_aes.o
LOAD ./HAL/ADC/hal_adc.o
LOAD ./Debug/Source/debug.o
LOAD ./Debug/Source/debug_cmd.o
LOAD ./Debug/Source/debug_hardfault.o
LOAD ./Debug/Source/debug_log.o
LOAD ./Debug/Source/debug_retarget.o
LOAD ./Debug/Source/debug_serial.o
LOAD ./ABOV/Source/startup_a34xxxx.o
LOAD ./ABOV/Source/system_a34xxxx.o
START GROUP
LOAD C:/ABOV/eMStudio32/bin/13.2 Rel1/bin/../lib/gcc/arm-none-eabi/13.2.1/thumb/v7e-m/nofp\libgcc.a
LOAD C:/ABOV/eMStudio32/bin/13.2 Rel1/bin/../lib/gcc/arm-none-eabi/13.2.1/thumb/v7e-m/nofp\libg_nano.a
LOAD C:/ABOV/eMStudio32/bin/13.2 Rel1/bin/../lib/gcc/arm-none-eabi/13.2.1/thumb/v7e-m/nofp\libc_nano.a
END GROUP
START GROUP
LOAD C:/ABOV/eMStudio32/bin/13.2 Rel1/bin/../lib/gcc/arm-none-eabi/13.2.1/thumb/v7e-m/nofp\libgcc.a
LOAD C:/ABOV/eMStudio32/bin/13.2 Rel1/bin/../lib/gcc/arm-none-eabi/13.2.1/thumb/v7e-m/nofp\libc_nano.a
LOAD C:/ABOV/eMStudio32/bin/13.2 Rel1/bin/../lib/gcc/arm-none-eabi/13.2.1/thumb/v7e-m/nofp\libnosys.a
END GROUP
START GROUP
LOAD C:/ABOV/eMStudio32/bin/13.2 Rel1/bin/../lib/gcc/arm-none-eabi/13.2.1/thumb/v7e-m/nofp\libgcc.a
LOAD C:/ABOV/eMStudio32/bin/13.2 Rel1/bin/../lib/gcc/arm-none-eabi/13.2.1/thumb/v7e-m/nofp\libc_nano.a
LOAD C:/ABOV/eMStudio32/bin/13.2 Rel1/bin/../lib/gcc/arm-none-eabi/13.2.1/thumb/v7e-m/nofp\libnosys.a
END GROUP
LOAD C:/ABOV/eMStudio32/bin/13.2 Rel1/bin/../lib/gcc/arm-none-eabi/13.2.1/thumb/v7e-m/nofp/crtend.o
LOAD C:/ABOV/eMStudio32/bin/13.2 Rel1/bin/../lib/gcc/arm-none-eabi/13.2.1/thumb/v7e-m/nofp/crtn.o
                0x00000000                        __ROM_BASE = 0x0
                0x00200000                        __ROM_SIZE = 0x200000
                0x20000000                        __RAM_BASE = 0x20000000
                0x00040000                        __RAM_SIZE = 0x40000
                0x00000400                        __STACK_SIZE = 0x400
                0x00000400                        __HEAP_SIZE = 0x400

.text           0x00000000     0x2c04
 *(.vectors)
 .vectors       0x00000000      0x3c0 ./ABOV/Source/startup_a34xxxx.o
                0x00000000                __Vectors
 *(.text*)
 .text.deregister_tm_clones
                0x000003c0       0x1c C:/ABOV/eMStudio32/bin/13.2 Rel1/bin/../lib/gcc/arm-none-eabi/13.2.1/thumb/v7e-m/nofp/crtbegin.o
 .text.register_tm_clones
                0x000003dc       0x24 C:/ABOV/eMStudio32/bin/13.2 Rel1/bin/../lib/gcc/arm-none-eabi/13.2.1/thumb/v7e-m/nofp/crtbegin.o
 .text.__do_global_dtors_aux
                0x00000400       0x28 C:/ABOV/eMStudio32/bin/13.2 Rel1/bin/../lib/gcc/arm-none-eabi/13.2.1/thumb/v7e-m/nofp/crtbegin.o
 .text.frame_dummy
                0x00000428       0x24 C:/ABOV/eMStudio32/bin/13.2 Rel1/bin/../lib/gcc/arm-none-eabi/13.2.1/thumb/v7e-m/nofp/crtbegin.o
 .text          0x0000044c       0x7c C:/ABOV/eMStudio32/bin/13.2 Rel1/bin/../lib/gcc/arm-none-eabi/13.2.1/thumb/v7e-m/nofp/crt0.o
                0x0000044c                _stack_init
                0x00000454                _start
                0x00000454                _mainCRTStartup
 .text.PRV_PORT_Init
                0x000004c8       0xf8 ./Main/main.o
 .text.GetChipSetInfo
                0x000005c0       0xb0 ./Main/main.o
                0x000005c0                GetChipSetInfo
 .text.main     0x00000670       0x1a ./Main/main.o
                0x00000670                main
 *fill*         0x0000068a        0x2 
 .text.PRV_SCU_CLK_Init
                0x0000068c       0x90 ./Main/prv_scu_clk.o
                0x0000068c                PRV_SCU_CLK_Init
 .text.DelayMs  0x0000071c       0x14 ./Main/prv_user_code.o
 .text.LedOff   0x00000730        0xa ./Main/prv_user_code.o
 *fill*         0x0000073a        0x2 
 .text.LedInit  0x0000073c       0x30 ./Main/prv_user_code.o
 .text.LedOn    0x0000076c        0xa ./Main/prv_user_code.o
 *fill*         0x00000776        0x2 
 .text.LedSetAll
                0x00000778       0x3c ./Main/prv_user_code.o
 .text.SysTick_Handler
                0x000007b4       0x14 ./Main/prv_user_code.o
                0x000007b4                SysTick_Handler
 .text.PRV_USER_Code
                0x000007c8       0x5c ./Main/prv_user_code.o
                0x000007c8                PRV_USER_Code
 .text.SCUCLK_SetFlashLatency
                0x00000824       0x58 ./HAL/SCU/hal_scu_clk.o
 .text.SCUCLK_SetMClk
                0x0000087c       0xe4 ./HAL/SCU/hal_scu_clk.o
 .text.SCUCLK_SetClkOut
                0x00000960       0x68 ./HAL/SCU/hal_scu_clk.o
 .text.SCUCLK_SetPLLSrcDiv
                0x000009c8       0x78 ./HAL/SCU/hal_scu_clk.o
 .text.PRV_SCUCLK_PLLDelay
                0x00000a40       0x40 ./HAL/SCU/hal_scu_clk.o
 .text.PRV_SCUCLK_IRQHandler
                0x00000a80       0x78 ./HAL/SCU/hal_scu_clk.o
 .text.HAL_SCU_CLK_SetMClk
                0x00000af8       0xc0 ./HAL/SCU/hal_scu_clk.o
                0x00000af8                HAL_SCU_CLK_SetMClk
 .text.HAL_SCU_CLK_SetSrcEnable
                0x00000bb8       0x62 ./HAL/SCU/hal_scu_clk.o
                0x00000bb8                HAL_SCU_CLK_SetSrcEnable
 *fill*         0x00000c1a        0x2 
 .text.HAL_SCU_CLK_SetPLLConfig
                0x00000c1c       0xe4 ./HAL/SCU/hal_scu_clk.o
                0x00000c1c                HAL_SCU_CLK_SetPLLConfig
 .text.HAL_SCU_CLK_SetOutput
                0x00000d00       0x1c ./HAL/SCU/hal_scu_clk.o
                0x00000d00                HAL_SCU_CLK_SetOutput
 .text.HAL_SCU_CLK_SetPClkDiv
                0x00000d1c       0x30 ./HAL/SCU/hal_scu_clk.o
                0x00000d1c                HAL_SCU_CLK_SetPClkDiv
 .text.Interrupt1_Handler
                0x00000d4c        0xa ./HAL/SCU/hal_scu_clk.o
                0x00000d4c                Interrupt1_Handler
 .text.Interrupt2_Handler
                0x00000d56        0xa ./HAL/SCU/hal_scu_clk.o
                0x00000d56                Interrupt2_Handler
 .text.Interrupt3_Handler
                0x00000d60        0xa ./HAL/SCU/hal_scu_clk.o
                0x00000d60                Interrupt3_Handler
 .text.PRV_PCU_GetVaildPort
                0x00000d6a        0xe ./HAL/PCU/hal_pcu.o
 .text.PRV_PCU_IRQHandler
                0x00000d78       0x54 ./HAL/PCU/hal_pcu.o
 .text.PCU0_INT_IRQHandler
                0x00000dcc       0x18 ./HAL/PCU/hal_pcu.o
 .text.PCU1_INT_IRQHandler
                0x00000de4       0x18 ./HAL/PCU/hal_pcu.o
 .text.PCU2_INT_IRQHandler
                0x00000dfc       0x18 ./HAL/PCU/hal_pcu.o
 .text.PCU3_INT_IRQHandler
                0x00000e14       0x18 ./HAL/PCU/hal_pcu.o
 .text.PCU4_INT_IRQHandler
                0x00000e2c       0x18 ./HAL/PCU/hal_pcu.o
 .text.PCU5_INT_IRQHandler
                0x00000e44       0x18 ./HAL/PCU/hal_pcu.o
 .text.PCU6_INT_IRQHandler
                0x00000e5c       0x18 ./HAL/PCU/hal_pcu.o
 .text.HAL_PCU_SetAltMode
                0x00000e74       0xa0 ./HAL/PCU/hal_pcu.o
                0x00000e74                HAL_PCU_SetAltMode
 .text.HAL_PCU_SetOutputBit
                0x00000f14       0x40 ./HAL/PCU/hal_pcu.o
                0x00000f14                HAL_PCU_SetOutputBit
 .text.Interrupt36_Handler
                0x00000f54        0x8 ./HAL/PCU/hal_pcu.o
                0x00000f54                Interrupt36_Handler
 .text.Interrupt37_Handler
                0x00000f5c        0x8 ./HAL/PCU/hal_pcu.o
                0x00000f5c                Interrupt37_Handler
 .text.Interrupt38_Handler
                0x00000f64        0x8 ./HAL/PCU/hal_pcu.o
                0x00000f64                Interrupt38_Handler
 .text.Interrupt39_Handler
                0x00000f6c        0x8 ./HAL/PCU/hal_pcu.o
                0x00000f6c                Interrupt39_Handler
 .text.Interrupt40_Handler
                0x00000f74        0x8 ./HAL/PCU/hal_pcu.o
                0x00000f74                Interrupt40_Handler
 .text.Interrupt41_Handler
                0x00000f7c        0x8 ./HAL/PCU/hal_pcu.o
                0x00000f7c                Interrupt41_Handler
 .text.Interrupt42_Handler
                0x00000f84        0x8 ./HAL/PCU/hal_pcu.o
                0x00000f84                Interrupt42_Handler
 .text.PRV_NMI_IRQHandler
                0x00000f8c       0x70 ./HAL/HPL/NMI/hpl_nmi.o
 .text.NMI_Handler
                0x00000ffc        0x8 ./HAL/HPL/NMI/hpl_nmi.o
                0x00000ffc                NMI_Handler
 .text.dbg_serial_init
                0x00001004        0x2 ./Debug/Source/debug.o
 .text.dbg_serial_abort
                0x00001006        0x2 ./Debug/Source/debug.o
 .text.dbg_serial_rx
                0x00001008        0x2 ./Debug/Source/debug.o
 .text.dbg_serial_rx_poll
                0x0000100a        0x2 ./Debug/Source/debug.o
 .text.dbg_serial_tx
                0x0000100c        0x4 ./Debug/Source/debug.o
 .text.dbg_serial_tx_poll
                0x00001010        0x2 ./Debug/Source/debug.o
 *fill*         0x00001012        0x2 
 .text.Debug_Init
                0x00001014       0x10 ./Debug/Source/debug.o
                0x00001014                Debug_Init
 .text.debug_log
                0x00001024       0x34 ./Debug/Source/debug_log.o
                0x00001024                debug_log
 .text._write   0x00001058       0x1a ./Debug/Source/debug_retarget.o
                0x00001058                _write
 .text._read    0x00001072       0x16 ./Debug/Source/debug_retarget.o
                0x00001072                _read
 .text._close   0x00001088        0x4 ./Debug/Source/debug_retarget.o
                0x00001088                _close
 .text._fstat   0x0000108c        0x4 ./Debug/Source/debug_retarget.o
                0x0000108c                _fstat
 .text._isatty  0x00001090        0x4 ./Debug/Source/debug_retarget.o
                0x00001090                _isatty
 .text._lseek   0x00001094        0x4 ./Debug/Source/debug_retarget.o
                0x00001094                _lseek
 .text.serial_fifo_init
                0x00001098       0x10 ./Debug/Source/debug_serial.o
 .text.serial_init
                0x000010a8       0x4c ./Debug/Source/debug_serial.o
                0x000010a8                serial_init
 .text.serial_putc
                0x000010f4       0x5c ./Debug/Source/debug_serial.o
                0x000010f4                serial_putc
 .text.serial_getc
                0x00001150       0x64 ./Debug/Source/debug_serial.o
                0x00001150                serial_getc
 .text.HardFault_Handler
                0x000011b4        0x2 ./ABOV/Source/startup_a34xxxx.o
                0x000011b4                HardFault_Handler
 .text.Default_Handler
                0x000011b6        0x2 ./ABOV/Source/startup_a34xxxx.o
                0x000011b6                Interrupt108_Handler
                0x000011b6                DebugMon_Handler
                0x000011b6                Interrupt114_Handler
                0x000011b6                Interrupt31_Handler
                0x000011b6                Interrupt71_Handler
                0x000011b6                Interrupt93_Handler
                0x000011b6                Interrupt107_Handler
                0x000011b6                PendSV_Handler
                0x000011b6                Interrupt18_Handler
                0x000011b6                Interrupt11_Handler
                0x000011b6                Interrupt56_Handler
                0x000011b6                Interrupt117_Handler
                0x000011b6                Interrupt29_Handler
                0x000011b6                Interrupt103_Handler
                0x000011b6                Interrupt106_Handler
                0x000011b6                Interrupt72_Handler
                0x000011b6                Interrupt89_Handler
                0x000011b6                Interrupt21_Handler
                0x000011b6                Interrupt81_Handler
                0x000011b6                Interrupt28_Handler
                0x000011b6                Interrupt33_Handler
                0x000011b6                Interrupt64_Handler
                0x000011b6                Interrupt8_Handler
                0x000011b6                Interrupt73_Handler
                0x000011b6                Interrupt61_Handler
                0x000011b6                Interrupt5_Handler
                0x000011b6                UsageFault_Handler
                0x000011b6                Interrupt35_Handler
                0x000011b6                Interrupt75_Handler
                0x000011b6                Interrupt27_Handler
                0x000011b6                Interrupt26_Handler
                0x000011b6                Interrupt87_Handler
                0x000011b6                Interrupt123_Handler
                0x000011b6                Interrupt124_Handler
                0x000011b6                Interrupt68_Handler
                0x000011b6                Interrupt90_Handler
                0x000011b6                Interrupt83_Handler
                0x000011b6                Interrupt122_Handler
                0x000011b6                Interrupt44_Handler
                0x000011b6                Interrupt34_Handler
                0x000011b6                Interrupt121_Handler
                0x000011b6                Interrupt66_Handler
                0x000011b6                Interrupt7_Handler
                0x000011b6                Interrupt111_Handler
                0x000011b6                Interrupt0_Handler
                0x000011b6                Interrupt54_Handler
                0x000011b6                Interrupt76_Handler
                0x000011b6                Interrupt22_Handler
                0x000011b6                Interrupt120_Handler
                0x000011b6                Interrupt52_Handler
                0x000011b6                Interrupt105_Handler
                0x000011b6                Interrupt69_Handler
                0x000011b6                Interrupt4_Handler
                0x000011b6                Interrupt115_Handler
                0x000011b6                Interrupt74_Handler
                0x000011b6                Interrupt24_Handler
                0x000011b6                Interrupt16_Handler
                0x000011b6                Default_Handler
                0x000011b6                Interrupt23_Handler
                0x000011b6                Interrupt17_Handler
                0x000011b6                Interrupt92_Handler
                0x000011b6                Interrupt9_Handler
                0x000011b6                Interrupt19_Handler
                0x000011b6                Interrupt118_Handler
                0x000011b6                Interrupt97_Handler
                0x000011b6                Interrupt113_Handler
                0x000011b6                Interrupt32_Handler
                0x000011b6                Interrupt6_Handler
                0x000011b6                Interrupt53_Handler
                0x000011b6                Interrupt60_Handler
                0x000011b6                Interrupt79_Handler
                0x000011b6                Interrupt85_Handler
                0x000011b6                Interrupt98_Handler
                0x000011b6                Interrupt96_Handler
                0x000011b6                Interrupt109_Handler
                0x000011b6                Interrupt45_Handler
                0x000011b6                MemManage_Handler
                0x000011b6                SVC_Handler
                0x000011b6                Interrupt10_Handler
                0x000011b6                Interrupt25_Handler
                0x000011b6                Interrupt88_Handler
                0x000011b6                Interrupt65_Handler
                0x000011b6                Interrupt20_Handler
                0x000011b6                Interrupt101_Handler
                0x000011b6                Interrupt100_Handler
                0x000011b6                Interrupt112_Handler
                0x000011b6                Interrupt43_Handler
                0x000011b6                Interrupt116_Handler
                0x000011b6                Interrupt91_Handler
                0x000011b6                Interrupt99_Handler
                0x000011b6                Interrupt102_Handler
                0x000011b6                Interrupt14_Handler
                0x000011b6                Interrupt82_Handler
                0x000011b6                Interrupt13_Handler
                0x000011b6                Interrupt110_Handler
                0x000011b6                Interrupt58_Handler
                0x000011b6                Interrupt59_Handler
                0x000011b6                Interrupt46_Handler
                0x000011b6                Interrupt15_Handler
                0x000011b6                Interrupt51_Handler
                0x000011b6                Interrupt119_Handler
                0x000011b6                Interrupt70_Handler
                0x000011b6                Interrupt86_Handler
                0x000011b6                Interrupt48_Handler
                0x000011b6                BusFault_Handler
                0x000011b6                Interrupt94_Handler
                0x000011b6                Interrupt77_Handler
                0x000011b6                Interrupt55_Handler
                0x000011b6                Interrupt95_Handler
                0x000011b6                Interrupt50_Handler
                0x000011b6                Interrupt78_Handler
                0x000011b6                Interrupt30_Handler
                0x000011b6                Interrupt47_Handler
                0x000011b6                Interrupt57_Handler
                0x000011b6                Interrupt63_Handler
                0x000011b6                Interrupt12_Handler
                0x000011b6                Interrupt84_Handler
                0x000011b6                Interrupt67_Handler
                0x000011b6                Interrupt62_Handler
                0x000011b6                Interrupt104_Handler
                0x000011b6                Interrupt49_Handler
                0x000011b6                Interrupt80_Handler
 .text.Reset_Handler
                0x000011b8       0x60 ./ABOV/Source/startup_a34xxxx.o
                0x000011b8                Reset_Handler
 .text.SystemInit
                0x00001218       0x48 ./ABOV/Source/system_a34xxxx.o
                0x00001218                SystemInit
 .text.SystemDelayUS
                0x00001260       0x1c ./ABOV/Source/system_a34xxxx.o
                0x00001260                SystemDelayUS
 .text          0x0000127c       0x30 C:/ABOV/eMStudio32/bin/13.2 Rel1/bin/../lib/gcc/arm-none-eabi/13.2.1/thumb/v7e-m/nofp\libgcc.a(_aeabi_uldivmod.o)
                0x0000127c                __aeabi_uldivmod
 .text.__udivmoddi4
                0x000012ac      0x2bc C:/ABOV/eMStudio32/bin/13.2 Rel1/bin/../lib/gcc/arm-none-eabi/13.2.1/thumb/v7e-m/nofp\libgcc.a(_udivmoddi4.o)
                0x000012ac                __udivmoddi4
 .text          0x00001568        0x4 C:/ABOV/eMStudio32/bin/13.2 Rel1/bin/../lib/gcc/arm-none-eabi/13.2.1/thumb/v7e-m/nofp\libgcc.a(_dvmd_tls.o)
                0x00001568                __aeabi_idiv0
                0x00001568                __aeabi_ldiv0
 .text.exit     0x0000156c       0x24 C:/ABOV/eMStudio32/bin/13.2 Rel1/bin/../lib/gcc/arm-none-eabi/13.2.1/thumb/v7e-m/nofp\libg_nano.a(libc_a-exit.o)
                0x0000156c                exit
 .text.std      0x00001590       0x6c C:/ABOV/eMStudio32/bin/13.2 Rel1/bin/../lib/gcc/arm-none-eabi/13.2.1/thumb/v7e-m/nofp\libg_nano.a(libc_a-findfp.o)
 .text.stdio_exit_handler
                0x000015fc       0x18 C:/ABOV/eMStudio32/bin/13.2 Rel1/bin/../lib/gcc/arm-none-eabi/13.2.1/thumb/v7e-m/nofp\libg_nano.a(libc_a-findfp.o)
 .text.cleanup_stdio
                0x00001614       0x40 C:/ABOV/eMStudio32/bin/13.2 Rel1/bin/../lib/gcc/arm-none-eabi/13.2.1/thumb/v7e-m/nofp\libg_nano.a(libc_a-findfp.o)
 .text.global_stdio_init.part.0
                0x00001654       0x3c C:/ABOV/eMStudio32/bin/13.2 Rel1/bin/../lib/gcc/arm-none-eabi/13.2.1/thumb/v7e-m/nofp\libg_nano.a(libc_a-findfp.o)
 .text.__sfp_lock_acquire
                0x00001690        0xc C:/ABOV/eMStudio32/bin/13.2 Rel1/bin/../lib/gcc/arm-none-eabi/13.2.1/thumb/v7e-m/nofp\libg_nano.a(libc_a-findfp.o)
                0x00001690                __sfp_lock_acquire
 .text.__sfp_lock_release
                0x0000169c        0xc C:/ABOV/eMStudio32/bin/13.2 Rel1/bin/../lib/gcc/arm-none-eabi/13.2.1/thumb/v7e-m/nofp\libg_nano.a(libc_a-findfp.o)
                0x0000169c                __sfp_lock_release
 .text.__sinit  0x000016a8       0x30 C:/ABOV/eMStudio32/bin/13.2 Rel1/bin/../lib/gcc/arm-none-eabi/13.2.1/thumb/v7e-m/nofp\libg_nano.a(libc_a-findfp.o)
                0x000016a8                __sinit
 .text._fwalk_sglue
                0x000016d8       0x3c C:/ABOV/eMStudio32/bin/13.2 Rel1/bin/../lib/gcc/arm-none-eabi/13.2.1/thumb/v7e-m/nofp\libg_nano.a(libc_a-fwalk.o)
                0x000016d8                _fwalk_sglue
 .text.printf   0x00001714       0x24 C:/ABOV/eMStudio32/bin/13.2 Rel1/bin/../lib/gcc/arm-none-eabi/13.2.1/thumb/v7e-m/nofp\libg_nano.a(libc_a-printf.o)
                0x00001714                iprintf
                0x00001714                printf
 .text.setvbuf  0x00001738      0x168 C:/ABOV/eMStudio32/bin/13.2 Rel1/bin/../lib/gcc/arm-none-eabi/13.2.1/thumb/v7e-m/nofp\libg_nano.a(libc_a-setvbuf.o)
                0x00001738                setvbuf
 .text.__sread  0x000018a0       0x22 C:/ABOV/eMStudio32/bin/13.2 Rel1/bin/../lib/gcc/arm-none-eabi/13.2.1/thumb/v7e-m/nofp\libg_nano.a(libc_a-stdio.o)
                0x000018a0                __sread
 .text.__swrite
                0x000018c2       0x38 C:/ABOV/eMStudio32/bin/13.2 Rel1/bin/../lib/gcc/arm-none-eabi/13.2.1/thumb/v7e-m/nofp\libg_nano.a(libc_a-stdio.o)
                0x000018c2                __swrite
 .text.__sseek  0x000018fa       0x24 C:/ABOV/eMStudio32/bin/13.2 Rel1/bin/../lib/gcc/arm-none-eabi/13.2.1/thumb/v7e-m/nofp\libg_nano.a(libc_a-stdio.o)
                0x000018fa                __sseek
 .text.__sclose
                0x0000191e        0x8 C:/ABOV/eMStudio32/bin/13.2 Rel1/bin/../lib/gcc/arm-none-eabi/13.2.1/thumb/v7e-m/nofp\libg_nano.a(libc_a-stdio.o)
                0x0000191e                __sclose
 .text._vsnprintf_r
                0x00001926       0x56 C:/ABOV/eMStudio32/bin/13.2 Rel1/bin/../lib/gcc/arm-none-eabi/13.2.1/thumb/v7e-m/nofp\libg_nano.a(libc_a-vsnprintf.o)
                0x00001926                _vsniprintf_r
                0x00001926                _vsnprintf_r
 .text.vsnprintf
                0x0000197c       0x1c C:/ABOV/eMStudio32/bin/13.2 Rel1/bin/../lib/gcc/arm-none-eabi/13.2.1/thumb/v7e-m/nofp\libg_nano.a(libc_a-vsnprintf.o)
                0x0000197c                vsniprintf
                0x0000197c                vsnprintf
 .text.memset   0x00001998       0x10 C:/ABOV/eMStudio32/bin/13.2 Rel1/bin/../lib/gcc/arm-none-eabi/13.2.1/thumb/v7e-m/nofp\libg_nano.a(libc_a-memset.o)
                0x00001998                memset
 .text._close_r
                0x000019a8       0x20 C:/ABOV/eMStudio32/bin/13.2 Rel1/bin/../lib/gcc/arm-none-eabi/13.2.1/thumb/v7e-m/nofp\libg_nano.a(libc_a-closer.o)
                0x000019a8                _close_r
 .text._lseek_r
                0x000019c8       0x24 C:/ABOV/eMStudio32/bin/13.2 Rel1/bin/../lib/gcc/arm-none-eabi/13.2.1/thumb/v7e-m/nofp\libg_nano.a(libc_a-lseekr.o)
                0x000019c8                _lseek_r
 .text._read_r  0x000019ec       0x24 C:/ABOV/eMStudio32/bin/13.2 Rel1/bin/../lib/gcc/arm-none-eabi/13.2.1/thumb/v7e-m/nofp\libg_nano.a(libc_a-readr.o)
                0x000019ec                _read_r
 .text._write_r
                0x00001a10       0x24 C:/ABOV/eMStudio32/bin/13.2 Rel1/bin/../lib/gcc/arm-none-eabi/13.2.1/thumb/v7e-m/nofp\libg_nano.a(libc_a-writer.o)
                0x00001a10                _write_r
 .text.__libc_init_array
                0x00001a34       0x48 C:/ABOV/eMStudio32/bin/13.2 Rel1/bin/../lib/gcc/arm-none-eabi/13.2.1/thumb/v7e-m/nofp\libg_nano.a(libc_a-init.o)
                0x00001a34                __libc_init_array
 .text.__retarget_lock_init_recursive
                0x00001a7c        0x2 C:/ABOV/eMStudio32/bin/13.2 Rel1/bin/../lib/gcc/arm-none-eabi/13.2.1/thumb/v7e-m/nofp\libg_nano.a(libc_a-lock.o)
                0x00001a7c                __retarget_lock_init_recursive
 .text.__retarget_lock_acquire_recursive
                0x00001a7e        0x2 C:/ABOV/eMStudio32/bin/13.2 Rel1/bin/../lib/gcc/arm-none-eabi/13.2.1/thumb/v7e-m/nofp\libg_nano.a(libc_a-lock.o)
                0x00001a7e                __retarget_lock_acquire_recursive
 .text.__retarget_lock_release_recursive
                0x00001a80        0x2 C:/ABOV/eMStudio32/bin/13.2 Rel1/bin/../lib/gcc/arm-none-eabi/13.2.1/thumb/v7e-m/nofp\libg_nano.a(libc_a-lock.o)
                0x00001a80                __retarget_lock_release_recursive
 *fill*         0x00001a82        0x2 
 .text._free_r  0x00001a84       0x94 C:/ABOV/eMStudio32/bin/13.2 Rel1/bin/../lib/gcc/arm-none-eabi/13.2.1/thumb/v7e-m/nofp\libg_nano.a(libc_a-freer.o)
                0x00001a84                _free_r
 .text.malloc   0x00001b18       0x10 C:/ABOV/eMStudio32/bin/13.2 Rel1/bin/../lib/gcc/arm-none-eabi/13.2.1/thumb/v7e-m/nofp\libg_nano.a(libc_a-malloc.o)
                0x00001b18                malloc
 .text.sbrk_aligned
                0x00001b28       0x44 C:/ABOV/eMStudio32/bin/13.2 Rel1/bin/../lib/gcc/arm-none-eabi/13.2.1/thumb/v7e-m/nofp\libg_nano.a(libc_a-mallocr.o)
 .text._malloc_r
                0x00001b6c      0x100 C:/ABOV/eMStudio32/bin/13.2 Rel1/bin/../lib/gcc/arm-none-eabi/13.2.1/thumb/v7e-m/nofp\libg_nano.a(libc_a-mallocr.o)
                0x00001b6c                _malloc_r
 .text.__malloc_lock
                0x00001c6c        0xc C:/ABOV/eMStudio32/bin/13.2 Rel1/bin/../lib/gcc/arm-none-eabi/13.2.1/thumb/v7e-m/nofp\libg_nano.a(libc_a-mlock.o)
                0x00001c6c                __malloc_lock
 .text.__malloc_unlock
                0x00001c78        0xc C:/ABOV/eMStudio32/bin/13.2 Rel1/bin/../lib/gcc/arm-none-eabi/13.2.1/thumb/v7e-m/nofp\libg_nano.a(libc_a-mlock.o)
                0x00001c78                __malloc_unlock
 .text.__ssputs_r
                0x00001c84       0xb6 C:/ABOV/eMStudio32/bin/13.2 Rel1/bin/../lib/gcc/arm-none-eabi/13.2.1/thumb/v7e-m/nofp\libg_nano.a(libc_a-nano-svfprintf.o)
                0x00001c84                __ssputs_r
 *fill*         0x00001d3a        0x2 
 .text._svfprintf_r
                0x00001d3c      0x1f8 C:/ABOV/eMStudio32/bin/13.2 Rel1/bin/../lib/gcc/arm-none-eabi/13.2.1/thumb/v7e-m/nofp\libg_nano.a(libc_a-nano-svfprintf.o)
                0x00001d3c                _svfiprintf_r
                0x00001d3c                _svfprintf_r
 .text.__sfputc_r
                0x00001f34       0x2a C:/ABOV/eMStudio32/bin/13.2 Rel1/bin/../lib/gcc/arm-none-eabi/13.2.1/thumb/v7e-m/nofp\libg_nano.a(libc_a-nano-vfprintf.o)
 .text.__sfputs_r
                0x00001f5e       0x24 C:/ABOV/eMStudio32/bin/13.2 Rel1/bin/../lib/gcc/arm-none-eabi/13.2.1/thumb/v7e-m/nofp\libg_nano.a(libc_a-nano-vfprintf.o)
                0x00001f5e                __sfputs_r
 *fill*         0x00001f82        0x2 
 .text._vfprintf_r
                0x00001f84      0x230 C:/ABOV/eMStudio32/bin/13.2 Rel1/bin/../lib/gcc/arm-none-eabi/13.2.1/thumb/v7e-m/nofp\libg_nano.a(libc_a-nano-vfprintf.o)
                0x00001f84                _vfprintf_r
                0x00001f84                _vfiprintf_r
 .text._printf_common
                0x000021b4       0xda C:/ABOV/eMStudio32/bin/13.2 Rel1/bin/../lib/gcc/arm-none-eabi/13.2.1/thumb/v7e-m/nofp\libg_nano.a(libc_a-nano-vfprintf_i.o)
                0x000021b4                _printf_common
 *fill*         0x0000228e        0x2 
 .text._printf_i
                0x00002290      0x23c C:/ABOV/eMStudio32/bin/13.2 Rel1/bin/../lib/gcc/arm-none-eabi/13.2.1/thumb/v7e-m/nofp\libg_nano.a(libc_a-nano-vfprintf_i.o)
                0x00002290                _printf_i
 .text.__sflush_r
                0x000024cc      0x100 C:/ABOV/eMStudio32/bin/13.2 Rel1/bin/../lib/gcc/arm-none-eabi/13.2.1/thumb/v7e-m/nofp\libg_nano.a(libc_a-fflush.o)
                0x000024cc                __sflush_r
 .text._fflush_r
                0x000025cc       0x50 C:/ABOV/eMStudio32/bin/13.2 Rel1/bin/../lib/gcc/arm-none-eabi/13.2.1/thumb/v7e-m/nofp\libg_nano.a(libc_a-fflush.o)
                0x000025cc                _fflush_r
 .text.__swhatbuf_r
                0x0000261c       0x4c C:/ABOV/eMStudio32/bin/13.2 Rel1/bin/../lib/gcc/arm-none-eabi/13.2.1/thumb/v7e-m/nofp\libg_nano.a(libc_a-makebuf.o)
                0x0000261c                __swhatbuf_r
 .text.__smakebuf_r
                0x00002668       0x78 C:/ABOV/eMStudio32/bin/13.2 Rel1/bin/../lib/gcc/arm-none-eabi/13.2.1/thumb/v7e-m/nofp\libg_nano.a(libc_a-makebuf.o)
                0x00002668                __smakebuf_r
 .text.__swbuf_r
                0x000026e0       0x7c C:/ABOV/eMStudio32/bin/13.2 Rel1/bin/../lib/gcc/arm-none-eabi/13.2.1/thumb/v7e-m/nofp\libg_nano.a(libc_a-wbuf.o)
                0x000026e0                __swbuf_r
 .text.__swsetup_r
                0x0000275c       0xac C:/ABOV/eMStudio32/bin/13.2 Rel1/bin/../lib/gcc/arm-none-eabi/13.2.1/thumb/v7e-m/nofp\libg_nano.a(libc_a-wsetup.o)
                0x0000275c                __swsetup_r
 .text.memmove  0x00002808       0x34 C:/ABOV/eMStudio32/bin/13.2 Rel1/bin/../lib/gcc/arm-none-eabi/13.2.1/thumb/v7e-m/nofp\libg_nano.a(libc_a-memmove.o)
                0x00002808                memmove
 .text._fstat_r
                0x0000283c       0x24 C:/ABOV/eMStudio32/bin/13.2 Rel1/bin/../lib/gcc/arm-none-eabi/13.2.1/thumb/v7e-m/nofp\libg_nano.a(libc_a-fstatr.o)
                0x0000283c                _fstat_r
 .text._isatty_r
                0x00002860       0x20 C:/ABOV/eMStudio32/bin/13.2 Rel1/bin/../lib/gcc/arm-none-eabi/13.2.1/thumb/v7e-m/nofp\libg_nano.a(libc_a-isattyr.o)
                0x00002860                _isatty_r
 .text._sbrk_r  0x00002880       0x20 C:/ABOV/eMStudio32/bin/13.2 Rel1/bin/../lib/gcc/arm-none-eabi/13.2.1/thumb/v7e-m/nofp\libg_nano.a(libc_a-sbrkr.o)
                0x00002880                _sbrk_r
 .text          0x000028a0       0xa0 C:/ABOV/eMStudio32/bin/13.2 Rel1/bin/../lib/gcc/arm-none-eabi/13.2.1/thumb/v7e-m/nofp\libg_nano.a(libc_a-memchr.o)
                0x000028a0                memchr
 .text.memcpy   0x00002940       0x1c C:/ABOV/eMStudio32/bin/13.2 Rel1/bin/../lib/gcc/arm-none-eabi/13.2.1/thumb/v7e-m/nofp\libg_nano.a(libc_a-memcpy-stub.o)
                0x00002940                memcpy
 .text._realloc_r
                0x0000295c       0x5c C:/ABOV/eMStudio32/bin/13.2 Rel1/bin/../lib/gcc/arm-none-eabi/13.2.1/thumb/v7e-m/nofp\libg_nano.a(libc_a-reallocr.o)
                0x0000295c                _realloc_r
 .text._malloc_usable_size_r
                0x000029b8       0x10 C:/ABOV/eMStudio32/bin/13.2 Rel1/bin/../lib/gcc/arm-none-eabi/13.2.1/thumb/v7e-m/nofp\libg_nano.a(libc_a-msizer.o)
                0x000029b8                _malloc_usable_size_r
 .text._sbrk    0x000029c8       0x1c C:/ABOV/eMStudio32/bin/13.2 Rel1/bin/../lib/gcc/arm-none-eabi/13.2.1/thumb/v7e-m/nofp\libnosys.a(sbrk.o)
                0x000029c8                _sbrk
 .text._exit    0x000029e4        0x4 C:/ABOV/eMStudio32/bin/13.2 Rel1/bin/../lib/gcc/arm-none-eabi/13.2.1/thumb/v7e-m/nofp\libnosys.a(_exit.o)
                0x000029e4                _exit
 *(.init)
 .init          0x000029e8        0x4 C:/ABOV/eMStudio32/bin/13.2 Rel1/bin/../lib/gcc/arm-none-eabi/13.2.1/thumb/v7e-m/nofp/crti.o
                0x000029e8                _init
 .init          0x000029ec        0x8 C:/ABOV/eMStudio32/bin/13.2 Rel1/bin/../lib/gcc/arm-none-eabi/13.2.1/thumb/v7e-m/nofp/crtn.o
 *(.fini)
 .fini          0x000029f4        0x4 C:/ABOV/eMStudio32/bin/13.2 Rel1/bin/../lib/gcc/arm-none-eabi/13.2.1/thumb/v7e-m/nofp/crti.o
                0x000029f4                _fini
 .fini          0x000029f8        0x8 C:/ABOV/eMStudio32/bin/13.2 Rel1/bin/../lib/gcc/arm-none-eabi/13.2.1/thumb/v7e-m/nofp/crtn.o
 *crtbegin.o(.ctors)
 *crtbegin?.o(.ctors)
 *(EXCLUDE_FILE(*crtend.o *crtend?.o) .ctors)
 *(SORT_BY_NAME(.ctors.*))
 *(.ctors)
 *crtbegin.o(.dtors)
 *crtbegin?.o(.dtors)
 *(EXCLUDE_FILE(*crtend.o *crtend?.o) .dtors)
 *(SORT_BY_NAME(.dtors.*))
 *(.dtors)
 *(.rodata*)
 .rodata.GetChipSetInfo.str1.4
                0x00002a00      0x15b ./Main/main.o
                                0x157 (size before relaxing)
 *fill*         0x00002b5b        0x1 
 .rodata        0x00002b5c        0x9 ./Main/prv_scu_clk.o
 *fill*         0x00002b65        0x3 
 .rodata.s_leds
                0x00002b68       0x14 ./Main/prv_user_code.o
 .rodata.debug_log.str1.4
                0x00002b7c        0x3 ./Debug/Source/debug_log.o
 .rodata._svfprintf_r.str1.1
                0x00002b7c       0x33 C:/ABOV/eMStudio32/bin/13.2 Rel1/bin/../lib/gcc/arm-none-eabi/13.2.1/thumb/v7e-m/nofp\libg_nano.a(libc_a-nano-svfprintf.o)
                                 0x11 (size before relaxing)
 .rodata._vfprintf_r.str1.1
                0x00002baf       0x11 C:/ABOV/eMStudio32/bin/13.2 Rel1/bin/../lib/gcc/arm-none-eabi/13.2.1/thumb/v7e-m/nofp\libg_nano.a(libc_a-nano-vfprintf.o)
 .rodata._printf_i.str1.1
                0x00002baf       0x22 C:/ABOV/eMStudio32/bin/13.2 Rel1/bin/../lib/gcc/arm-none-eabi/13.2.1/thumb/v7e-m/nofp\libg_nano.a(libc_a-nano-vfprintf_i.o)
 *(.eh_frame*)
 *fill*         0x00002baf        0x1 
 .eh_frame      0x00002bb0        0x0 C:/ABOV/eMStudio32/bin/13.2 Rel1/bin/../lib/gcc/arm-none-eabi/13.2.1/thumb/v7e-m/nofp/crtbegin.o
 .eh_frame      0x00002bb0       0x50 C:/ABOV/eMStudio32/bin/13.2 Rel1/bin/../lib/gcc/arm-none-eabi/13.2.1/thumb/v7e-m/nofp\libg_nano.a(libc_a-memchr.o)
 .eh_frame      0x00002c00        0x4 C:/ABOV/eMStudio32/bin/13.2 Rel1/bin/../lib/gcc/arm-none-eabi/13.2.1/thumb/v7e-m/nofp/crtend.o

.glue_7         0x00002c04        0x0
 .glue_7        0x00002c04        0x0 linker stubs

.glue_7t        0x00002c04        0x0
 .glue_7t       0x00002c04        0x0 linker stubs

.vfp11_veneer   0x00002c04        0x0
 .vfp11_veneer  0x00002c04        0x0 linker stubs

.v4_bx          0x00002c04        0x0
 .v4_bx         0x00002c04        0x0 linker stubs

.iplt           0x00002c04        0x0
 .iplt          0x00002c04        0x0 C:/ABOV/eMStudio32/bin/13.2 Rel1/bin/../lib/gcc/arm-none-eabi/13.2.1/thumb/v7e-m/nofp/crtbegin.o

.ARM.extab
 *(.ARM.extab* .gnu.linkonce.armextab.*)
                0x00002c04                        __exidx_start = .

.ARM.exidx      0x00002c04        0x8
 *(.ARM.exidx* .gnu.linkonce.armexidx.*)
 .ARM.exidx     0x00002c04        0x8 C:/ABOV/eMStudio32/bin/13.2 Rel1/bin/../lib/gcc/arm-none-eabi/13.2.1/thumb/v7e-m/nofp/crt0.o
                                 0x10 (size before relaxing)
 .ARM.exidx.text.__udivmoddi4
                0x00002c0c        0x0 C:/ABOV/eMStudio32/bin/13.2 Rel1/bin/../lib/gcc/arm-none-eabi/13.2.1/thumb/v7e-m/nofp\libgcc.a(_udivmoddi4.o)
                                  0x8 (size before relaxing)
 .ARM.exidx     0x00002c0c        0x0 C:/ABOV/eMStudio32/bin/13.2 Rel1/bin/../lib/gcc/arm-none-eabi/13.2.1/thumb/v7e-m/nofp\libg_nano.a(libc_a-memchr.o)
                                  0x8 (size before relaxing)
                0x00002c0c                        __exidx_end = .
                0x00002c0c                        __ram_func = .

.rel.dyn        0x00002c0c        0x0
 .rel.iplt      0x00002c0c        0x0 C:/ABOV/eMStudio32/bin/13.2 Rel1/bin/../lib/gcc/arm-none-eabi/13.2.1/thumb/v7e-m/nofp/crtbegin.o

.code_section_on_ram
                0x20000000        0x0 load address 0x00002c0c
                0x20000000                        __code_section_on_ram_start__ = .
 *(.code_section_on_ram*)
                0x20000000                        __code_section_on_ram_end__ = .
                0x20000000                        . = ALIGN (0x4)

.copy.table     0x00002c0c       0x18
                0x00002c0c                        . = ALIGN (0x4)
                0x00002c0c                        __copy_table_start__ = .
                0x00002c0c        0x4 LONG 0x2c24 __etext
                0x00002c10        0x4 LONG 0x20000000 __data_start__
                0x00002c14        0x4 LONG 0x23 ((__data_end__ - __data_start__) / 0x4)
                0x00002c18        0x4 LONG 0x2c0c __ram_func
                0x00002c1c        0x4 LONG 0x20000000 __code_section_on_ram_start__
                0x00002c20        0x4 LONG 0x0 ((__code_section_on_ram_end__ - __code_section_on_ram_start__) / 0x4)
                0x00002c24                        __copy_table_end__ = .

.zero.table     0x00002c24        0x0
                0x00002c24                        . = ALIGN (0x4)
                0x00002c24                        __zero_table_start__ = .
                0x00002c24                        __zero_table_end__ = .
                0x00002c24                        __etext = ALIGN (0x4)

.data           0x20000000       0x8c load address 0x00002c24
                0x20000000                        __data_start__ = .
 *(vtable)
 *(.data)
 *(.data.*)
 .data.SystemDelayUSCount
                0x20000000        0x4 ./HAL/SCU/hal_scu_clk.o
                0x20000000                SystemDelayUSCount
 .data.SystemDelayMSCount
                0x20000004        0x4 ./HAL/SCU/hal_scu_clk.o
                0x20000004                SystemDelayMSCount
 .data.SystemPeriClock
                0x20000008        0x4 ./HAL/SCU/hal_scu_clk.o
                0x20000008                SystemPeriClock
 .data.SystemCoreClock
                0x2000000c        0x4 ./HAL/SCU/hal_scu_clk.o
                0x2000000c                SystemCoreClock
 .data.s_op     0x20000010       0x18 ./Debug/Source/debug.o
                0x20000010                s_op
 .data.__sglue  0x20000028        0xc C:/ABOV/eMStudio32/bin/13.2 Rel1/bin/../lib/gcc/arm-none-eabi/13.2.1/thumb/v7e-m/nofp\libg_nano.a(libc_a-findfp.o)
                0x20000028                __sglue
 .data._impure_ptr
                0x20000034        0x4 C:/ABOV/eMStudio32/bin/13.2 Rel1/bin/../lib/gcc/arm-none-eabi/13.2.1/thumb/v7e-m/nofp\libg_nano.a(libc_a-impure.o)
                0x20000034                _impure_ptr
 .data._impure_data
                0x20000038       0x4c C:/ABOV/eMStudio32/bin/13.2 Rel1/bin/../lib/gcc/arm-none-eabi/13.2.1/thumb/v7e-m/nofp\libg_nano.a(libc_a-impure.o)
                0x20000038                _impure_data
                0x20000084                        . = ALIGN (0x4)
                0x20000084                        PROVIDE (__preinit_array_start = .)
 *(.preinit_array)
                0x20000084                        PROVIDE (__preinit_array_end = .)
                0x20000084                        . = ALIGN (0x4)
                0x20000084                        PROVIDE (__init_array_start = .)
 *(SORT_BY_NAME(.init_array.*))
 *(.init_array)
 .init_array    0x20000084        0x4 C:/ABOV/eMStudio32/bin/13.2 Rel1/bin/../lib/gcc/arm-none-eabi/13.2.1/thumb/v7e-m/nofp/crtbegin.o
                0x20000088                        PROVIDE (__init_array_end = .)
                0x20000088                        . = ALIGN (0x4)
                [!provide]                        PROVIDE (__fini_array_start = .)
 *(SORT_BY_NAME(.fini_array.*))
 *(.fini_array)
 .fini_array    0x20000088        0x4 C:/ABOV/eMStudio32/bin/13.2 Rel1/bin/../lib/gcc/arm-none-eabi/13.2.1/thumb/v7e-m/nofp/crtbegin.o
                [!provide]                        PROVIDE (__fini_array_end = .)
 *(.jcr*)
                0x2000008c                        . = ALIGN (0x4)
                0x2000008c                        __data_end__ = .

.tm_clone_table
                0x2000008c        0x0 load address 0x00002cb0
 .tm_clone_table
                0x2000008c        0x0 C:/ABOV/eMStudio32/bin/13.2 Rel1/bin/../lib/gcc/arm-none-eabi/13.2.1/thumb/v7e-m/nofp/crtbegin.o
 .tm_clone_table
                0x2000008c        0x0 C:/ABOV/eMStudio32/bin/13.2 Rel1/bin/../lib/gcc/arm-none-eabi/13.2.1/thumb/v7e-m/nofp/crtend.o

.igot.plt       0x2000008c        0x0 load address 0x00002cb0
 .igot.plt      0x2000008c        0x0 C:/ABOV/eMStudio32/bin/13.2 Rel1/bin/../lib/gcc/arm-none-eabi/13.2.1/thumb/v7e-m/nofp/crtbegin.o

.bss            0x2000008c      0x524
                0x2000008c                        . = ALIGN (0x4)
                0x2000008c                        __bss_start__ = .
 *(.bss)
 *(.bss.*)
 .bss.completed.1
                0x2000008c        0x1 C:/ABOV/eMStudio32/bin/13.2 Rel1/bin/../lib/gcc/arm-none-eabi/13.2.1/thumb/v7e-m/nofp/crtbegin.o
 *fill*         0x2000008d        0x3 
 .bss.object.0  0x20000090       0x18 C:/ABOV/eMStudio32/bin/13.2 Rel1/bin/../lib/gcc/arm-none-eabi/13.2.1/thumb/v7e-m/nofp/crtbegin.o
 .bss.s_tickMs  0x200000a8        0x4 ./Main/prv_user_code.o
 .bss.s_tCcb    0x200000ac       0x24 ./HAL/SCU/hal_scu_clk.o
 .bss.s_un32PLLClock
                0x200000d0        0x4 ./HAL/SCU/hal_scu_clk.o
 .bss.s_tPcb    0x200000d4       0x70 ./HAL/PCU/hal_pcu.o
 .bss.s_tNrb    0x20000144       0x60 ./HAL/HPL/NMI/hpl_nmi.o
 .bss.debug_log_buf
                0x200001a4       0x80 ./Debug/Source/debug_log.o
 .bss.tx_fifo   0x20000224       0x10 ./Debug/Source/debug_serial.o
 .bss.rx_fifo   0x20000234       0x10 ./Debug/Source/debug_serial.o
 .bss.tx_fifo_buf
                0x20000244      0x200 ./Debug/Source/debug_serial.o
 .bss.rx_fifo_buf
                0x20000444       0x10 ./Debug/Source/debug_serial.o
 .bss.s_op      0x20000454        0x4 ./Debug/Source/debug_serial.o
 .bss.serial_rx_cb
                0x20000458        0x4 ./Debug/Source/debug_serial.o
 .bss.serial_rx
                0x2000045c        0x1 ./Debug/Source/debug_serial.o
 .bss.serial_tx
                0x2000045d        0x1 ./Debug/Source/debug_serial.o
 *fill*         0x2000045e        0x2 
 .bss.__sf      0x20000460      0x138 C:/ABOV/eMStudio32/bin/13.2 Rel1/bin/../lib/gcc/arm-none-eabi/13.2.1/thumb/v7e-m/nofp\libg_nano.a(libc_a-findfp.o)
                0x20000460                __sf
 .bss.__stdio_exit_handler
                0x20000598        0x4 C:/ABOV/eMStudio32/bin/13.2 Rel1/bin/../lib/gcc/arm-none-eabi/13.2.1/thumb/v7e-m/nofp\libg_nano.a(libc_a-findfp.o)
                0x20000598                __stdio_exit_handler
 .bss.errno     0x2000059c        0x4 C:/ABOV/eMStudio32/bin/13.2 Rel1/bin/../lib/gcc/arm-none-eabi/13.2.1/thumb/v7e-m/nofp\libg_nano.a(libc_a-reent.o)
                0x2000059c                errno
 .bss.__lock___malloc_recursive_mutex
                0x200005a0        0x1 C:/ABOV/eMStudio32/bin/13.2 Rel1/bin/../lib/gcc/arm-none-eabi/13.2.1/thumb/v7e-m/nofp\libg_nano.a(libc_a-lock.o)
                0x200005a0                __lock___malloc_recursive_mutex
 .bss.__lock___sfp_recursive_mutex
                0x200005a1        0x1 C:/ABOV/eMStudio32/bin/13.2 Rel1/bin/../lib/gcc/arm-none-eabi/13.2.1/thumb/v7e-m/nofp\libg_nano.a(libc_a-lock.o)
                0x200005a1                __lock___sfp_recursive_mutex
 *fill*         0x200005a2        0x2 
 .bss.__malloc_sbrk_start
                0x200005a4        0x4 C:/ABOV/eMStudio32/bin/13.2 Rel1/bin/../lib/gcc/arm-none-eabi/13.2.1/thumb/v7e-m/nofp\libg_nano.a(libc_a-mallocr.o)
                0x200005a4                __malloc_sbrk_start
 .bss.__malloc_free_list
                0x200005a8        0x4 C:/ABOV/eMStudio32/bin/13.2 Rel1/bin/../lib/gcc/arm-none-eabi/13.2.1/thumb/v7e-m/nofp\libg_nano.a(libc_a-mallocr.o)
                0x200005a8                __malloc_free_list
 .bss.heap_end.0
                0x200005ac        0x4 C:/ABOV/eMStudio32/bin/13.2 Rel1/bin/../lib/gcc/arm-none-eabi/13.2.1/thumb/v7e-m/nofp\libnosys.a(sbrk.o)
 *(COMMON)
                0x200005b0                        . = ALIGN (0x4)
                0x200005b0                        __bss_end__ = .

.heap           0x200005b0      0x400
                0x200005b0                        . = ALIGN (0x8)
                0x200005b0                        __end__ = .
                0x200005b0                        PROVIDE (end = .)
                0x200009b0                        . = (. + __HEAP_SIZE)
 *fill*         0x200005b0      0x400 
                0x200009b0                        . = ALIGN (0x8)
                0x200009b0                        __HeapLimit = .

.stack          0x2003fc00      0x400
                0x2003fc00                        . = ALIGN (0x8)
                0x2003fc00                        __StackLimit = .
                0x20040000                        . = (. + __STACK_SIZE)
 *fill*         0x2003fc00      0x400 
                0x20040000                        . = ALIGN (0x8)
                0x20040000                        __StackTop = .
                0x20040000                        PROVIDE (__stack = __StackTop)
                0x00000001                        ASSERT ((__StackLimit >= __HeapLimit), region RAM overflowed with stack)
OUTPUT(Led_blink.elf elf32-littlearm)
LOAD linker stubs

.ARM.attributes
                0x00000000       0x2a
 .ARM.attributes
                0x00000000       0x1e C:/ABOV/eMStudio32/bin/13.2 Rel1/bin/../lib/gcc/arm-none-eabi/13.2.1/thumb/v7e-m/nofp/crti.o
 .ARM.attributes
                0x0000001e       0x2e C:/ABOV/eMStudio32/bin/13.2 Rel1/bin/../lib/gcc/arm-none-eabi/13.2.1/thumb/v7e-m/nofp/crtbegin.o
 .ARM.attributes
                0x0000004c       0x1c C:/ABOV/eMStudio32/bin/13.2 Rel1/bin/../lib/gcc/arm-none-eabi/13.2.1/thumb/v7e-m/nofp/crt0.o
 .ARM.attributes
                0x00000068       0x2e ./Main/main.o
 .ARM.attributes
                0x00000096       0x2e ./Main/prv_scu_clk.o
 .ARM.attributes
                0x000000c4       0x2e ./Main/prv_user_code.o
 .ARM.attributes
                0x000000f2       0x2e ./HAL/SCU/hal_scu_clk.o
 .ARM.attributes
                0x00000120       0x2e ./HAL/PCU/hal_pcu.o
 .ARM.attributes
                0x0000014e       0x2e ./HAL/HPL/NMI/hpl_nmi.o
 .ARM.attributes
                0x0000017c       0x2e ./Debug/Source/debug.o
 .ARM.attributes
                0x000001aa       0x2e ./Debug/Source/debug_log.o
 .ARM.attributes
                0x000001d8       0x2e ./Debug/Source/debug_retarget.o
 .ARM.attributes
                0x00000206       0x2e ./Debug/Source/debug_serial.o
 .ARM.attributes
                0x00000234       0x2e ./ABOV/Source/startup_a34xxxx.o
 .ARM.attributes
                0x00000262       0x2e ./ABOV/Source/system_a34xxxx.o
 .ARM.attributes
                0x00000290       0x1e C:/ABOV/eMStudio32/bin/13.2 Rel1/bin/../lib/gcc/arm-none-eabi/13.2.1/thumb/v7e-m/nofp\libgcc.a(_aeabi_uldivmod.o)
 .ARM.attributes
                0x000002ae       0x2e C:/ABOV/eMStudio32/bin/13.2 Rel1/bin/../lib/gcc/arm-none-eabi/13.2.1/thumb/v7e-m/nofp\libgcc.a(_udivmoddi4.o)
 .ARM.attributes
                0x000002dc       0x1e C:/ABOV/eMStudio32/bin/13.2 Rel1/bin/../lib/gcc/arm-none-eabi/13.2.1/thumb/v7e-m/nofp\libgcc.a(_dvmd_tls.o)
 .ARM.attributes
                0x000002fa       0x2e C:/ABOV/eMStudio32/bin/13.2 Rel1/bin/../lib/gcc/arm-none-eabi/13.2.1/thumb/v7e-m/nofp\libg_nano.a(libc_a-exit.o)
 .ARM.attributes
                0x00000328       0x2e C:/ABOV/eMStudio32/bin/13.2 Rel1/bin/../lib/gcc/arm-none-eabi/13.2.1/thumb/v7e-m/nofp\libg_nano.a(libc_a-findfp.o)
 .ARM.attributes
                0x00000356       0x2e C:/ABOV/eMStudio32/bin/13.2 Rel1/bin/../lib/gcc/arm-none-eabi/13.2.1/thumb/v7e-m/nofp\libg_nano.a(libc_a-fwalk.o)
 .ARM.attributes
                0x00000384       0x2e C:/ABOV/eMStudio32/bin/13.2 Rel1/bin/../lib/gcc/arm-none-eabi/13.2.1/thumb/v7e-m/nofp\libg_nano.a(libc_a-printf.o)
 .ARM.attributes
                0x000003b2       0x2e C:/ABOV/eMStudio32/bin/13.2 Rel1/bin/../lib/gcc/arm-none-eabi/13.2.1/thumb/v7e-m/nofp\libg_nano.a(libc_a-setvbuf.o)
 .ARM.attributes
                0x000003e0       0x2e C:/ABOV/eMStudio32/bin/13.2 Rel1/bin/../lib/gcc/arm-none-eabi/13.2.1/thumb/v7e-m/nofp\libg_nano.a(libc_a-stdio.o)
 .ARM.attributes
                0x0000040e       0x2e C:/ABOV/eMStudio32/bin/13.2 Rel1/bin/../lib/gcc/arm-none-eabi/13.2.1/thumb/v7e-m/nofp\libg_nano.a(libc_a-vsnprintf.o)
 .ARM.attributes
                0x0000043c       0x2e C:/ABOV/eMStudio32/bin/13.2 Rel1/bin/../lib/gcc/arm-none-eabi/13.2.1/thumb/v7e-m/nofp\libg_nano.a(libc_a-memset.o)
 .ARM.attributes
                0x0000046a       0x2e C:/ABOV/eMStudio32/bin/13.2 Rel1/bin/../lib/gcc/arm-none-eabi/13.2.1/thumb/v7e-m/nofp\libg_nano.a(libc_a-closer.o)
 .ARM.attributes
                0x00000498       0x2e C:/ABOV/eMStudio32/bin/13.2 Rel1/bin/../lib/gcc/arm-none-eabi/13.2.1/thumb/v7e-m/nofp\libg_nano.a(libc_a-reent.o)
 .ARM.attributes
                0x000004c6       0x2e C:/ABOV/eMStudio32/bin/13.2 Rel1/bin/../lib/gcc/arm-none-eabi/13.2.1/thumb/v7e-m/nofp\libg_nano.a(libc_a-impure.o)
 .ARM.attributes
                0x000004f4       0x2e C:/ABOV/eMStudio32/bin/13.2 Rel1/bin/../lib/gcc/arm-none-eabi/13.2.1/thumb/v7e-m/nofp\libg_nano.a(libc_a-lseekr.o)
 .ARM.attributes
                0x00000522       0x2e C:/ABOV/eMStudio32/bin/13.2 Rel1/bin/../lib/gcc/arm-none-eabi/13.2.1/thumb/v7e-m/nofp\libg_nano.a(libc_a-readr.o)
 .ARM.attributes
                0x00000550       0x2e C:/ABOV/eMStudio32/bin/13.2 Rel1/bin/../lib/gcc/arm-none-eabi/13.2.1/thumb/v7e-m/nofp\libg_nano.a(libc_a-writer.o)
 .ARM.attributes
                0x0000057e       0x2e C:/ABOV/eMStudio32/bin/13.2 Rel1/bin/../lib/gcc/arm-none-eabi/13.2.1/thumb/v7e-m/nofp\libg_nano.a(libc_a-init.o)
 .ARM.attributes
                0x000005ac       0x2e C:/ABOV/eMStudio32/bin/13.2 Rel1/bin/../lib/gcc/arm-none-eabi/13.2.1/thumb/v7e-m/nofp\libg_nano.a(libc_a-lock.o)
 .ARM.attributes
                0x000005da       0x2e C:/ABOV/eMStudio32/bin/13.2 Rel1/bin/../lib/gcc/arm-none-eabi/13.2.1/thumb/v7e-m/nofp\libg_nano.a(libc_a-freer.o)
 .ARM.attributes
                0x00000608       0x2e C:/ABOV/eMStudio32/bin/13.2 Rel1/bin/../lib/gcc/arm-none-eabi/13.2.1/thumb/v7e-m/nofp\libg_nano.a(libc_a-malloc.o)
 .ARM.attributes
                0x00000636       0x2e C:/ABOV/eMStudio32/bin/13.2 Rel1/bin/../lib/gcc/arm-none-eabi/13.2.1/thumb/v7e-m/nofp\libg_nano.a(libc_a-mallocr.o)
 .ARM.attributes
                0x00000664       0x2e C:/ABOV/eMStudio32/bin/13.2 Rel1/bin/../lib/gcc/arm-none-eabi/13.2.1/thumb/v7e-m/nofp\libg_nano.a(libc_a-mlock.o)
 .ARM.attributes
                0x00000692       0x2e C:/ABOV/eMStudio32/bin/13.2 Rel1/bin/../lib/gcc/arm-none-eabi/13.2.1/thumb/v7e-m/nofp\libg_nano.a(libc_a-nano-svfprintf.o)
 .ARM.attributes
                0x000006c0       0x2e C:/ABOV/eMStudio32/bin/13.2 Rel1/bin/../lib/gcc/arm-none-eabi/13.2.1/thumb/v7e-m/nofp\libg_nano.a(libc_a-nano-vfprintf.o)
 .ARM.attributes
                0x000006ee       0x2e C:/ABOV/eMStudio32/bin/13.2 Rel1/bin/../lib/gcc/arm-none-eabi/13.2.1/thumb/v7e-m/nofp\libg_nano.a(libc_a-nano-vfprintf_i.o)
 .ARM.attributes
                0x0000071c       0x2e C:/ABOV/eMStudio32/bin/13.2 Rel1/bin/../lib/gcc/arm-none-eabi/13.2.1/thumb/v7e-m/nofp\libg_nano.a(libc_a-fflush.o)
 .ARM.attributes
                0x0000074a       0x2e C:/ABOV/eMStudio32/bin/13.2 Rel1/bin/../lib/gcc/arm-none-eabi/13.2.1/thumb/v7e-m/nofp\libg_nano.a(libc_a-makebuf.o)
 .ARM.attributes
                0x00000778       0x2e C:/ABOV/eMStudio32/bin/13.2 Rel1/bin/../lib/gcc/arm-none-eabi/13.2.1/thumb/v7e-m/nofp\libg_nano.a(libc_a-wbuf.o)
 .ARM.attributes
                0x000007a6       0x2e C:/ABOV/eMStudio32/bin/13.2 Rel1/bin/../lib/gcc/arm-none-eabi/13.2.1/thumb/v7e-m/nofp\libg_nano.a(libc_a-wsetup.o)
 .ARM.attributes
                0x000007d4       0x2e C:/ABOV/eMStudio32/bin/13.2 Rel1/bin/../lib/gcc/arm-none-eabi/13.2.1/thumb/v7e-m/nofp\libg_nano.a(libc_a-memmove.o)
 .ARM.attributes
                0x00000802       0x2e C:/ABOV/eMStudio32/bin/13.2 Rel1/bin/../lib/gcc/arm-none-eabi/13.2.1/thumb/v7e-m/nofp\libg_nano.a(libc_a-fstatr.o)
 .ARM.attributes
                0x00000830       0x2e C:/ABOV/eMStudio32/bin/13.2 Rel1/bin/../lib/gcc/arm-none-eabi/13.2.1/thumb/v7e-m/nofp\libg_nano.a(libc_a-isattyr.o)
 .ARM.attributes
                0x0000085e       0x2e C:/ABOV/eMStudio32/bin/13.2 Rel1/bin/../lib/gcc/arm-none-eabi/13.2.1/thumb/v7e-m/nofp\libg_nano.a(libc_a-sbrkr.o)
 .ARM.attributes
                0x0000088c       0x1c C:/ABOV/eMStudio32/bin/13.2 Rel1/bin/../lib/gcc/arm-none-eabi/13.2.1/thumb/v7e-m/nofp\libg_nano.a(libc_a-memchr.o)
 .ARM.attributes
                0x000008a8       0x2e C:/ABOV/eMStudio32/bin/13.2 Rel1/bin/../lib/gcc/arm-none-eabi/13.2.1/thumb/v7e-m/nofp\libg_nano.a(libc_a-memcpy-stub.o)
 .ARM.attributes
                0x000008d6       0x2e C:/ABOV/eMStudio32/bin/13.2 Rel1/bin/../lib/gcc/arm-none-eabi/13.2.1/thumb/v7e-m/nofp\libg_nano.a(libc_a-reallocr.o)
 .ARM.attributes
                0x00000904       0x2e C:/ABOV/eMStudio32/bin/13.2 Rel1/bin/../lib/gcc/arm-none-eabi/13.2.1/thumb/v7e-m/nofp\libg_nano.a(libc_a-msizer.o)
 .ARM.attributes
                0x00000932       0x2e C:/ABOV/eMStudio32/bin/13.2 Rel1/bin/../lib/gcc/arm-none-eabi/13.2.1/thumb/v7e-m/nofp\libnosys.a(sbrk.o)
 .ARM.attributes
                0x00000960       0x2e C:/ABOV/eMStudio32/bin/13.2 Rel1/bin/../lib/gcc/arm-none-eabi/13.2.1/thumb/v7e-m/nofp\libnosys.a(_exit.o)
 .ARM.attributes
                0x0000098e       0x2e C:/ABOV/eMStudio32/bin/13.2 Rel1/bin/../lib/gcc/arm-none-eabi/13.2.1/thumb/v7e-m/nofp/crtend.o
 .ARM.attributes
                0x000009bc       0x1e C:/ABOV/eMStudio32/bin/13.2 Rel1/bin/../lib/gcc/arm-none-eabi/13.2.1/thumb/v7e-m/nofp/crtn.o

.comment        0x00000000       0x44
 .comment       0x00000000       0x44 ./Main/main.o
                                 0x45 (size before relaxing)
 .comment       0x00000044       0x45 ./Main/prv_scu_clk.o
 .comment       0x00000044       0x45 ./Main/prv_user_code.o
 .comment       0x00000044       0x45 ./HAL/SCU/hal_scu_clk.o
 .comment       0x00000044       0x45 ./HAL/PCU/hal_pcu.o
 .comment       0x00000044       0x45 ./HAL/HPL/NMI/hpl_nmi.o
 .comment       0x00000044       0x45 ./Debug/Source/debug.o
 .comment       0x00000044       0x45 ./Debug/Source/debug_log.o
 .comment       0x00000044       0x45 ./Debug/Source/debug_retarget.o
 .comment       0x00000044       0x45 ./Debug/Source/debug_serial.o
 .comment       0x00000044       0x45 ./ABOV/Source/startup_a34xxxx.o
 .comment       0x00000044       0x45 ./ABOV/Source/system_a34xxxx.o

.debug_line_str
                0x00000000      0x283
 .debug_line_str
                0x00000000      0x283 C:/ABOV/eMStudio32/bin/13.2 Rel1/bin/../lib/gcc/arm-none-eabi/13.2.1/thumb/v7e-m/nofp/crt0.o
                                 0xd3 (size before relaxing)
 .debug_line_str
                0x00000283       0xc6 C:/ABOV/eMStudio32/bin/13.2 Rel1/bin/../lib/gcc/arm-none-eabi/13.2.1/thumb/v7e-m/nofp\libgcc.a(_aeabi_uldivmod.o)
 .debug_line_str
                0x00000283       0xca C:/ABOV/eMStudio32/bin/13.2 Rel1/bin/../lib/gcc/arm-none-eabi/13.2.1/thumb/v7e-m/nofp\libgcc.a(_dvmd_tls.o)
 .debug_line_str
                0x00000283       0xde C:/ABOV/eMStudio32/bin/13.2 Rel1/bin/../lib/gcc/arm-none-eabi/13.2.1/thumb/v7e-m/nofp\libg_nano.a(libc_a-memchr.o)

.debug_info     0x00000000     0x957a
 .debug_info    0x00000000      0xb6a ./Main/main.o
 .debug_info    0x00000b6a      0x51d ./Main/prv_scu_clk.o
 .debug_info    0x00001087      0xb6b ./Main/prv_user_code.o
 .debug_info    0x00001bf2     0x1d2e ./HAL/SCU/hal_scu_clk.o
 .debug_info    0x00003920     0x2417 ./HAL/PCU/hal_pcu.o
 .debug_info    0x00005d37      0xaad ./HAL/HPL/NMI/hpl_nmi.o
 .debug_info    0x000067e4      0x38e ./Debug/Source/debug.o
 .debug_info    0x00006b72      0x28b ./Debug/Source/debug_log.o
 .debug_info    0x00006dfd      0xb67 ./Debug/Source/debug_retarget.o
 .debug_info    0x00007964     0x11f2 ./Debug/Source/debug_serial.o
 .debug_info    0x00008b56      0x2c6 ./ABOV/Source/startup_a34xxxx.o
 .debug_info    0x00008e1c      0x75e ./ABOV/Source/system_a34xxxx.o

.debug_abbrev   0x00000000     0x1dee
 .debug_abbrev  0x00000000      0x1f0 ./Main/main.o
 .debug_abbrev  0x000001f0      0x124 ./Main/prv_scu_clk.o
 .debug_abbrev  0x00000314      0x2c5 ./Main/prv_user_code.o
 .debug_abbrev  0x000005d9      0x40e ./HAL/SCU/hal_scu_clk.o
 .debug_abbrev  0x000009e7      0x42f ./HAL/PCU/hal_pcu.o
 .debug_abbrev  0x00000e16      0x226 ./HAL/HPL/NMI/hpl_nmi.o
 .debug_abbrev  0x0000103c      0x1eb ./Debug/Source/debug.o
 .debug_abbrev  0x00001227      0x193 ./Debug/Source/debug_log.o
 .debug_abbrev  0x000013ba      0x26c ./Debug/Source/debug_retarget.o
 .debug_abbrev  0x00001626      0x49e ./Debug/Source/debug_serial.o
 .debug_abbrev  0x00001ac4      0x1ac ./ABOV/Source/startup_a34xxxx.o
 .debug_abbrev  0x00001c70      0x17e ./ABOV/Source/system_a34xxxx.o

.debug_loclists
                0x00000000     0x2830
 .debug_loclists
                0x00000000       0x4f ./Main/main.o
 .debug_loclists
                0x0000004f      0x109 ./Main/prv_user_code.o
 .debug_loclists
                0x00000158      0xdf4 ./HAL/SCU/hal_scu_clk.o
 .debug_loclists
                0x00000f4c      0xebd ./HAL/PCU/hal_pcu.o
 .debug_loclists
                0x00001e09      0x281 ./HAL/HPL/NMI/hpl_nmi.o
 .debug_loclists
                0x0000208a       0x71 ./Debug/Source/debug.o
 .debug_loclists
                0x000020fb       0xae ./Debug/Source/debug_log.o
 .debug_loclists
                0x000021a9      0x13e ./Debug/Source/debug_retarget.o
 .debug_loclists
                0x000022e7      0x48b ./Debug/Source/debug_serial.o
 .debug_loclists
                0x00002772       0x38 ./ABOV/Source/startup_a34xxxx.o
 .debug_loclists
                0x000027aa       0x86 ./ABOV/Source/system_a34xxxx.o

.debug_aranges  0x00000000      0x4c8
 .debug_aranges
                0x00000000       0x30 ./Main/main.o
 .debug_aranges
                0x00000030       0x20 ./Main/prv_scu_clk.o
 .debug_aranges
                0x00000050       0x50 ./Main/prv_user_code.o
 .debug_aranges
                0x000000a0       0xf0 ./HAL/SCU/hal_scu_clk.o
 .debug_aranges
                0x00000190      0x148 ./HAL/PCU/hal_pcu.o
 .debug_aranges
                0x000002d8       0x50 ./HAL/HPL/NMI/hpl_nmi.o
 .debug_aranges
                0x00000328       0x60 ./Debug/Source/debug.o
 .debug_aranges
                0x00000388       0x28 ./Debug/Source/debug_log.o
 .debug_aranges
                0x000003b0       0x50 ./Debug/Source/debug_retarget.o
 .debug_aranges
                0x00000400       0x68 ./Debug/Source/debug_serial.o
 .debug_aranges
                0x00000468       0x30 ./ABOV/Source/startup_a34xxxx.o
 .debug_aranges
                0x00000498       0x30 ./ABOV/Source/system_a34xxxx.o

.debug_rnglists
                0x00000000      0x3bb
 .debug_rnglists
                0x00000000       0x3a ./Main/main.o
 .debug_rnglists
                0x0000003a       0x14 ./Main/prv_scu_clk.o
 .debug_rnglists
                0x0000004e       0x37 ./Main/prv_user_code.o
 .debug_rnglists
                0x00000085       0xb4 ./HAL/SCU/hal_scu_clk.o
 .debug_rnglists
                0x00000139       0xf5 ./HAL/PCU/hal_pcu.o
 .debug_rnglists
                0x0000022e       0x37 ./HAL/HPL/NMI/hpl_nmi.o
 .debug_rnglists
                0x00000265       0x43 ./Debug/Source/debug.o
 .debug_rnglists
                0x000002a8       0x19 ./Debug/Source/debug_log.o
 .debug_rnglists
                0x000002c1       0x37 ./Debug/Source/debug_retarget.o
 .debug_rnglists
                0x000002f8       0x6d ./Debug/Source/debug_serial.o
 .debug_rnglists
                0x00000365       0x37 ./ABOV/Source/startup_a34xxxx.o
 .debug_rnglists
                0x0000039c       0x1f ./ABOV/Source/system_a34xxxx.o

.debug_macro    0x00000000    0x19eca
 .debug_macro   0x00000000      0x214 ./Main/main.o
 .debug_macro   0x00000214      0xac0 ./Main/main.o
 .debug_macro   0x00000cd4       0xe7 ./Main/main.o
 .debug_macro   0x00000dbb       0x22 ./Main/main.o
 .debug_macro   0x00000ddd       0x8e ./Main/main.o
 .debug_macro   0x00000e6b       0x51 ./Main/main.o
 .debug_macro   0x00000ebc      0x103 ./Main/main.o
 .debug_macro   0x00000fbf       0x6a ./Main/main.o
 .debug_macro   0x00001029      0x1df ./Main/main.o
 .debug_macro   0x00001208       0x34 ./Main/main.o
 .debug_macro   0x0000123c       0x1c ./Main/main.o
 .debug_macro   0x00001258       0x22 ./Main/main.o
 .debug_macro   0x0000127a       0xfb ./Main/main.o
 .debug_macro   0x00001375     0x1011 ./Main/main.o
 .debug_macro   0x00002386      0x11f ./Main/main.o
 .debug_macro   0x000024a5    0x14a95 ./Main/main.o
 .debug_macro   0x00016f3a       0x10 ./Main/main.o
 .debug_macro   0x00016f4a       0x10 ./Main/main.o
 .debug_macro   0x00016f5a       0xb6 ./Main/main.o
 .debug_macro   0x00017010       0xe3 ./Main/main.o
 .debug_macro   0x000170f3       0x58 ./Main/main.o
 .debug_macro   0x0001714b       0x5e ./Main/main.o
 .debug_macro   0x000171a9       0x16 ./Main/main.o
 .debug_macro   0x000171bf       0x7b ./Main/main.o
 .debug_macro   0x0001723a       0x24 ./Main/main.o
 .debug_macro   0x0001725e       0x3c ./Main/main.o
 .debug_macro   0x0001729a       0x34 ./Main/main.o
 .debug_macro   0x000172ce       0x16 ./Main/main.o
 .debug_macro   0x000172e4       0x9e ./Main/main.o
 .debug_macro   0x00017382      0x370 ./Main/main.o
 .debug_macro   0x000176f2      0x112 ./Main/main.o
 .debug_macro   0x00017804       0x10 ./Main/main.o
 .debug_macro   0x00017814       0x16 ./Main/main.o
 .debug_macro   0x0001782a       0x4a ./Main/main.o
 .debug_macro   0x00017874       0x34 ./Main/main.o
 .debug_macro   0x000178a8       0x10 ./Main/main.o
 .debug_macro   0x000178b8       0x58 ./Main/main.o
 .debug_macro   0x00017910      0x1de ./Main/main.o
 .debug_macro   0x00017aee       0x16 ./Main/main.o
 .debug_macro   0x00017b04       0x16 ./Main/main.o
 .debug_macro   0x00017b1a      0x170 ./Main/main.o
 .debug_macro   0x00017c8a       0x10 ./Main/main.o
 .debug_macro   0x00017c9a      0x27c ./Main/prv_scu_clk.o
 .debug_macro   0x00017f16       0x16 ./Main/prv_scu_clk.o
 .debug_macro   0x00017f2c       0x3c ./Main/prv_scu_clk.o
 .debug_macro   0x00017f68       0x16 ./Main/prv_scu_clk.o
 .debug_macro   0x00017f7e       0x29 ./Main/prv_scu_clk.o
 .debug_macro   0x00017fa7       0x22 ./Main/prv_scu_clk.o
 .debug_macro   0x00017fc9       0x16 ./Main/prv_scu_clk.o
 .debug_macro   0x00017fdf       0xe6 ./Main/prv_scu_clk.o
 .debug_macro   0x000180c5      0x28f ./Main/prv_user_code.o
 .debug_macro   0x00018354       0x16 ./Main/prv_user_code.o
 .debug_macro   0x0001836a      0x2b6 ./HAL/SCU/hal_scu_clk.o
 .debug_macro   0x00018620      0x296 ./HAL/PCU/hal_pcu.o
 .debug_macro   0x000188b6       0x36 ./HAL/PCU/hal_pcu.o
 .debug_macro   0x000188ec       0x10 ./HAL/PCU/hal_pcu.o
 .debug_macro   0x000188fc      0x124 ./HAL/PCU/hal_pcu.o
 .debug_macro   0x00018a20      0x288 ./HAL/HPL/NMI/hpl_nmi.o
 .debug_macro   0x00018ca8       0x10 ./HAL/HPL/NMI/hpl_nmi.o
 .debug_macro   0x00018cb8       0x64 ./HAL/HPL/NMI/hpl_nmi.o
 .debug_macro   0x00018d1c      0x236 ./Debug/Source/debug.o
 .debug_macro   0x00018f52      0x190 ./Debug/Source/debug.o
 .debug_macro   0x000190e2       0x10 ./Debug/Source/debug.o
 .debug_macro   0x000190f2       0x1c ./Debug/Source/debug.o
 .debug_macro   0x0001910e       0x1c ./Debug/Source/debug.o
 .debug_macro   0x0001912a      0x206 ./Debug/Source/debug_log.o
 .debug_macro   0x00019330       0x4c ./Debug/Source/debug_log.o
 .debug_macro   0x0001937c      0x2de ./Debug/Source/debug_retarget.o
 .debug_macro   0x0001965a       0x16 ./Debug/Source/debug_retarget.o
 .debug_macro   0x00019670       0x10 ./Debug/Source/debug_retarget.o
 .debug_macro   0x00019680       0x10 ./Debug/Source/debug_retarget.o
 .debug_macro   0x00019690       0x10 ./Debug/Source/debug_retarget.o
 .debug_macro   0x000196a0       0x1c ./Debug/Source/debug_retarget.o
 .debug_macro   0x000196bc       0x52 ./Debug/Source/debug_retarget.o
 .debug_macro   0x0001970e       0x22 ./Debug/Source/debug_retarget.o
 .debug_macro   0x00019730       0x10 ./Debug/Source/debug_retarget.o
 .debug_macro   0x00019740       0x52 ./Debug/Source/debug_retarget.o
 .debug_macro   0x00019792       0xc1 ./Debug/Source/debug_retarget.o
 .debug_macro   0x00019853       0x1c ./Debug/Source/debug_retarget.o
 .debug_macro   0x0001986f       0x3d ./Debug/Source/debug_retarget.o
 .debug_macro   0x000198ac       0x35 ./Debug/Source/debug_retarget.o
 .debug_macro   0x000198e1      0x12c ./Debug/Source/debug_retarget.o
 .debug_macro   0x00019a0d      0x276 ./Debug/Source/debug_serial.o
 .debug_macro   0x00019c83      0x12b ./ABOV/Source/startup_a34xxxx.o
 .debug_macro   0x00019dae      0x11c ./ABOV/Source/system_a34xxxx.o

.debug_line     0x00000000     0x70cf
 .debug_line    0x00000000      0x8af ./Main/main.o
 .debug_line    0x000008af      0x6c3 ./Main/prv_scu_clk.o
 .debug_line    0x00000f72      0x858 ./Main/prv_user_code.o
 .debug_line    0x000017ca     0x1187 ./HAL/SCU/hal_scu_clk.o
 .debug_line    0x00002951     0x1183 ./HAL/PCU/hal_pcu.o
 .debug_line    0x00003ad4      0x908 ./HAL/HPL/NMI/hpl_nmi.o
 .debug_line    0x000043dc      0x71e ./Debug/Source/debug.o
 .debug_line    0x00004afa      0x692 ./Debug/Source/debug_log.o
 .debug_line    0x0000518c      0x7d1 ./Debug/Source/debug_retarget.o
 .debug_line    0x0000595d      0xbc4 ./Debug/Source/debug_serial.o
 .debug_line    0x00006521      0x5d4 ./ABOV/Source/startup_a34xxxx.o
 .debug_line    0x00006af5      0x5da ./ABOV/Source/system_a34xxxx.o

.debug_str      0x00000000    0x692c6
 .debug_str     0x00000000    0x692c6 ./Main/main.o
                              0x61864 (size before relaxing)
 .debug_str     0x000692c6    0x62da8 ./Main/prv_scu_clk.o
 .debug_str     0x000692c6    0x631c8 ./Main/prv_user_code.o
 .debug_str     0x000692c6    0x660c2 ./HAL/SCU/hal_scu_clk.o
 .debug_str     0x000692c6    0x648ae ./HAL/PCU/hal_pcu.o
 .debug_str     0x000692c6    0x634e2 ./HAL/HPL/NMI/hpl_nmi.o
 .debug_str     0x000692c6    0x6179e ./Debug/Source/debug.o
 .debug_str     0x000692c6    0x61770 ./Debug/Source/debug_log.o
 .debug_str     0x000692c6    0x6294c ./Debug/Source/debug_retarget.o
 .debug_str     0x000692c6    0x61d30 ./Debug/Source/debug_serial.o
 .debug_str     0x000692c6    0x5e197 ./ABOV/Source/startup_a34xxxx.o
 .debug_str     0x000692c6    0x5e2d5 ./ABOV/Source/system_a34xxxx.o

.debug_frame    0x00000000     0x1568
 .debug_frame   0x00000000       0x64 ./Main/main.o
 .debug_frame   0x00000064       0x30 ./Main/prv_scu_clk.o
 .debug_frame   0x00000094       0xb0 ./Main/prv_user_code.o
 .debug_frame   0x00000144      0x230 ./HAL/SCU/hal_scu_clk.o
 .debug_frame   0x00000374      0x394 ./HAL/PCU/hal_pcu.o
 .debug_frame   0x00000708       0xbc ./HAL/HPL/NMI/hpl_nmi.o
 .debug_frame   0x000007c4       0xb0 ./Debug/Source/debug.o
 .debug_frame   0x00000874       0x64 ./Debug/Source/debug_log.o
 .debug_frame   0x000008d8       0x94 ./Debug/Source/debug_retarget.o
 .debug_frame   0x0000096c      0x108 ./Debug/Source/debug_serial.o
 .debug_frame   0x00000a74       0x48 ./ABOV/Source/startup_a34xxxx.o
 .debug_frame   0x00000abc       0x40 ./ABOV/Source/system_a34xxxx.o
 .debug_frame   0x00000afc       0x2c C:/ABOV/eMStudio32/bin/13.2 Rel1/bin/../lib/gcc/arm-none-eabi/13.2.1/thumb/v7e-m/nofp\libgcc.a(_aeabi_uldivmod.o)
 .debug_frame   0x00000b28       0x34 C:/ABOV/eMStudio32/bin/13.2 Rel1/bin/../lib/gcc/arm-none-eabi/13.2.1/thumb/v7e-m/nofp\libgcc.a(_udivmoddi4.o)
 .debug_frame   0x00000b5c       0x28 C:/ABOV/eMStudio32/bin/13.2 Rel1/bin/../lib/gcc/arm-none-eabi/13.2.1/thumb/v7e-m/nofp\libg_nano.a(libc_a-exit.o)
 .debug_frame   0x00000b84      0x144 C:/ABOV/eMStudio32/bin/13.2 Rel1/bin/../lib/gcc/arm-none-eabi/13.2.1/thumb/v7e-m/nofp\libg_nano.a(libc_a-findfp.o)
 .debug_frame   0x00000cc8       0x34 C:/ABOV/eMStudio32/bin/13.2 Rel1/bin/../lib/gcc/arm-none-eabi/13.2.1/thumb/v7e-m/nofp\libg_nano.a(libc_a-fwalk.o)
 .debug_frame   0x00000cfc       0x6c C:/ABOV/eMStudio32/bin/13.2 Rel1/bin/../lib/gcc/arm-none-eabi/13.2.1/thumb/v7e-m/nofp\libg_nano.a(libc_a-printf.o)
 .debug_frame   0x00000d68       0x38 C:/ABOV/eMStudio32/bin/13.2 Rel1/bin/../lib/gcc/arm-none-eabi/13.2.1/thumb/v7e-m/nofp\libg_nano.a(libc_a-setvbuf.o)
 .debug_frame   0x00000da0       0x88 C:/ABOV/eMStudio32/bin/13.2 Rel1/bin/../lib/gcc/arm-none-eabi/13.2.1/thumb/v7e-m/nofp\libg_nano.a(libc_a-stdio.o)
 .debug_frame   0x00000e28       0x4c C:/ABOV/eMStudio32/bin/13.2 Rel1/bin/../lib/gcc/arm-none-eabi/13.2.1/thumb/v7e-m/nofp\libg_nano.a(libc_a-vsnprintf.o)
 .debug_frame   0x00000e74       0x20 C:/ABOV/eMStudio32/bin/13.2 Rel1/bin/../lib/gcc/arm-none-eabi/13.2.1/thumb/v7e-m/nofp\libg_nano.a(libc_a-memset.o)
 .debug_frame   0x00000e94       0x2c C:/ABOV/eMStudio32/bin/13.2 Rel1/bin/../lib/gcc/arm-none-eabi/13.2.1/thumb/v7e-m/nofp\libg_nano.a(libc_a-closer.o)
 .debug_frame   0x00000ec0       0x38 C:/ABOV/eMStudio32/bin/13.2 Rel1/bin/../lib/gcc/arm-none-eabi/13.2.1/thumb/v7e-m/nofp\libg_nano.a(libc_a-reent.o)
 .debug_frame   0x00000ef8       0x2c C:/ABOV/eMStudio32/bin/13.2 Rel1/bin/../lib/gcc/arm-none-eabi/13.2.1/thumb/v7e-m/nofp\libg_nano.a(libc_a-lseekr.o)
 .debug_frame   0x00000f24       0x2c C:/ABOV/eMStudio32/bin/13.2 Rel1/bin/../lib/gcc/arm-none-eabi/13.2.1/thumb/v7e-m/nofp\libg_nano.a(libc_a-readr.o)
 .debug_frame   0x00000f50       0x2c C:/ABOV/eMStudio32/bin/13.2 Rel1/bin/../lib/gcc/arm-none-eabi/13.2.1/thumb/v7e-m/nofp\libg_nano.a(libc_a-writer.o)
 .debug_frame   0x00000f7c       0x2c C:/ABOV/eMStudio32/bin/13.2 Rel1/bin/../lib/gcc/arm-none-eabi/13.2.1/thumb/v7e-m/nofp\libg_nano.a(libc_a-init.o)
 .debug_frame   0x00000fa8       0xb0 C:/ABOV/eMStudio32/bin/13.2 Rel1/bin/../lib/gcc/arm-none-eabi/13.2.1/thumb/v7e-m/nofp\libg_nano.a(libc_a-lock.o)
 .debug_frame   0x00001058       0x38 C:/ABOV/eMStudio32/bin/13.2 Rel1/bin/../lib/gcc/arm-none-eabi/13.2.1/thumb/v7e-m/nofp\libg_nano.a(libc_a-freer.o)
 .debug_frame   0x00001090       0x30 C:/ABOV/eMStudio32/bin/13.2 Rel1/bin/../lib/gcc/arm-none-eabi/13.2.1/thumb/v7e-m/nofp\libg_nano.a(libc_a-malloc.o)
 .debug_frame   0x000010c0       0x50 C:/ABOV/eMStudio32/bin/13.2 Rel1/bin/../lib/gcc/arm-none-eabi/13.2.1/thumb/v7e-m/nofp\libg_nano.a(libc_a-mallocr.o)
 .debug_frame   0x00001110       0x30 C:/ABOV/eMStudio32/bin/13.2 Rel1/bin/../lib/gcc/arm-none-eabi/13.2.1/thumb/v7e-m/nofp\libg_nano.a(libc_a-mlock.o)
 .debug_frame   0x00001140       0x90 C:/ABOV/eMStudio32/bin/13.2 Rel1/bin/../lib/gcc/arm-none-eabi/13.2.1/thumb/v7e-m/nofp\libg_nano.a(libc_a-nano-svfprintf.o)
 .debug_frame   0x000011d0       0xa8 C:/ABOV/eMStudio32/bin/13.2 Rel1/bin/../lib/gcc/arm-none-eabi/13.2.1/thumb/v7e-m/nofp\libg_nano.a(libc_a-nano-vfprintf.o)
 .debug_frame   0x00001278       0x60 C:/ABOV/eMStudio32/bin/13.2 Rel1/bin/../lib/gcc/arm-none-eabi/13.2.1/thumb/v7e-m/nofp\libg_nano.a(libc_a-nano-vfprintf_i.o)
 .debug_frame   0x000012d8       0x5c C:/ABOV/eMStudio32/bin/13.2 Rel1/bin/../lib/gcc/arm-none-eabi/13.2.1/thumb/v7e-m/nofp\libg_nano.a(libc_a-fflush.o)
 .debug_frame   0x00001334       0x58 C:/ABOV/eMStudio32/bin/13.2 Rel1/bin/../lib/gcc/arm-none-eabi/13.2.1/thumb/v7e-m/nofp\libg_nano.a(libc_a-makebuf.o)
 .debug_frame   0x0000138c       0x40 C:/ABOV/eMStudio32/bin/13.2 Rel1/bin/../lib/gcc/arm-none-eabi/13.2.1/thumb/v7e-m/nofp\libg_nano.a(libc_a-wbuf.o)
 .debug_frame   0x000013cc       0x2c C:/ABOV/eMStudio32/bin/13.2 Rel1/bin/../lib/gcc/arm-none-eabi/13.2.1/thumb/v7e-m/nofp\libg_nano.a(libc_a-wsetup.o)
 .debug_frame   0x000013f8       0x28 C:/ABOV/eMStudio32/bin/13.2 Rel1/bin/../lib/gcc/arm-none-eabi/13.2.1/thumb/v7e-m/nofp\libg_nano.a(libc_a-memmove.o)
 .debug_frame   0x00001420       0x2c C:/ABOV/eMStudio32/bin/13.2 Rel1/bin/../lib/gcc/arm-none-eabi/13.2.1/thumb/v7e-m/nofp\libg_nano.a(libc_a-fstatr.o)
 .debug_frame   0x0000144c       0x2c C:/ABOV/eMStudio32/bin/13.2 Rel1/bin/../lib/gcc/arm-none-eabi/13.2.1/thumb/v7e-m/nofp\libg_nano.a(libc_a-isattyr.o)
 .debug_frame   0x00001478       0x2c C:/ABOV/eMStudio32/bin/13.2 Rel1/bin/../lib/gcc/arm-none-eabi/13.2.1/thumb/v7e-m/nofp\libg_nano.a(libc_a-sbrkr.o)
 .debug_frame   0x000014a4       0x28 C:/ABOV/eMStudio32/bin/13.2 Rel1/bin/../lib/gcc/arm-none-eabi/13.2.1/thumb/v7e-m/nofp\libg_nano.a(libc_a-memcpy-stub.o)
 .debug_frame   0x000014cc       0x3c C:/ABOV/eMStudio32/bin/13.2 Rel1/bin/../lib/gcc/arm-none-eabi/13.2.1/thumb/v7e-m/nofp\libg_nano.a(libc_a-reallocr.o)
 .debug_frame   0x00001508       0x20 C:/ABOV/eMStudio32/bin/13.2 Rel1/bin/../lib/gcc/arm-none-eabi/13.2.1/thumb/v7e-m/nofp\libg_nano.a(libc_a-msizer.o)
 .debug_frame   0x00001528       0x20 C:/ABOV/eMStudio32/bin/13.2 Rel1/bin/../lib/gcc/arm-none-eabi/13.2.1/thumb/v7e-m/nofp\libnosys.a(sbrk.o)
 .debug_frame   0x00001548       0x20 C:/ABOV/eMStudio32/bin/13.2 Rel1/bin/../lib/gcc/arm-none-eabi/13.2.1/thumb/v7e-m/nofp\libnosys.a(_exit.o)
